03:49:38 **** Incremental Build of configuration Debug for project F103_GPIO_RCC_STK ****
make -j8 all 
arm-none-eabi-gcc "../Src/main.c" -mcpu=cortex-m3 -std=gnu11 -g3 -DDEBUG -DSTM32 -DSTM32F1 -DSTM32F103C8Tx -c -I../Inc -O0 -ffunction-sections -fdata-sections -Wall -fstack-usage -fcyclomatic-complexity -MMD -MP -MF"Src/main.d" -MT"Src/main.o" --specs=nano.specs -mfloat-abi=soft -mthumb -o "Src/main.o"
arm-none-eabi-gcc -o "F103_GPIO_RCC_STK.elf" @"objects.list"   -mcpu=cortex-m3 -T"D:\.Amgad_Advanced Diploma\Diploma_Work\stm_project\F103_GPIO_RCC_STK\STM32F103C8TX_FLASH.ld" --specs=nosys.specs -Wl,-Map="F103_GPIO_RCC_STK.map" -Wl,--gc-sections -static --specs=nano.specs -mfloat-abi=soft -mthumb -Wl,--start-group -lc -lm -Wl,--end-group
Finished building target: F103_GPIO_RCC_STK.elf
 
arm-none-eabi-size   F103_GPIO_RCC_STK.elf 
arm-none-eabi-objdump -h -S  F103_GPIO_RCC_STK.elf  > "F103_GPIO_RCC_STK.list"
   text	   data	    bss	    dec	    hex	filename
   1660	     36	   1572	   3268	    cc4	F103_GPIO_RCC_STK.elf
Finished building: default.size.stdout
 
Finished building: F103_GPIO_RCC_STK.list
 

03:49:39 Build Finished. 0 errors, 0 warnings. (took 636ms)

