18:51:37 **** Incremental Build of configuration Debug for project F103_SPI1 ****
make -j8 all 
arm-none-eabi-gcc "../Core/Src/main.c" -mcpu=cortex-m3 -std=gnu11 -g3 -DDEBUG -DUSE_HAL_DRIVER -DSTM32F103xB -c -I../Core/Inc -I../Drivers/STM32F1xx_HAL_Driver/Inc/Legacy -I../Drivers/STM32F1xx_HAL_Driver/Inc -I../Drivers/CMSIS/Device/ST/STM32F1xx/Include -I../Drivers/CMSIS/Include -O0 -ffunction-sections -fdata-sections -Wall -fstack-usage -fcyclomatic-complexity -MMD -MP -MF"Core/Src/main.d" -MT"Core/Src/main.o" --specs=nano.specs -mfloat-abi=soft -mthumb -o "Core/Src/main.o"
arm-none-eabi-gcc -o "F103_SPI1.elf" @"objects.list"   -mcpu=cortex-m3 -T"D:\.Amgad_Advanced Diploma\Diploma_Work\stm_project\F103_SPI1\STM32F103C8TX_FLASH.ld" --specs=nosys.specs -Wl,-Map="F103_SPI1.map" -Wl,--gc-sections -static --specs=nano.specs -mfloat-abi=soft -mthumb -Wl,--start-group -lc -lm -Wl,--end-group
Finished building target: F103_SPI1.elf
 
arm-none-eabi-size   F103_SPI1.elf 
arm-none-eabi-objdump -h -S  F103_SPI1.elf  > "F103_SPI1.list"
   text	   data	    bss	    dec	    hex	filename
   6072	     24	   1664	   7760	   1e50	F103_SPI1.elf
Finished building: default.size.stdout
 
Finished building: F103_SPI1.list
 

18:51:37 Build Finished. 0 errors, 0 warnings. (took 629ms)

