20:21:58 **** Incremental Build of configuration Debug for project F446RE_DMA_DEMO ****
make -j8 all 
arm-none-eabi-gcc "../Core/Src/stm32f4xx_it.c" -mcpu=cortex-m4 -std=gnu11 -g3 -DDEBUG -DUSE_HAL_DRIVER -DSTM32F446xx -c -I../Core/Inc -I../Drivers/STM32F4xx_HAL_Driver/Inc -I../Drivers/STM32F4xx_HAL_Driver/Inc/Legacy -I../Drivers/CMSIS/Device/ST/STM32F4xx/Include -I../Drivers/CMSIS/Include -O0 -ffunction-sections -fdata-sections -Wall -fstack-usage -fcyclomatic-complexity -MMD -MP -MF"Core/Src/stm32f4xx_it.d" -MT"Core/Src/stm32f4xx_it.o" --specs=nano.specs -mfpu=fpv4-sp-d16 -mfloat-abi=hard -mthumb -o "Core/Src/stm32f4xx_it.o"
arm-none-eabi-gcc -o "F446RE_DMA_DEMO.elf" @"objects.list"   -mcpu=cortex-m4 -T"D:\.Amgad_Advanced Diploma\Diploma_Work\stm_project\F446RE_DMA_DEMO\STM32F446RETX_FLASH.ld" --specs=nosys.specs -Wl,-Map="F446RE_DMA_DEMO.map" -Wl,--gc-sections -static --specs=nano.specs -mfpu=fpv4-sp-d16 -mfloat-abi=hard -mthumb -Wl,--start-group -lc -lm -Wl,--end-group
Finished building target: F446RE_DMA_DEMO.elf
 
arm-none-eabi-size   F446RE_DMA_DEMO.elf 
arm-none-eabi-objdump -h -S  F446RE_DMA_DEMO.elf  > "F446RE_DMA_DEMO.list"
   text	   data	    bss	    dec	    hex	filename
  11480	     20	   1692	  13192	   3388	F446RE_DMA_DEMO.elf
Finished building: default.size.stdout
 
Finished building: F446RE_DMA_DEMO.list
 

20:21:59 Build Finished. 0 errors, 0 warnings. (took 1s.67ms)

