19:41:42 **** Incremental Build of configuration Debug for project F446RE_LED ****
make -j8 all 
arm-none-eabi-gcc "../Src/main.c" -mcpu=cortex-m4 -std=gnu11 -g3 -DDEBUG -DSTM32 -DSTM32F4 -DSTM32F446RETx -DNUCLEO_F446RE -c -I../Inc -O0 -ffunction-sections -fdata-sections -Wall -fstack-usage -fcyclomatic-complexity -MMD -MP -MF"Src/main.d" -MT"Src/main.o" --specs=nano.specs -mfpu=fpv4-sp-d16 -mfloat-abi=hard -mthumb -o "Src/main.o"
arm-none-eabi-gcc -o "F446RE_LED.elf" @"objects.list"   -mcpu=cortex-m4 -T"D:\.Amgad_Advanced Diploma\Diploma_Work\stm_project\F446RE_LED\STM32F446RETX_FLASH.ld" --specs=nosys.specs -Wl,-Map="F446RE_LED.map" -Wl,--gc-sections -static --specs=nano.specs -mfpu=fpv4-sp-d16 -mfloat-abi=hard -mthumb -Wl,--start-group -lc -lm -Wl,--end-group
Finished building target: F446RE_LED.elf
 
arm-none-eabi-size   F446RE_LED.elf 
arm-none-eabi-objdump -h -S  F446RE_LED.elf  > "F446RE_LED.list"
   text	   data	    bss	    dec	    hex	filename
   1536	     52	   1564	   3152	    c50	F446RE_LED.elf
Finished building: default.size.stdout
 
Finished building: F446RE_LED.list
 

19:41:42 Build Finished. 0 errors, 0 warnings. (took 471ms)

