16:31:08 **** Incremental Build of configuration Debug for project Stack ****
make -j8 all 
arm-none-eabi-gcc "../Src/main.c" -mcpu=cortex-m4 -std=gnu11 -g3 -DDEBUG -DSTM32 -DSTM32F4 -DSTM32F446RETx -DNUCLEO_F446RE -c -I../Inc -O0 -ffunction-sections -fdata-sections -Wall -fstack-usage -fcyclomatic-complexity -MMD -MP -MF"Src/main.d" -MT"Src/main.o" --specs=nano.specs -mfpu=fpv4-sp-d16 -mfloat-abi=hard -mthumb -o "Src/main.o"
arm-none-eabi-gcc -o "Stack.elf" @"objects.list"   -mcpu=cortex-m4 -T"D:\Amgad_Advanced Diploma\stm_project\Stack\STM32F446RETX_FLASH.ld" --specs=nosys.specs -Wl,-Map="Stack.map" -Wl,--gc-sections -static --specs=nano.specs -mfpu=fpv4-sp-d16 -mfloat-abi=hard -mthumb -Wl,--start-group -lc -lm -Wl,--end-group
Finished building target: Stack.elf
 
arm-none-eabi-size   Stack.elf 
arm-none-eabi-objdump -h -S  Stack.elf  > "Stack.list"
   text	   data	    bss	    dec	    hex	filename
   5396	    108	   1588	   7092	   1bb4	Stack.elf
Finished building: default.size.stdout
 
Finished building: Stack.list
 
16:31:20 **** Incremental Build of configuration Debug for project Stack ****
make -j8 all 
arm-none-eabi-size   Stack.elf 
   text	   data	    bss	    dec	    hex	filename
   5396	    108	   1588	   7092	   1bb4	Stack.elf
Finished building: default.size.stdout
 
14:52:41 **** Incremental Build of configuration Debug for project Stack ****
make -j8 all 
arm-none-eabi-gcc "../Src/main.c" -mcpu=cortex-m4 -std=gnu11 -g3 -DDEBUG -DSTM32 -DSTM32F4 -DSTM32F446RETx -DNUCLEO_F446RE -c -I../Inc -O0 -ffunction-sections -fdata-sections -Wall -fstack-usage -fcyclomatic-complexity -MMD -MP -MF"Src/main.d" -MT"Src/main.o" --specs=nano.specs -mfpu=fpv4-sp-d16 -mfloat-abi=hard -mthumb -o "Src/main.o"
../Src/main.c: In function 'add':
../Src/main.c:52:14: warning: 'return' with a value, in function returning void [-Wreturn-type]
   52 |  return x+y+z+w;
      |         ~~~~~^~
../Src/main.c:50:6: note: declared here
   50 | void add(int x,int y,int z,int w)
      |      ^~~
arm-none-eabi-gcc -o "Stack.elf" @"objects.list"   -mcpu=cortex-m4 -T"D:\Amgad_Advanced Diploma\stm_project\Stack\STM32F446RETX_FLASH.ld" --specs=nosys.specs -Wl,-Map="Stack.map" -Wl,--gc-sections -static --specs=nano.specs -mfpu=fpv4-sp-d16 -mfloat-abi=hard -mthumb -Wl,--start-group -lc -lm -Wl,--end-group
Finished building target: Stack.elf
 
arm-none-eabi-size   Stack.elf 
arm-none-eabi-objdump -h -S  Stack.elf  > "Stack.list"
   text	   data	    bss	    dec	    hex	filename
   5432	    108	   1588	   7128	   1bd8	Stack.elf
Finished building: default.size.stdout
 
Finished building: Stack.list
 
14:59:01 **** Incremental Build of configuration Debug for project Stack ****
make -j8 all 
arm-none-eabi-gcc "../Src/main.c" -mcpu=cortex-m4 -std=gnu11 -g3 -DDEBUG -DSTM32 -DSTM32F4 -DSTM32F446RETx -DNUCLEO_F446RE -c -I../Inc -O0 -ffunction-sections -fdata-sections -Wall -fstack-usage -fcyclomatic-complexity -MMD -MP -MF"Src/main.d" -MT"Src/main.o" --specs=nano.specs -mfpu=fpv4-sp-d16 -mfloat-abi=hard -mthumb -o "Src/main.o"
../Src/main.c: In function 'add':
../Src/main.c:56:14: warning: 'return' with a value, in function returning void [-Wreturn-type]
   56 |  return x+y+z+w;
      |         ~~~~~^~
../Src/main.c:54:6: note: declared here
   54 | void add(int x,int y,int z,int w)
      |      ^~~
arm-none-eabi-gcc -o "Stack.elf" @"objects.list"   -mcpu=cortex-m4 -T"D:\Amgad_Advanced Diploma\stm_project\Stack\STM32F446RETX_FLASH.ld" --specs=nosys.specs -Wl,-Map="Stack.map" -Wl,--gc-sections -static --specs=nano.specs -mfpu=fpv4-sp-d16 -mfloat-abi=hard -mthumb -Wl,--start-group -lc -lm -Wl,--end-group
Finished building target: Stack.elf
 
arm-none-eabi-size   Stack.elf 
arm-none-eabi-objdump -h -S  Stack.elf  > "Stack.list"
   text	   data	    bss	    dec	    hex	filename
   5436	    108	   1588	   7132	   1bdc	Stack.elf
Finished building: default.size.stdout
 
Finished building: Stack.list
 
15:10:52 **** Incremental Build of configuration Debug for project Stack ****
make -j8 all 
arm-none-eabi-size   Stack.elf 
   text	   data	    bss	    dec	    hex	filename
   5436	    108	   1588	   7132	   1bdc	Stack.elf
Finished building: default.size.stdout
 
19:44:37 **** Build of configuration Debug for project F103_GPIO_RCC_STK ****
make -j8 all 
arm-none-eabi-gcc -mcpu=cortex-m3 -g3 -DDEBUG -c -x assembler-with-cpp -MMD -MP -MF"Startup/startup_stm32f103c8tx.d" -MT"Startup/startup_stm32f103c8tx.o" --specs=nano.specs -mfloat-abi=soft -mthumb -o "Startup/startup_stm32f103c8tx.o" "../Startup/startup_stm32f103c8tx.s"
arm-none-eabi-gcc "../Src/GPIO_prg.c" -mcpu=cortex-m3 -std=gnu11 -g3 -DDEBUG -DSTM32 -DSTM32F1 -DSTM32F103C8Tx -c -I../Inc -O0 -ffunction-sections -fdata-sections -Wall -fstack-usage -fcyclomatic-complexity -MMD -MP -MF"Src/GPIO_prg.d" -MT"Src/GPIO_prg.o" --specs=nano.specs -mfloat-abi=soft -mthumb -o "Src/GPIO_prg.o"
arm-none-eabi-gcc "../Src/RCC_prg.c" -mcpu=cortex-m3 -std=gnu11 -g3 -DDEBUG -DSTM32 -DSTM32F1 -DSTM32F103C8Tx -c -I../Inc -O0 -ffunction-sections -fdata-sections -Wall -fstack-usage -fcyclomatic-complexity -MMD -MP -MF"Src/RCC_prg.d" -MT"Src/RCC_prg.o" --specs=nano.specs -mfloat-abi=soft -mthumb -o "Src/RCC_prg.o"
arm-none-eabi-gcc "../Src/SysTick_prg.c" -mcpu=cortex-m3 -std=gnu11 -g3 -DDEBUG -DSTM32 -DSTM32F1 -DSTM32F103C8Tx -c -I../Inc -O0 -ffunction-sections -fdata-sections -Wall -fstack-usage -fcyclomatic-complexity -MMD -MP -MF"Src/SysTick_prg.d" -MT"Src/SysTick_prg.o" --specs=nano.specs -mfloat-abi=soft -mthumb -o "Src/SysTick_prg.o"
arm-none-eabi-gcc "../Src/main.c" -mcpu=cortex-m3 -std=gnu11 -g3 -DDEBUG -DSTM32 -DSTM32F1 -DSTM32F103C8Tx -c -I../Inc -O0 -ffunction-sections -fdata-sections -Wall -fstack-usage -fcyclomatic-complexity -MMD -MP -MF"Src/main.d" -MT"Src/main.o" --specs=nano.specs -mfloat-abi=soft -mthumb -o "Src/main.o"
arm-none-eabi-gcc "../Src/syscalls.c" -mcpu=cortex-m3 -std=gnu11 -g3 -DDEBUG -DSTM32 -DSTM32F1 -DSTM32F103C8Tx -c -I../Inc -O0 -ffunction-sections -fdata-sections -Wall -fstack-usage -fcyclomatic-complexity -MMD -MP -MF"Src/syscalls.d" -MT"Src/syscalls.o" --specs=nano.specs -mfloat-abi=soft -mthumb -o "Src/syscalls.o"
arm-none-eabi-gcc "../Src/sysmem.c" -mcpu=cortex-m3 -std=gnu11 -g3 -DDEBUG -DSTM32 -DSTM32F1 -DSTM32F103C8Tx -c -I../Inc -O0 -ffunction-sections -fdata-sections -Wall -fstack-usage -fcyclomatic-complexity -MMD -MP -MF"Src/sysmem.d" -MT"Src/sysmem.o" --specs=nano.specs -mfloat-abi=soft -mthumb -o "Src/sysmem.o"
In file included from ../Src/RCC_prg.c:1:
../Inc/RCC_int.h:5:10: fatal error: RCC_Private.h: No such file or directory
    5 | #include "RCC_Private.h"
      |          ^~~~~~~~~~~~~~~
compilation terminated.
../Src/GPIO_prg.c:9:10: fatal error: STM32F301.h: No such file or directory
    9 | #include "STM32F301.h"
      |          ^~~~~~~~~~~~~
compilation terminated.
In file included from ../Src/SysTick_prg.c:1:
../Inc/SysTick_int.h:6:10: fatal error: STM32f446xx.h: No such file or directory
    6 | #include "STM32f446xx.h"
      |          ^~~~~~~~~~~~~~~
compilation terminated.
make: *** [Src/subdir.mk:34: Src/GPIO_prg.o] Error 1
make: *** Waiting for unfinished jobs....
make: *** [Src/subdir.mk:34: Src/RCC_prg.o] Error 1
In file included from ../Src/main.c:23:
../Inc/RCC_int.h:5:10: fatal error: RCC_Private.h: No such file or directory
    5 | #include "RCC_Private.h"
      |          ^~~~~~~~~~~~~~~
compilation terminated.
make: *** [Src/subdir.mk:34: Src/main.o] Error 1
make: *** [Src/subdir.mk:34: Src/SysTick_prg.o] Error 1
"make -j8 all" terminated with exit code 2. Build might be incomplete.
19:46:04 **** Incremental Build of configuration Debug for project F103_GPIO_RCC_STK ****
make -j8 all 
arm-none-eabi-gcc "../Src/GPIO_prg.c" -mcpu=cortex-m3 -std=gnu11 -g3 -DDEBUG -DSTM32 -DSTM32F1 -DSTM32F103C8Tx -c -I../Inc -O0 -ffunction-sections -fdata-sections -Wall -fstack-usage -fcyclomatic-complexity -MMD -MP -MF"Src/GPIO_prg.d" -MT"Src/GPIO_prg.o" --specs=nano.specs -mfloat-abi=soft -mthumb -o "Src/GPIO_prg.o"
arm-none-eabi-gcc "../Src/RCC_prg.c" -mcpu=cortex-m3 -std=gnu11 -g3 -DDEBUG -DSTM32 -DSTM32F1 -DSTM32F103C8Tx -c -I../Inc -O0 -ffunction-sections -fdata-sections -Wall -fstack-usage -fcyclomatic-complexity -MMD -MP -MF"Src/RCC_prg.d" -MT"Src/RCC_prg.o" --specs=nano.specs -mfloat-abi=soft -mthumb -o "Src/RCC_prg.o"
arm-none-eabi-gcc "../Src/SysTick_prg.c" -mcpu=cortex-m3 -std=gnu11 -g3 -DDEBUG -DSTM32 -DSTM32F1 -DSTM32F103C8Tx -c -I../Inc -O0 -ffunction-sections -fdata-sections -Wall -fstack-usage -fcyclomatic-complexity -MMD -MP -MF"Src/SysTick_prg.d" -MT"Src/SysTick_prg.o" --specs=nano.specs -mfloat-abi=soft -mthumb -o "Src/SysTick_prg.o"
arm-none-eabi-gcc "../Src/main.c" -mcpu=cortex-m3 -std=gnu11 -g3 -DDEBUG -DSTM32 -DSTM32F1 -DSTM32F103C8Tx -c -I../Inc -O0 -ffunction-sections -fdata-sections -Wall -fstack-usage -fcyclomatic-complexity -MMD -MP -MF"Src/main.d" -MT"Src/main.o" --specs=nano.specs -mfloat-abi=soft -mthumb -o "Src/main.o"
../Src/GPIO_prg.c:9:10: fatal error: STM32F301.h: No such file or directory
    9 | #include "STM32F301.h"
      |          ^~~~~~~~~~~~~
compilation terminated.
In file included from ../Src/SysTick_prg.c:1:
../Inc/SysTick_int.h:6:10: fatal error: STM32f446xx.h: No such file or directory
    6 | #include "STM32f446xx.h"
      |          ^~~~~~~~~~~~~~~
compilation terminated.
make: *** [Src/subdir.mk:34: Src/SysTick_prg.o] Error 1
make: *** Waiting for unfinished jobs....
make: *** [Src/subdir.mk:34: Src/GPIO_prg.o] Error 1
../Src/RCC_prg.c: In function 'RCC_PLLCONFIG':
../Src/RCC_prg.c:64:2: warning: enumeration value 'PLL_clock' not handled in switch [-Wswitch]
   64 |  switch(copy_tCLKtype)
      |  ^~~~~~
In file included from ../Inc/RCC_prv.h:6,
                 from ../Inc/RCC_int.h:5,
                 from ../Src/RCC_prg.c:1:
../Src/RCC_prg.c: In function 'RCC_AHBEnableCLK':
../Src/RCC_prg.c:87:15: error: 'RCC_RegDef_t' has no member named 'RCC_AHBENR'; did you mean 'AHBENR'?
   87 |  SET_BIT(RCC->RCC_AHBENR,peripheral);
      |               ^~~~~~~~~~
../Inc/Utils.h:13:27: note: in definition of macro 'SET_BIT'
   13 | #define SET_BIT(REG,BIT) (REG|=(1<<BIT))
      |                           ^~~
../Src/RCC_prg.c: In function 'RCC_AHBDisableCLK':
../Src/RCC_prg.c:91:17: error: 'RCC_RegDef_t' has no member named 'RCC_AHBENR'; did you mean 'AHBENR'?
   91 |  CLEAR_BIT(RCC->RCC_AHBENR,peripheral);
      |                 ^~~~~~~~~~
../Inc/Utils.h:16:29: note: in definition of macro 'CLEAR_BIT'
   16 | #define CLEAR_BIT(REG,BIT) (REG&=(~(1<<BIT)))
      |                             ^~~
../Src/RCC_prg.c: In function 'RCC_APB1EnableCLK':
../Src/RCC_prg.c:97:15: error: 'RCC_RegDef_t' has no member named 'RCC_APB1ENR'; did you mean 'APB1ENR'?
   97 |  SET_BIT(RCC->RCC_APB1ENR,peripheral);
      |               ^~~~~~~~~~~
../Inc/Utils.h:13:27: note: in definition of macro 'SET_BIT'
   13 | #define SET_BIT(REG,BIT) (REG|=(1<<BIT))
      |                           ^~~
../Src/RCC_prg.c: In function 'RCC_APB1DisableCLK':
../Src/RCC_prg.c:102:17: error: 'RCC_RegDef_t' has no member named 'RCC_APB1ENR'; did you mean 'APB1ENR'?
  102 |  CLEAR_BIT(RCC->RCC_APB1ENR,peripheral);
      |                 ^~~~~~~~~~~
../Inc/Utils.h:16:29: note: in definition of macro 'CLEAR_BIT'
   16 | #define CLEAR_BIT(REG,BIT) (REG&=(~(1<<BIT)))
      |                             ^~~
../Src/RCC_prg.c: In function 'RCC_APB2EnableCLK':
../Src/RCC_prg.c:108:15: error: 'RCC_RegDef_t' has no member named 'RCC_APB2ENR'; did you mean 'APB2ENR'?
  108 |  SET_BIT(RCC->RCC_APB2ENR,peripheral);
      |               ^~~~~~~~~~~
../Inc/Utils.h:13:27: note: in definition of macro 'SET_BIT'
   13 | #define SET_BIT(REG,BIT) (REG|=(1<<BIT))
      |                           ^~~
../Src/RCC_prg.c: In function 'RCC_APB2DisableCLK':
../Src/RCC_prg.c:113:17: error: 'RCC_RegDef_t' has no member named 'RCC_APB2ENR'; did you mean 'APB2ENR'?
  113 |  CLEAR_BIT(RCC->RCC_APB2ENR,peripheral);
      |                 ^~~~~~~~~~~
../Inc/Utils.h:16:29: note: in definition of macro 'CLEAR_BIT'
   16 | #define CLEAR_BIT(REG,BIT) (REG&=(~(1<<BIT)))
      |                             ^~~
In file included from ../Src/main.c:24:
../Inc/SysTick_int.h:6:10: fatal error: STM32f446xx.h: No such file or directory
    6 | #include "STM32f446xx.h"
      |          ^~~~~~~~~~~~~~~
compilation terminated.
make: *** [Src/subdir.mk:34: Src/RCC_prg.o] Error 1
make: *** [Src/subdir.mk:34: Src/main.o] Error 1
"make -j8 all" terminated with exit code 2. Build might be incomplete.
19:46:24 **** Incremental Build of configuration Debug for project F103_GPIO_RCC_STK ****
make -j8 all 
arm-none-eabi-gcc "../Src/GPIO_prg.c" -mcpu=cortex-m3 -std=gnu11 -g3 -DDEBUG -DSTM32 -DSTM32F1 -DSTM32F103C8Tx -c -I../Inc -O0 -ffunction-sections -fdata-sections -Wall -fstack-usage -fcyclomatic-complexity -MMD -MP -MF"Src/GPIO_prg.d" -MT"Src/GPIO_prg.o" --specs=nano.specs -mfloat-abi=soft -mthumb -o "Src/GPIO_prg.o"
arm-none-eabi-gcc "../Src/RCC_prg.c" -mcpu=cortex-m3 -std=gnu11 -g3 -DDEBUG -DSTM32 -DSTM32F1 -DSTM32F103C8Tx -c -I../Inc -O0 -ffunction-sections -fdata-sections -Wall -fstack-usage -fcyclomatic-complexity -MMD -MP -MF"Src/RCC_prg.d" -MT"Src/RCC_prg.o" --specs=nano.specs -mfloat-abi=soft -mthumb -o "Src/RCC_prg.o"
arm-none-eabi-gcc "../Src/SysTick_prg.c" -mcpu=cortex-m3 -std=gnu11 -g3 -DDEBUG -DSTM32 -DSTM32F1 -DSTM32F103C8Tx -c -I../Inc -O0 -ffunction-sections -fdata-sections -Wall -fstack-usage -fcyclomatic-complexity -MMD -MP -MF"Src/SysTick_prg.d" -MT"Src/SysTick_prg.o" --specs=nano.specs -mfloat-abi=soft -mthumb -o "Src/SysTick_prg.o"
arm-none-eabi-gcc "../Src/main.c" -mcpu=cortex-m3 -std=gnu11 -g3 -DDEBUG -DSTM32 -DSTM32F1 -DSTM32F103C8Tx -c -I../Inc -O0 -ffunction-sections -fdata-sections -Wall -fstack-usage -fcyclomatic-complexity -MMD -MP -MF"Src/main.d" -MT"Src/main.o" --specs=nano.specs -mfloat-abi=soft -mthumb -o "Src/main.o"
../Src/GPIO_prg.c:9:10: fatal error: STM32F301.h: No such file or directory
    9 | #include "STM32F301.h"
      |          ^~~~~~~~~~~~~
compilation terminated.
make: *** [Src/subdir.mk:34: Src/GPIO_prg.o] Error 1
make: *** Waiting for unfinished jobs....
In file included from ../Src/SysTick_prg.c:1:
../Inc/SysTick_int.h:6:10: fatal error: STM32f446xx.h: No such file or directory
    6 | #include "STM32f446xx.h"
      |          ^~~~~~~~~~~~~~~
compilation terminated.
../Src/RCC_prg.c: In function 'RCC_PLLCONFIG':
../Src/RCC_prg.c:64:2: warning: enumeration value 'PLL_clock' not handled in switch [-Wswitch]
   64 |  switch(copy_tCLKtype)
      |  ^~~~~~
In file included from ../Inc/RCC_prv.h:6,
                 from ../Inc/RCC_int.h:5,
                 from ../Src/RCC_prg.c:1:
../Src/RCC_prg.c: In function 'RCC_AHBEnableCLK':
../Src/RCC_prg.c:87:15: error: 'RCC_RegDef_t' has no member named 'RCC_AHBENR'; did you mean 'AHBENR'?
   87 |  SET_BIT(RCC->RCC_AHBENR,peripheral);
      |               ^~~~~~~~~~
../Inc/Utils.h:13:27: note: in definition of macro 'SET_BIT'
   13 | #define SET_BIT(REG,BIT) (REG|=(1<<BIT))
      |                           ^~~
../Src/RCC_prg.c: In function 'RCC_AHBDisableCLK':
make: *** [Src/subdir.mk:34: Src/SysTick_prg.o] Error 1
../Src/RCC_prg.c:91:17: error: 'RCC_RegDef_t' has no member named 'RCC_AHBENR'; did you mean 'AHBENR'?
   91 |  CLEAR_BIT(RCC->RCC_AHBENR,peripheral);
      |                 ^~~~~~~~~~
../Inc/Utils.h:16:29: note: in definition of macro 'CLEAR_BIT'
   16 | #define CLEAR_BIT(REG,BIT) (REG&=(~(1<<BIT)))
      |                             ^~~
../Src/RCC_prg.c: In function 'RCC_APB1EnableCLK':
../Src/RCC_prg.c:97:15: error: 'RCC_RegDef_t' has no member named 'RCC_APB1ENR'; did you mean 'APB1ENR'?
   97 |  SET_BIT(RCC->RCC_APB1ENR,peripheral);
      |               ^~~~~~~~~~~
../Inc/Utils.h:13:27: note: in definition of macro 'SET_BIT'
   13 | #define SET_BIT(REG,BIT) (REG|=(1<<BIT))
      |                           ^~~
../Src/RCC_prg.c: In function 'RCC_APB1DisableCLK':
../Src/RCC_prg.c:102:17: error: 'RCC_RegDef_t' has no member named 'RCC_APB1ENR'; did you mean 'APB1ENR'?
  102 |  CLEAR_BIT(RCC->RCC_APB1ENR,peripheral);
      |                 ^~~~~~~~~~~
../Inc/Utils.h:16:29: note: in definition of macro 'CLEAR_BIT'
   16 | #define CLEAR_BIT(REG,BIT) (REG&=(~(1<<BIT)))
      |                             ^~~
../Src/RCC_prg.c: In function 'RCC_APB2EnableCLK':
../Src/RCC_prg.c:108:15: error: 'RCC_RegDef_t' has no member named 'RCC_APB2ENR'; did you mean 'APB2ENR'?
  108 |  SET_BIT(RCC->RCC_APB2ENR,peripheral);
      |               ^~~~~~~~~~~
../Inc/Utils.h:13:27: note: in definition of macro 'SET_BIT'
   13 | #define SET_BIT(REG,BIT) (REG|=(1<<BIT))
      |                           ^~~
../Src/RCC_prg.c: In function 'RCC_APB2DisableCLK':
../Src/RCC_prg.c:113:17: error: 'RCC_RegDef_t' has no member named 'RCC_APB2ENR'; did you mean 'APB2ENR'?
  113 |  CLEAR_BIT(RCC->RCC_APB2ENR,peripheral);
      |                 ^~~~~~~~~~~
../Inc/Utils.h:16:29: note: in definition of macro 'CLEAR_BIT'
   16 | #define CLEAR_BIT(REG,BIT) (REG&=(~(1<<BIT)))
      |                             ^~~
In file included from ../Src/main.c:24:
../Inc/SysTick_int.h:6:10: fatal error: STM32f446xx.h: No such file or directory
    6 | #include "STM32f446xx.h"
      |          ^~~~~~~~~~~~~~~
compilation terminated.
make: *** [Src/subdir.mk:34: Src/RCC_prg.o] Error 1
make: *** [Src/subdir.mk:34: Src/main.o] Error 1
"make -j8 all" terminated with exit code 2. Build might be incomplete.
19:46:52 **** Incremental Build of configuration Debug for project F103_GPIO_RCC_STK ****
make -j8 all 
arm-none-eabi-gcc "../Src/GPIO_prg.c" -mcpu=cortex-m3 -std=gnu11 -g3 -DDEBUG -DSTM32 -DSTM32F1 -DSTM32F103C8Tx -c -I../Inc -O0 -ffunction-sections -fdata-sections -Wall -fstack-usage -fcyclomatic-complexity -MMD -MP -MF"Src/GPIO_prg.d" -MT"Src/GPIO_prg.o" --specs=nano.specs -mfloat-abi=soft -mthumb -o "Src/GPIO_prg.o"
arm-none-eabi-gcc "../Src/RCC_prg.c" -mcpu=cortex-m3 -std=gnu11 -g3 -DDEBUG -DSTM32 -DSTM32F1 -DSTM32F103C8Tx -c -I../Inc -O0 -ffunction-sections -fdata-sections -Wall -fstack-usage -fcyclomatic-complexity -MMD -MP -MF"Src/RCC_prg.d" -MT"Src/RCC_prg.o" --specs=nano.specs -mfloat-abi=soft -mthumb -o "Src/RCC_prg.o"
arm-none-eabi-gcc "../Src/SysTick_prg.c" -mcpu=cortex-m3 -std=gnu11 -g3 -DDEBUG -DSTM32 -DSTM32F1 -DSTM32F103C8Tx -c -I../Inc -O0 -ffunction-sections -fdata-sections -Wall -fstack-usage -fcyclomatic-complexity -MMD -MP -MF"Src/SysTick_prg.d" -MT"Src/SysTick_prg.o" --specs=nano.specs -mfloat-abi=soft -mthumb -o "Src/SysTick_prg.o"
arm-none-eabi-gcc "../Src/main.c" -mcpu=cortex-m3 -std=gnu11 -g3 -DDEBUG -DSTM32 -DSTM32F1 -DSTM32F103C8Tx -c -I../Inc -O0 -ffunction-sections -fdata-sections -Wall -fstack-usage -fcyclomatic-complexity -MMD -MP -MF"Src/main.d" -MT"Src/main.o" --specs=nano.specs -mfloat-abi=soft -mthumb -o "Src/main.o"
In file included from ../Src/SysTick_prg.c:1:
../Inc/SysTick_int.h:6:10: fatal error: STM32f446xx.h: No such file or directory
    6 | #include "STM32f446xx.h"
      |          ^~~~~~~~~~~~~~~
compilation terminated.
make: *** [Src/subdir.mk:34: Src/SysTick_prg.o] Error 1
make: *** Waiting for unfinished jobs....
../Src/RCC_prg.c: In function 'RCC_PLLCONFIG':
../Src/RCC_prg.c:64:2: warning: enumeration value 'PLL_clock' not handled in switch [-Wswitch]
   64 |  switch(copy_tCLKtype)
      |  ^~~~~~
In file included from ../Inc/RCC_prv.h:6,
                 from ../Inc/RCC_int.h:5,
                 from ../Src/RCC_prg.c:1:
../Src/RCC_prg.c: In function 'RCC_AHBEnableCLK':
../Src/RCC_prg.c:87:15: error: 'RCC_RegDef_t' has no member named 'RCC_AHBENR'; did you mean 'AHBENR'?
   87 |  SET_BIT(RCC->RCC_AHBENR,peripheral);
      |               ^~~~~~~~~~
../Inc/Utils.h:13:27: note: in definition of macro 'SET_BIT'
   13 | #define SET_BIT(REG,BIT) (REG|=(1<<BIT))
      |                           ^~~
../Src/RCC_prg.c: In function 'RCC_AHBDisableCLK':
../Src/RCC_prg.c:91:17: error: 'RCC_RegDef_t' has no member named 'RCC_AHBENR'; did you mean 'AHBENR'?
   91 |  CLEAR_BIT(RCC->RCC_AHBENR,peripheral);
      |                 ^~~~~~~~~~
../Inc/Utils.h:16:29: note: in definition of macro 'CLEAR_BIT'
   16 | #define CLEAR_BIT(REG,BIT) (REG&=(~(1<<BIT)))
      |                             ^~~
../Src/RCC_prg.c: In function 'RCC_APB1EnableCLK':
../Src/RCC_prg.c:97:15: error: 'RCC_RegDef_t' has no member named 'RCC_APB1ENR'; did you mean 'APB1ENR'?
   97 |  SET_BIT(RCC->RCC_APB1ENR,peripheral);
      |               ^~~~~~~~~~~
../Inc/Utils.h:13:27: note: in definition of macro 'SET_BIT'
   13 | #define SET_BIT(REG,BIT) (REG|=(1<<BIT))
      |                           ^~~
../Src/RCC_prg.c: In function 'RCC_APB1DisableCLK':
../Src/RCC_prg.c:102:17: error: 'RCC_RegDef_t' has no member named 'RCC_APB1ENR'; did you mean 'APB1ENR'?
  102 |  CLEAR_BIT(RCC->RCC_APB1ENR,peripheral);
      |                 ^~~~~~~~~~~
../Inc/Utils.h:16:29: note: in definition of macro 'CLEAR_BIT'
   16 | #define CLEAR_BIT(REG,BIT) (REG&=(~(1<<BIT)))
      |                             ^~~
../Src/RCC_prg.c: In function 'RCC_APB2EnableCLK':
../Src/RCC_prg.c:108:15: error: 'RCC_RegDef_t' has no member named 'RCC_APB2ENR'; did you mean 'APB2ENR'?
  108 |  SET_BIT(RCC->RCC_APB2ENR,peripheral);
      |               ^~~~~~~~~~~
../Inc/Utils.h:13:27: note: in definition of macro 'SET_BIT'
   13 | #define SET_BIT(REG,BIT) (REG|=(1<<BIT))
      |                           ^~~
../Src/RCC_prg.c: In function 'RCC_APB2DisableCLK':
../Src/RCC_prg.c:113:17: error: 'RCC_RegDef_t' has no member named 'RCC_APB2ENR'; did you mean 'APB2ENR'?
  113 |  CLEAR_BIT(RCC->RCC_APB2ENR,peripheral);
      |                 ^~~~~~~~~~~
../Inc/Utils.h:16:29: note: in definition of macro 'CLEAR_BIT'
   16 | #define CLEAR_BIT(REG,BIT) (REG&=(~(1<<BIT)))
      |                             ^~~
In file included from ../Src/main.c:24:
../Inc/SysTick_int.h:6:10: fatal error: STM32f446xx.h: No such file or directory
    6 | #include "STM32f446xx.h"
      |          ^~~~~~~~~~~~~~~
compilation terminated.
make: *** [Src/subdir.mk:34: Src/RCC_prg.o] Error 1
make: *** [Src/subdir.mk:34: Src/main.o] Error 1
"make -j8 all" terminated with exit code 2. Build might be incomplete.
19:47:08 **** Incremental Build of configuration Debug for project F103_GPIO_RCC_STK ****
make -j8 all 
arm-none-eabi-gcc "../Src/RCC_prg.c" -mcpu=cortex-m3 -std=gnu11 -g3 -DDEBUG -DSTM32 -DSTM32F1 -DSTM32F103C8Tx -c -I../Inc -O0 -ffunction-sections -fdata-sections -Wall -fstack-usage -fcyclomatic-complexity -MMD -MP -MF"Src/RCC_prg.d" -MT"Src/RCC_prg.o" --specs=nano.specs -mfloat-abi=soft -mthumb -o "Src/RCC_prg.o"
arm-none-eabi-gcc "../Src/SysTick_prg.c" -mcpu=cortex-m3 -std=gnu11 -g3 -DDEBUG -DSTM32 -DSTM32F1 -DSTM32F103C8Tx -c -I../Inc -O0 -ffunction-sections -fdata-sections -Wall -fstack-usage -fcyclomatic-complexity -MMD -MP -MF"Src/SysTick_prg.d" -MT"Src/SysTick_prg.o" --specs=nano.specs -mfloat-abi=soft -mthumb -o "Src/SysTick_prg.o"
arm-none-eabi-gcc "../Src/main.c" -mcpu=cortex-m3 -std=gnu11 -g3 -DDEBUG -DSTM32 -DSTM32F1 -DSTM32F103C8Tx -c -I../Inc -O0 -ffunction-sections -fdata-sections -Wall -fstack-usage -fcyclomatic-complexity -MMD -MP -MF"Src/main.d" -MT"Src/main.o" --specs=nano.specs -mfloat-abi=soft -mthumb -o "Src/main.o"
In file included from ../Src/SysTick_prg.c:2:
../Src/SysTick_prg.c: In function 'SysTick_Handler':
../Inc/STM32F103.h:90:22: error: 'MSTK_REG_t' undeclared (first use in this function)
   90 |  #define STK       ((MSTK_REG_t*)SysTick_BASE_ADDRESS)
      |                      ^~~~~~~~~~
../Inc/Utils.h:16:29: note: in definition of macro 'CLEAR_BIT'
   16 | #define CLEAR_BIT(REG,BIT) (REG&=(~(1<<BIT)))
      |                             ^~~
../Src/SysTick_prg.c:12:13: note: in expansion of macro 'STK'
   12 |   CLEAR_BIT(STK->STK_CTRL,ENABLE);
      |             ^~~
../Inc/STM32F103.h:90:22: note: each undeclared identifier is reported only once for each function it appears in
   90 |  #define STK       ((MSTK_REG_t*)SysTick_BASE_ADDRESS)
      |                      ^~~~~~~~~~
../Inc/Utils.h:16:29: note: in definition of macro 'CLEAR_BIT'
   16 | #define CLEAR_BIT(REG,BIT) (REG&=(~(1<<BIT)))
      |                             ^~~
../Src/SysTick_prg.c:12:13: note: in expansion of macro 'STK'
   12 |   CLEAR_BIT(STK->STK_CTRL,ENABLE);
      |             ^~~
../Inc/STM32F103.h:90:33: error: expected expression before ')' token
   90 |  #define STK       ((MSTK_REG_t*)SysTick_BASE_ADDRESS)
      |                                 ^
../Inc/Utils.h:16:29: note: in definition of macro 'CLEAR_BIT'
   16 | #define CLEAR_BIT(REG,BIT) (REG&=(~(1<<BIT)))
      |                             ^~~
../Src/SysTick_prg.c:12:13: note: in expansion of macro 'STK'
   12 |   CLEAR_BIT(STK->STK_CTRL,ENABLE);
      |             ^~~
../Src/SysTick_prg.c: In function 'STK_vInit':
../Inc/STM32F103.h:90:22: error: 'MSTK_REG_t' undeclared (first use in this function)
   90 |  #define STK       ((MSTK_REG_t*)SysTick_BASE_ADDRESS)
      |                      ^~~~~~~~~~
../Inc/Utils.h:16:29: note: in definition of macro 'CLEAR_BIT'
   16 | #define CLEAR_BIT(REG,BIT) (REG&=(~(1<<BIT)))
      |                             ^~~
../Src/SysTick_prg.c:23:12: note: in expansion of macro 'STK'
   23 |  CLEAR_BIT(STK->STK_CTRL,CLKSOURCE); // AHB/8 = 2 MHz
      |            ^~~
../Inc/STM32F103.h:90:33: error: expected expression before ')' token
   90 |  #define STK       ((MSTK_REG_t*)SysTick_BASE_ADDRESS)
      |                                 ^
../Inc/Utils.h:16:29: note: in definition of macro 'CLEAR_BIT'
   16 | #define CLEAR_BIT(REG,BIT) (REG&=(~(1<<BIT)))
      |                             ^~~
../Src/SysTick_prg.c:23:12: note: in expansion of macro 'STK'
   23 |  CLEAR_BIT(STK->STK_CTRL,CLKSOURCE); // AHB/8 = 2 MHz
      |            ^~~
../Inc/STM32F103.h:90:33: error: expected expression before ')' token
   90 |  #define STK       ((MSTK_REG_t*)SysTick_BASE_ADDRESS)
      |                                 ^
../Inc/Utils.h:13:27: note: in definition of macro 'SET_BIT'
   13 | #define SET_BIT(REG,BIT) (REG|=(1<<BIT))
      |                           ^~~
../Src/SysTick_prg.c:26:10: note: in expansion of macro 'STK'
   26 |  SET_BIT(STK->STK_CTRL,TICKINT); // Enable INT
      |          ^~~
../Src/RCC_prg.c: In function 'RCC_PLLCONFIG':
../Src/RCC_prg.c:64:2: warning: enumeration value 'PLL_clock' not handled in switch [-Wswitch]
   64 |  switch(copy_tCLKtype)
      |  ^~~~~~
In file included from ../Inc/RCC_prv.h:6,
                 from ../Inc/RCC_int.h:5,
                 from ../Src/RCC_prg.c:1:
../Src/RCC_prg.c: In function 'RCC_AHBEnableCLK':
../Src/RCC_prg.c:87:15: error: 'RCC_RegDef_t' has no member named 'RCC_AHBENR'; did you mean 'AHBENR'?
   87 |  SET_BIT(RCC->RCC_AHBENR,peripheral);
      |               ^~~~~~~~~~
../Inc/Utils.h:13:27: note: in definition of macro 'SET_BIT'
   13 | #define SET_BIT(REG,BIT) (REG|=(1<<BIT))
      |                           ^~~
In file included from ../Inc/SysTick_int.h:6,
                 from ../Src/SysTick_prg.c:1:
../Src/SysTick_prg.c: In function 'STK_vStartTimer':
../Inc/STM32F103.h:90:22: error: 'MSTK_REG_t' undeclared (first use in this function)
   90 |  #define STK       ((MSTK_REG_t*)SysTick_BASE_ADDRESS)
      |                      ^~~~~~~~~~
../Src/SysTick_prg.c:34:2: note: in expansion of macro 'STK'
   34 |  STK->STK_VAL = 0 ;
      |  ^~~
../Inc/STM32F103.h:90:33: error: expected expression before ')' token
   90 |  #define STK       ((MSTK_REG_t*)SysTick_BASE_ADDRESS)
      |                                 ^
../Src/SysTick_prg.c:34:2: note: in expansion of macro 'STK'
   34 |  STK->STK_VAL = 0 ;
      |  ^~~
../Src/RCC_prg.c: In function 'RCC_AHBDisableCLK':
../Src/RCC_prg.c:91:17: error: 'RCC_RegDef_t' has no member named 'RCC_AHBENR'; did you mean 'AHBENR'?
   91 |  CLEAR_BIT(RCC->RCC_AHBENR,peripheral);
      |                 ^~~~~~~~~~
../Inc/Utils.h:16:29: note: in definition of macro 'CLEAR_BIT'
   16 | #define CLEAR_BIT(REG,BIT) (REG&=(~(1<<BIT)))
      |                             ^~~
../Inc/STM32F103.h:90:33: error: expected expression before ')' token
   90 |  #define STK       ((MSTK_REG_t*)SysTick_BASE_ADDRESS)
      |                                 ^
../Src/SysTick_prg.c:36:2: note: in expansion of macro 'STK'
   36 |  STK->STK_LOAD=copy_u32Ticks;
      |  ^~~
../Src/RCC_prg.c: In function 'RCC_APB1EnableCLK':
../Src/RCC_prg.c:97:15: error: 'RCC_RegDef_t' has no member named 'RCC_APB1ENR'; did you mean 'APB1ENR'?
   97 |  SET_BIT(RCC->RCC_APB1ENR,peripheral);
      |               ^~~~~~~~~~~
../Inc/Utils.h:13:27: note: in definition of macro 'SET_BIT'
   13 | #define SET_BIT(REG,BIT) (REG|=(1<<BIT))
      |                           ^~~
In file included from ../Src/SysTick_prg.c:2:
../Inc/STM32F103.h:90:33: error: expected expression before ')' token
   90 |  #define STK       ((MSTK_REG_t*)SysTick_BASE_ADDRESS)
      |                                 ^
../Inc/Utils.h:13:27: note: in definition of macro 'SET_BIT'
   13 | #define SET_BIT(REG,BIT) (REG|=(1<<BIT))
      |                           ^~~
../Src/SysTick_prg.c:38:10: note: in expansion of macro 'STK'
   38 |  SET_BIT(STK->STK_CTRL,ENABLE);
      |          ^~~
../Src/RCC_prg.c: In function 'RCC_APB1DisableCLK':
../Src/RCC_prg.c:102:17: error: 'RCC_RegDef_t' has no member named 'RCC_APB1ENR'; did you mean 'APB1ENR'?
  102 |  CLEAR_BIT(RCC->RCC_APB1ENR,peripheral);
      |                 ^~~~~~~~~~~
../Inc/Utils.h:16:29: note: in definition of macro 'CLEAR_BIT'
   16 | #define CLEAR_BIT(REG,BIT) (REG&=(~(1<<BIT)))
      |                             ^~~
../Src/RCC_prg.c: In function 'RCC_APB2EnableCLK':
../Src/RCC_prg.c:108:15: error: 'RCC_RegDef_t' has no member named 'RCC_APB2ENR'; did you mean 'APB2ENR'?
  108 |  SET_BIT(RCC->RCC_APB2ENR,peripheral);
      |               ^~~~~~~~~~~
../Inc/Utils.h:13:27: note: in definition of macro 'SET_BIT'
   13 | #define SET_BIT(REG,BIT) (REG|=(1<<BIT))
      |                           ^~~
In file included from ../Inc/SysTick_int.h:6,
                 from ../Src/SysTick_prg.c:1:
../Src/SysTick_prg.c: In function 'STK_vStopTimer':
../Inc/STM32F103.h:90:22: error: 'MSTK_REG_t' undeclared (first use in this function)
   90 |  #define STK       ((MSTK_REG_t*)SysTick_BASE_ADDRESS)
      |                      ^~~~~~~~~~
../Src/SysTick_prg.c:43:2: note: in expansion of macro 'STK'
   43 |  STK->STK_VAL = 0 ;
      |  ^~~
../Src/RCC_prg.c: In function 'RCC_APB2DisableCLK':
../Inc/STM32F103.h:90:33: error: expected expression before ')' token
   90 |  #define STK       ((MSTK_REG_t*)SysTick_BASE_ADDRESS)
      |                                 ^
../Src/SysTick_prg.c:43:2: note: in expansion of macro 'STK'
   43 |  STK->STK_VAL = 0 ;
      |  ^~~
../Src/RCC_prg.c:113:17: error: 'RCC_RegDef_t' has no member named 'RCC_APB2ENR'; did you mean 'APB2ENR'?
  113 |  CLEAR_BIT(RCC->RCC_APB2ENR,peripheral);
      |                 ^~~~~~~~~~~
../Inc/Utils.h:16:29: note: in definition of macro 'CLEAR_BIT'
   16 | #define CLEAR_BIT(REG,BIT) (REG&=(~(1<<BIT)))
      |                             ^~~
In file included from ../Src/SysTick_prg.c:2:
../Inc/STM32F103.h:90:33: error: expected expression before ')' token
   90 |  #define STK       ((MSTK_REG_t*)SysTick_BASE_ADDRESS)
      |                                 ^
../Inc/Utils.h:16:29: note: in definition of macro 'CLEAR_BIT'
   16 | #define CLEAR_BIT(REG,BIT) (REG&=(~(1<<BIT)))
      |                             ^~~
../Src/SysTick_prg.c:46:12: note: in expansion of macro 'STK'
   46 |  CLEAR_BIT(STK->STK_CTRL,ENABLE);
      |            ^~~
In file included from ../Inc/SysTick_int.h:6,
                 from ../Src/SysTick_prg.c:1:
../Src/SysTick_prg.c: In function 'STK_vSetBusyWait':
../Inc/STM32F103.h:90:22: error: 'MSTK_REG_t' undeclared (first use in this function)
   90 |  #define STK       ((MSTK_REG_t*)SysTick_BASE_ADDRESS)
      |                      ^~~~~~~~~~
../Src/SysTick_prg.c:53:2: note: in expansion of macro 'STK'
   53 |  STK->STK_VAL = 0 ;
      |  ^~~
../Inc/STM32F103.h:90:33: error: expected expression before ')' token
   90 |  #define STK       ((MSTK_REG_t*)SysTick_BASE_ADDRESS)
      |                                 ^
../Src/SysTick_prg.c:53:2: note: in expansion of macro 'STK'
   53 |  STK->STK_VAL = 0 ;
      |  ^~~
../Inc/STM32F103.h:90:33: error: expected expression before ')' token
   90 |  #define STK       ((MSTK_REG_t*)SysTick_BASE_ADDRESS)
      |                                 ^
../Src/SysTick_prg.c:55:2: note: in expansion of macro 'STK'
   55 |  STK->STK_LOAD=copy_u32Ticks;
      |  ^~~
In file included from ../Src/SysTick_prg.c:2:
../Inc/STM32F103.h:90:33: error: expected expression before ')' token
   90 |  #define STK       ((MSTK_REG_t*)SysTick_BASE_ADDRESS)
      |                                 ^
../Inc/Utils.h:13:27: note: in definition of macro 'SET_BIT'
   13 | #define SET_BIT(REG,BIT) (REG|=(1<<BIT))
      |                           ^~~
../Src/SysTick_prg.c:57:10: note: in expansion of macro 'STK'
   57 |  SET_BIT(STK->STK_CTRL,ENABLE);
      |          ^~~
../Inc/STM32F103.h:90:33: error: expected expression before ')' token
   90 |  #define STK       ((MSTK_REG_t*)SysTick_BASE_ADDRESS)
      |                                 ^
../Inc/Utils.h:21:29: note: in definition of macro 'READ_BIT'
   21 | #define READ_BIT(REG,BIT) ((REG>>BIT) & 1)
      |                             ^~~
../Src/SysTick_prg.c:59:17: note: in expansion of macro 'STK'
   59 |  while(READ_BIT(STK->STK_CTRL,COUNTFLAG) != 1);
      |                 ^~~
../Inc/STM32F103.h:90:33: error: expected expression before ')' token
   90 |  #define STK       ((MSTK_REG_t*)SysTick_BASE_ADDRESS)
      |                                 ^
../Inc/Utils.h:13:27: note: in definition of macro 'SET_BIT'
   13 | #define SET_BIT(REG,BIT) (REG|=(1<<BIT))
      |                           ^~~
../Src/SysTick_prg.c:61:10: note: in expansion of macro 'STK'
   61 |  SET_BIT(STK->STK_CTRL,ENABLE);
      |          ^~~
In file included from ../Inc/SysTick_int.h:6,
                 from ../Src/SysTick_prg.c:1:
../Src/SysTick_prg.c: In function 'STK_vSetIntervalSingle':
../Inc/STM32F103.h:90:22: error: 'MSTK_REG_t' undeclared (first use in this function)
   90 |  #define STK       ((MSTK_REG_t*)SysTick_BASE_ADDRESS)
      |                      ^~~~~~~~~~
../Src/SysTick_prg.c:71:2: note: in expansion of macro 'STK'
   71 |  STK->STK_VAL = 0 ;
      |  ^~~
../Inc/STM32F103.h:90:33: error: expected expression before ')' token
   90 |  #define STK       ((MSTK_REG_t*)SysTick_BASE_ADDRESS)
      |                                 ^
../Src/SysTick_prg.c:71:2: note: in expansion of macro 'STK'
   71 |  STK->STK_VAL = 0 ;
      |  ^~~
../Inc/STM32F103.h:90:33: error: expected expression before ')' token
   90 |  #define STK       ((MSTK_REG_t*)SysTick_BASE_ADDRESS)
      |                                 ^
../Src/SysTick_prg.c:74:2: note: in expansion of macro 'STK'
   74 |  STK->STK_LOAD=copy_u32Ticks;
      |  ^~~
In file included from ../Src/SysTick_prg.c:2:
../Inc/STM32F103.h:90:33: error: expected expression before ')' token
   90 |  #define STK       ((MSTK_REG_t*)SysTick_BASE_ADDRESS)
      |                                 ^
../Inc/Utils.h:13:27: note: in definition of macro 'SET_BIT'
   13 | #define SET_BIT(REG,BIT) (REG|=(1<<BIT))
      |                           ^~~
../Src/SysTick_prg.c:76:10: note: in expansion of macro 'STK'
   76 |  SET_BIT(STK->STK_CTRL,ENABLE);
      |          ^~~
make: *** [Src/subdir.mk:34: Src/RCC_prg.o] Error 1
make: *** Waiting for unfinished jobs....
In file included from ../Inc/SysTick_int.h:6,
                 from ../Src/SysTick_prg.c:1:
../Src/SysTick_prg.c: In function 'STK_vSetIntervalPeriodic':
../Inc/STM32F103.h:90:22: error: 'MSTK_REG_t' undeclared (first use in this function)
   90 |  #define STK       ((MSTK_REG_t*)SysTick_BASE_ADDRESS)
      |                      ^~~~~~~~~~
../Src/SysTick_prg.c:86:2: note: in expansion of macro 'STK'
   86 |  STK->STK_VAL = 0 ;
      |  ^~~
../Inc/STM32F103.h:90:33: error: expected expression before ')' token
   90 |  #define STK       ((MSTK_REG_t*)SysTick_BASE_ADDRESS)
      |                                 ^
../Src/SysTick_prg.c:86:2: note: in expansion of macro 'STK'
   86 |  STK->STK_VAL = 0 ;
      |  ^~~
../Inc/STM32F103.h:90:33: error: expected expression before ')' token
   90 |  #define STK       ((MSTK_REG_t*)SysTick_BASE_ADDRESS)
      |                                 ^
../Src/SysTick_prg.c:89:2: note: in expansion of macro 'STK'
   89 |  STK->STK_LOAD=copy_u32Ticks;
      |  ^~~
In file included from ../Src/SysTick_prg.c:2:
../Inc/STM32F103.h:90:33: error: expected expression before ')' token
   90 |  #define STK       ((MSTK_REG_t*)SysTick_BASE_ADDRESS)
      |                                 ^
../Inc/Utils.h:13:27: note: in definition of macro 'SET_BIT'
   13 | #define SET_BIT(REG,BIT) (REG|=(1<<BIT))
      |                           ^~~
../Src/SysTick_prg.c:91:10: note: in expansion of macro 'STK'
   91 |  SET_BIT(STK->STK_CTRL,ENABLE);
      |          ^~~
In file included from ../Inc/SysTick_int.h:6,
                 from ../Src/SysTick_prg.c:1:
../Src/SysTick_prg.c: In function 'STK_vGetElapsedTime':
../Inc/STM32F103.h:90:22: error: 'MSTK_REG_t' undeclared (first use in this function)
   90 |  #define STK       ((MSTK_REG_t*)SysTick_BASE_ADDRESS)
      |                      ^~~~~~~~~~
../Src/SysTick_prg.c:97:11: note: in expansion of macro 'STK'
   97 |  return ( STK->STK_LOAD - STK->STK_VAL) ;
      |           ^~~
../Inc/STM32F103.h:90:33: error: expected expression before ')' token
   90 |  #define STK       ((MSTK_REG_t*)SysTick_BASE_ADDRESS)
      |                                 ^
../Src/SysTick_prg.c:97:11: note: in expansion of macro 'STK'
   97 |  return ( STK->STK_LOAD - STK->STK_VAL) ;
      |           ^~~
../Inc/STM32F103.h:90:33: error: expected expression before ')' token
   90 |  #define STK       ((MSTK_REG_t*)SysTick_BASE_ADDRESS)
      |                                 ^
../Src/SysTick_prg.c:97:27: note: in expansion of macro 'STK'
   97 |  return ( STK->STK_LOAD - STK->STK_VAL) ;
      |                           ^~~
../Src/SysTick_prg.c: In function 'STK_vGetRemainingTime':
../Inc/STM32F103.h:90:22: error: 'MSTK_REG_t' undeclared (first use in this function)
   90 |  #define STK       ((MSTK_REG_t*)SysTick_BASE_ADDRESS)
      |                      ^~~~~~~~~~
../Src/SysTick_prg.c:101:9: note: in expansion of macro 'STK'
  101 |  return STK->STK_VAL ;
      |         ^~~
../Inc/STM32F103.h:90:33: error: expected expression before ')' token
   90 |  #define STK       ((MSTK_REG_t*)SysTick_BASE_ADDRESS)
      |                                 ^
../Src/SysTick_prg.c:101:9: note: in expansion of macro 'STK'
  101 |  return STK->STK_VAL ;
      |         ^~~
../Src/SysTick_prg.c: In function 'STK_vGetElapsedTime':
../Src/SysTick_prg.c:98:1: warning: control reaches end of non-void function [-Wreturn-type]
   98 | }
      | ^
../Src/SysTick_prg.c: In function 'STK_vGetRemainingTime':
../Src/SysTick_prg.c:102:1: warning: control reaches end of non-void function [-Wreturn-type]
  102 | }
      | ^
make: *** [Src/subdir.mk:34: Src/SysTick_prg.o] Error 1
"make -j8 all" terminated with exit code 2. Build might be incomplete.
19:48:23 **** Incremental Build of configuration Debug for project F103_GPIO_RCC_STK ****
make -j8 all 
arm-none-eabi-gcc "../Src/GPIO_prg.c" -mcpu=cortex-m3 -std=gnu11 -g3 -DDEBUG -DSTM32 -DSTM32F1 -DSTM32F103C8Tx -c -I../Inc -O0 -ffunction-sections -fdata-sections -Wall -fstack-usage -fcyclomatic-complexity -MMD -MP -MF"Src/GPIO_prg.d" -MT"Src/GPIO_prg.o" --specs=nano.specs -mfloat-abi=soft -mthumb -o "Src/GPIO_prg.o"
arm-none-eabi-gcc "../Src/RCC_prg.c" -mcpu=cortex-m3 -std=gnu11 -g3 -DDEBUG -DSTM32 -DSTM32F1 -DSTM32F103C8Tx -c -I../Inc -O0 -ffunction-sections -fdata-sections -Wall -fstack-usage -fcyclomatic-complexity -MMD -MP -MF"Src/RCC_prg.d" -MT"Src/RCC_prg.o" --specs=nano.specs -mfloat-abi=soft -mthumb -o "Src/RCC_prg.o"
arm-none-eabi-gcc "../Src/SysTick_prg.c" -mcpu=cortex-m3 -std=gnu11 -g3 -DDEBUG -DSTM32 -DSTM32F1 -DSTM32F103C8Tx -c -I../Inc -O0 -ffunction-sections -fdata-sections -Wall -fstack-usage -fcyclomatic-complexity -MMD -MP -MF"Src/SysTick_prg.d" -MT"Src/SysTick_prg.o" --specs=nano.specs -mfloat-abi=soft -mthumb -o "Src/SysTick_prg.o"
arm-none-eabi-gcc "../Src/main.c" -mcpu=cortex-m3 -std=gnu11 -g3 -DDEBUG -DSTM32 -DSTM32F1 -DSTM32F103C8Tx -c -I../Inc -O0 -ffunction-sections -fdata-sections -Wall -fstack-usage -fcyclomatic-complexity -MMD -MP -MF"Src/main.d" -MT"Src/main.o" --specs=nano.specs -mfloat-abi=soft -mthumb -o "Src/main.o"
../Src/RCC_prg.c: In function 'RCC_PLLCONFIG':
../Src/RCC_prg.c:64:2: warning: enumeration value 'PLL_clock' not handled in switch [-Wswitch]
   64 |  switch(copy_tCLKtype)
      |  ^~~~~~
In file included from ../Inc/RCC_prv.h:6,
                 from ../Inc/RCC_int.h:5,
                 from ../Src/RCC_prg.c:1:
../Src/RCC_prg.c: In function 'RCC_AHBEnableCLK':
../Src/RCC_prg.c:87:15: error: 'RCC_RegDef_t' has no member named 'RCC_AHBENR'; did you mean 'AHBENR'?
   87 |  SET_BIT(RCC->RCC_AHBENR,peripheral);
      |               ^~~~~~~~~~
../Inc/Utils.h:13:27: note: in definition of macro 'SET_BIT'
   13 | #define SET_BIT(REG,BIT) (REG|=(1<<BIT))
      |                           ^~~
../Src/RCC_prg.c: In function 'RCC_AHBDisableCLK':
../Src/RCC_prg.c:91:17: error: 'RCC_RegDef_t' has no member named 'RCC_AHBENR'; did you mean 'AHBENR'?
   91 |  CLEAR_BIT(RCC->RCC_AHBENR,peripheral);
      |                 ^~~~~~~~~~
../Inc/Utils.h:16:29: note: in definition of macro 'CLEAR_BIT'
   16 | #define CLEAR_BIT(REG,BIT) (REG&=(~(1<<BIT)))
      |                             ^~~
../Src/RCC_prg.c: In function 'RCC_APB1EnableCLK':
../Src/RCC_prg.c:97:15: error: 'RCC_RegDef_t' has no member named 'RCC_APB1ENR'; did you mean 'APB1ENR'?
   97 |  SET_BIT(RCC->RCC_APB1ENR,peripheral);
      |               ^~~~~~~~~~~
../Inc/Utils.h:13:27: note: in definition of macro 'SET_BIT'
   13 | #define SET_BIT(REG,BIT) (REG|=(1<<BIT))
      |                           ^~~
../Src/RCC_prg.c: In function 'RCC_APB1DisableCLK':
../Src/RCC_prg.c:102:17: error: 'RCC_RegDef_t' has no member named 'RCC_APB1ENR'; did you mean 'APB1ENR'?
  102 |  CLEAR_BIT(RCC->RCC_APB1ENR,peripheral);
      |                 ^~~~~~~~~~~
../Inc/Utils.h:16:29: note: in definition of macro 'CLEAR_BIT'
   16 | #define CLEAR_BIT(REG,BIT) (REG&=(~(1<<BIT)))
      |                             ^~~
../Src/RCC_prg.c: In function 'RCC_APB2EnableCLK':
../Src/RCC_prg.c:108:15: error: 'RCC_RegDef_t' has no member named 'RCC_APB2ENR'; did you mean 'APB2ENR'?
  108 |  SET_BIT(RCC->RCC_APB2ENR,peripheral);
      |               ^~~~~~~~~~~
../Inc/Utils.h:13:27: note: in definition of macro 'SET_BIT'
   13 | #define SET_BIT(REG,BIT) (REG|=(1<<BIT))
      |                           ^~~
../Src/RCC_prg.c: In function 'RCC_APB2DisableCLK':
../Src/RCC_prg.c:113:17: error: 'RCC_RegDef_t' has no member named 'RCC_APB2ENR'; did you mean 'APB2ENR'?
  113 |  CLEAR_BIT(RCC->RCC_APB2ENR,peripheral);
      |                 ^~~~~~~~~~~
../Inc/Utils.h:16:29: note: in definition of macro 'CLEAR_BIT'
   16 | #define CLEAR_BIT(REG,BIT) (REG&=(~(1<<BIT)))
      |                             ^~~
make: *** [Src/subdir.mk:34: Src/RCC_prg.o] Error 1
make: *** Waiting for unfinished jobs....
"make -j8 all" terminated with exit code 2. Build might be incomplete.
19:49:48 **** Incremental Build of configuration Debug for project F103_GPIO_RCC_STK ****
make -j8 all 
arm-none-eabi-gcc "../Src/RCC_prg.c" -mcpu=cortex-m3 -std=gnu11 -g3 -DDEBUG -DSTM32 -DSTM32F1 -DSTM32F103C8Tx -c -I../Inc -O0 -ffunction-sections -fdata-sections -Wall -fstack-usage -fcyclomatic-complexity -MMD -MP -MF"Src/RCC_prg.d" -MT"Src/RCC_prg.o" --specs=nano.specs -mfloat-abi=soft -mthumb -o "Src/RCC_prg.o"
../Src/RCC_prg.c: In function 'RCC_PLLCONFIG':
../Src/RCC_prg.c:64:2: warning: enumeration value 'PLL_clock' not handled in switch [-Wswitch]
   64 |  switch(copy_tCLKtype)
      |  ^~~~~~
In file included from ../Inc/RCC_prv.h:6,
                 from ../Inc/RCC_int.h:5,
                 from ../Src/RCC_prg.c:1:
../Src/RCC_prg.c: In function 'RCC_AHBEnableCLK':
../Src/RCC_prg.c:87:15: error: 'RCC_RegDef_t' has no member named 'RCC_AHBENR'; did you mean 'AHBENR'?
   87 |  SET_BIT(RCC->RCC_AHBENR,peripheral);
      |               ^~~~~~~~~~
../Inc/Utils.h:13:27: note: in definition of macro 'SET_BIT'
   13 | #define SET_BIT(REG,BIT) (REG|=(1<<BIT))
      |                           ^~~
../Src/RCC_prg.c: In function 'RCC_AHBDisableCLK':
../Src/RCC_prg.c:91:17: error: 'RCC_RegDef_t' has no member named 'RCC_AHBENR'; did you mean 'AHBENR'?
   91 |  CLEAR_BIT(RCC->RCC_AHBENR,peripheral);
      |                 ^~~~~~~~~~
../Inc/Utils.h:16:29: note: in definition of macro 'CLEAR_BIT'
   16 | #define CLEAR_BIT(REG,BIT) (REG&=(~(1<<BIT)))
      |                             ^~~
../Src/RCC_prg.c: In function 'RCC_APB1EnableCLK':
../Src/RCC_prg.c:97:15: error: 'RCC_RegDef_t' has no member named 'RCC_APB1ENR'; did you mean 'APB1ENR'?
   97 |  SET_BIT(RCC->RCC_APB1ENR,peripheral);
      |               ^~~~~~~~~~~
../Inc/Utils.h:13:27: note: in definition of macro 'SET_BIT'
   13 | #define SET_BIT(REG,BIT) (REG|=(1<<BIT))
      |                           ^~~
../Src/RCC_prg.c: In function 'RCC_APB1DisableCLK':
../Src/RCC_prg.c:102:17: error: 'RCC_RegDef_t' has no member named 'CC_APB1ENR'; did you mean 'APB1ENR'?
  102 |  CLEAR_BIT(RCC->CC_APB1ENR,peripheral);
      |                 ^~~~~~~~~~
../Inc/Utils.h:16:29: note: in definition of macro 'CLEAR_BIT'
   16 | #define CLEAR_BIT(REG,BIT) (REG&=(~(1<<BIT)))
      |                             ^~~
../Src/RCC_prg.c: In function 'RCC_APB2EnableCLK':
../Src/RCC_prg.c:108:15: error: 'RCC_RegDef_t' has no member named 'RCC_APB2ENR'; did you mean 'APB2ENR'?
  108 |  SET_BIT(RCC->RCC_APB2ENR,peripheral);
      |               ^~~~~~~~~~~
../Inc/Utils.h:13:27: note: in definition of macro 'SET_BIT'
   13 | #define SET_BIT(REG,BIT) (REG|=(1<<BIT))
      |                           ^~~
../Src/RCC_prg.c: In function 'RCC_APB2DisableCLK':
../Src/RCC_prg.c:113:17: error: 'RCC_RegDef_t' has no member named 'RCC_APB2ENR'; did you mean 'APB2ENR'?
  113 |  CLEAR_BIT(RCC->RCC_APB2ENR,peripheral);
      |                 ^~~~~~~~~~~
../Inc/Utils.h:16:29: note: in definition of macro 'CLEAR_BIT'
   16 | #define CLEAR_BIT(REG,BIT) (REG&=(~(1<<BIT)))
      |                             ^~~
make: *** [Src/subdir.mk:34: Src/RCC_prg.o] Error 1
"make -j8 all" terminated with exit code 2. Build might be incomplete.
19:50:49 **** Incremental Build of configuration Debug for project F103_GPIO_RCC_STK ****
make -j8 all 
arm-none-eabi-gcc "../Src/RCC_prg.c" -mcpu=cortex-m3 -std=gnu11 -g3 -DDEBUG -DSTM32 -DSTM32F1 -DSTM32F103C8Tx -c -I../Inc -O0 -ffunction-sections -fdata-sections -Wall -fstack-usage -fcyclomatic-complexity -MMD -MP -MF"Src/RCC_prg.d" -MT"Src/RCC_prg.o" --specs=nano.specs -mfloat-abi=soft -mthumb -o "Src/RCC_prg.o"
../Src/RCC_prg.c: In function 'RCC_PLLCONFIG':
../Src/RCC_prg.c:64:2: warning: enumeration value 'PLL_clock' not handled in switch [-Wswitch]
   64 |  switch(copy_tCLKtype)
      |  ^~~~~~
arm-none-eabi-gcc -o "F103_GPIO_RCC_STK.elf" @"objects.list"   -mcpu=cortex-m3 -T"D:\Amgad_Advanced Diploma\stm_project\F103_GPIO_RCC_STK\STM32F103C8TX_FLASH.ld" --specs=nosys.specs -Wl,-Map="F103_GPIO_RCC_STK.map" -Wl,--gc-sections -static --specs=nano.specs -mfloat-abi=soft -mthumb -Wl,--start-group -lc -lm -Wl,--end-group
Finished building target: F103_GPIO_RCC_STK.elf
 
arm-none-eabi-size   F103_GPIO_RCC_STK.elf 
arm-none-eabi-objdump -h -S  F103_GPIO_RCC_STK.elf  > "F103_GPIO_RCC_STK.list"
   text	   data	    bss	    dec	    hex	filename
    612	      8	   1576	   2196	    894	F103_GPIO_RCC_STK.elf
Finished building: default.size.stdout
 
Finished building: F103_GPIO_RCC_STK.list
 
19:58:10 **** Incremental Build of configuration Debug for project F103_GPIO_RCC_STK ****
make -j8 all 
arm-none-eabi-gcc "../Src/RCC_prg.c" -mcpu=cortex-m3 -std=gnu11 -g3 -DDEBUG -DSTM32 -DSTM32F1 -DSTM32F103C8Tx -c -I../Inc -O0 -ffunction-sections -fdata-sections -Wall -fstack-usage -fcyclomatic-complexity -MMD -MP -MF"Src/RCC_prg.d" -MT"Src/RCC_prg.o" --specs=nano.specs -mfloat-abi=soft -mthumb -o "Src/RCC_prg.o"
arm-none-eabi-gcc "../Src/main.c" -mcpu=cortex-m3 -std=gnu11 -g3 -DDEBUG -DSTM32 -DSTM32F1 -DSTM32F103C8Tx -c -I../Inc -O0 -ffunction-sections -fdata-sections -Wall -fstack-usage -fcyclomatic-complexity -MMD -MP -MF"Src/main.d" -MT"Src/main.o" --specs=nano.specs -mfloat-abi=soft -mthumb -o "Src/main.o"
In file included from ../Inc/RCC_int.h:7,
                 from ../Src/RCC_prg.c:1:
../Inc/STM32F103.h:36:12: error: unknown type name 'uint32_t'
   36 |   volatile uint32_t CR[2];    // Control register
      |            ^~~~~~~~
../Inc/STM32F103.h:37:12: error: unknown type name 'uint32_t'
   37 |   volatile uint32_t IDR;      // Input type register
      |            ^~~~~~~~
../Inc/STM32F103.h:38:12: error: unknown type name 'uint32_t'
   38 |   volatile uint32_t ODR;      // Output data register
      |            ^~~~~~~~
../Inc/STM32F103.h:39:12: error: unknown type name 'uint32_t'
   39 |   volatile uint32_t BSRR;     // Bit set/reset register
      |            ^~~~~~~~
../Inc/STM32F103.h:40:12: error: unknown type name 'uint32_t'
   40 |   volatile uint32_t BRR;      //
      |            ^~~~~~~~
../Inc/STM32F103.h:41:12: error: unknown type name 'uint32_t'
   41 |   volatile uint32_t LCKR;     // Configuration lock register
      |            ^~~~~~~~
../Inc/STM32F103.h:42:12: error: unknown type name 'uint32_t'
   42 |   volatile uint32_t AFR[2];   // Alternate function register
      |            ^~~~~~~~
../Inc/STM32F103.h:51:12: error: unknown type name 'uint32_t'
   51 |   volatile uint32_t CR;         // Clock control register
      |            ^~~~~~~~
../Inc/STM32F103.h:52:12: error: unknown type name 'uint32_t'
   52 |   volatile uint32_t CFGR;       // PLL configuration register
      |            ^~~~~~~~
../Inc/STM32F103.h:53:12: error: unknown type name 'uint32_t'
   53 |   volatile uint32_t CIR;        // Clock interrupt register
      |            ^~~~~~~~
../Inc/STM32F103.h:54:12: error: unknown type name 'uint32_t'
   54 |   volatile uint32_t APB2RSTR;   // APB2 peripheral reset register
      |            ^~~~~~~~
../Inc/STM32F103.h:55:12: error: unknown type name 'uint32_t'
   55 |   volatile uint32_t APB1RSTR;   // APB1 peripheral reset register
      |            ^~~~~~~~
../Inc/STM32F103.h:56:12: error: unknown type name 'uint32_t'
   56 |   volatile uint32_t AHBENR;     // AHB peripheral clock enable register
      |            ^~~~~~~~
../Inc/STM32F103.h:57:12: error: unknown type name 'uint32_t'
   57 |   volatile uint32_t APB2ENR;    // APB2 peripheral clock enable register
      |            ^~~~~~~~
../Inc/STM32F103.h:58:12: error: unknown type name 'uint32_t'
   58 |   volatile uint32_t APB1ENR;    // APB1 peripheral clock enable register
      |            ^~~~~~~~
../Inc/STM32F103.h:59:12: error: unknown type name 'uint32_t'
   59 |   volatile uint32_t BDCR;       // Backup domain control register
      |            ^~~~~~~~
../Inc/STM32F103.h:60:12: error: unknown type name 'uint32_t'
   60 |   volatile uint32_t CSR;        // Clock control & status register
      |            ^~~~~~~~
../Inc/STM32F103.h:66:11: error: unknown type name 'uint32_t'
   66 |  volatile uint32_t STK_CTRL;
      |           ^~~~~~~~
../Inc/STM32F103.h:67:11: error: unknown type name 'uint32_t'
   67 |  volatile uint32_t STK_LOAD;
      |           ^~~~~~~~
../Inc/STM32F103.h:68:11: error: unknown type name 'uint32_t'
   68 |  volatile uint32_t STK_VAL;
      |           ^~~~~~~~
../Inc/STM32F103.h:69:11: error: unknown type name 'uint32_t'
   69 |  volatile uint32_t STK_CALIB;
      |           ^~~~~~~~
In file included from ../Inc/RCC_int.h:6,
                 from ../Src/RCC_prg.c:1:
../Src/RCC_prg.c: In function 'RCC_SetCLKSTS':
../Src/RCC_prg.c:9:22: error: 'HSION' undeclared (first use in this function)
    9 |    CLEAR_BIT(RCC->CR,HSION);
      |                      ^~~~~
../Inc/Utils.h:16:40: note: in definition of macro 'CLEAR_BIT'
   16 | #define CLEAR_BIT(REG,BIT) (REG&=(~(1<<BIT)))
      |                                        ^~~
../Src/RCC_prg.c:9:22: note: each undeclared identifier is reported only once for each function it appears in
    9 |    CLEAR_BIT(RCC->CR,HSION);
      |                      ^~~~~
../Inc/Utils.h:16:40: note: in definition of macro 'CLEAR_BIT'
   16 | #define CLEAR_BIT(REG,BIT) (REG&=(~(1<<BIT)))
      |                                        ^~~
../Src/main.c: In function 'main':
../Src/main.c:35:20: error: expected '}' before ';' token
   35 |    .PIN_Number=PIN0;
      |                    ^
../Src/main.c:33:2: note: to match this '{'
   33 |  {
      |  ^
../Src/RCC_prg.c:14:27: error: 'HSIRDY' undeclared (first use in this function)
   14 |    while(READ_BIT(RCC->CR,HSIRDY));
      |                           ^~~~~~
../Inc/Utils.h:21:34: note: in definition of macro 'READ_BIT'
   21 | #define READ_BIT(REG,BIT) ((REG>>BIT) & 1)
      |                                  ^~~
../Src/RCC_prg.c:20:22: error: 'HSEON' undeclared (first use in this function)
   20 |    CLEAR_BIT(RCC->CR,HSEON);
      |                      ^~~~~
../Inc/Utils.h:16:40: note: in definition of macro 'CLEAR_BIT'
   16 | #define CLEAR_BIT(REG,BIT) (REG&=(~(1<<BIT)))
      |                                        ^~~
../Src/RCC_prg.c:25:27: error: 'HSERDY' undeclared (first use in this function)
   25 |    while(READ_BIT(RCC->CR,HSERDY));
      |                           ^~~~~~
../Inc/Utils.h:21:34: note: in definition of macro 'READ_BIT'
   21 | #define READ_BIT(REG,BIT) ((REG>>BIT) & 1)
      |                                  ^~~
../Src/RCC_prg.c:31:22: error: 'PLLON' undeclared (first use in this function)
   31 |    CLEAR_BIT(RCC->CR,PLLON);
      |                      ^~~~~
../Inc/Utils.h:16:40: note: in definition of macro 'CLEAR_BIT'
   16 | #define CLEAR_BIT(REG,BIT) (REG&=(~(1<<BIT)))
      |                                        ^~~
../Src/RCC_prg.c:36:27: error: 'PLLRDY' undeclared (first use in this function)
   36 |    while(READ_BIT(RCC->CR,PLLRDY));
      |                           ^~~~~~
../Inc/Utils.h:21:34: note: in definition of macro 'READ_BIT'
   21 | #define READ_BIT(REG,BIT) ((REG>>BIT) & 1)
      |                                  ^~~
../Src/RCC_prg.c: In function 'RCC_SetSYSCLK':
../Src/RCC_prg.c:44:23: error: 'SW0' undeclared (first use in this function)
   44 |  RCC->CFGR &= ~(0b11<<SW0);
      |                       ^~~
In file included from ../Inc/RCC_int.h:6,
                 from ../Src/RCC_prg.c:1:
../Src/RCC_prg.c: In function 'RCC_HSECONFIG':
../Src/RCC_prg.c:53:23: error: 'PLLXTPRE' undeclared (first use in this function)
   53 |   CLEAR_BIT(RCC->CFGR,PLLXTPRE);
      |                       ^~~~~~~~
../Inc/Utils.h:16:40: note: in definition of macro 'CLEAR_BIT'
   16 | #define CLEAR_BIT(REG,BIT) (REG&=(~(1<<BIT)))
      |                                        ^~~
../Src/RCC_prg.c: In function 'RCC_PLLCONFIG':
../Src/RCC_prg.c:62:25: error: 'PLLMUL0' undeclared (first use in this function); did you mean 'PLLMUL_t'?
   62 |  RCC->CFGR &= ~(0b1111<<PLLMUL0);
      |                         ^~~~~~~
      |                         PLLMUL_t
In file included from ../Inc/RCC_int.h:6,
                 from ../Src/RCC_prg.c:1:
../Src/RCC_prg.c:67:23: error: 'PLLSRC' undeclared (first use in this function)
   67 |   CLEAR_BIT(RCC->CFGR,PLLSRC);
      |                       ^~~~~~
../Inc/Utils.h:16:40: note: in definition of macro 'CLEAR_BIT'
   16 | #define CLEAR_BIT(REG,BIT) (REG&=(~(1<<BIT)))
      |                                        ^~~
../Src/RCC_prg.c:64:2: warning: enumeration value 'PLL_clock' not handled in switch [-Wswitch]
   64 |  switch(copy_tCLKtype)
      |  ^~~~~~
../Src/RCC_prg.c: In function 'RCC_HSEBYP':
../Src/RCC_prg.c:76:17: error: 'HSEBYP' undeclared (first use in this function); did you mean 'RCC_HSEBYP'?
   76 |  RCC->CR&= ~(1<<HSEBYP);
      |                 ^~~~~~
      |                 RCC_HSEBYP
../Src/RCC_prg.c: In function 'RCC_CSSCFG':
../Src/RCC_prg.c:81:17: error: 'CSSON' undeclared (first use in this function)
   81 |  RCC->CR&= ~(1<<CSSON);
      |                 ^~~~~
make: *** [Src/subdir.mk:34: Src/main.o] Error 1
make: *** Waiting for unfinished jobs....
make: *** [Src/subdir.mk:34: Src/RCC_prg.o] Error 1
"make -j8 all" terminated with exit code 2. Build might be incomplete.
19:58:44 **** Incremental Build of configuration Debug for project F103_GPIO_RCC_STK ****
make -j8 all 
arm-none-eabi-gcc "../Src/GPIO_prg.c" -mcpu=cortex-m3 -std=gnu11 -g3 -DDEBUG -DSTM32 -DSTM32F1 -DSTM32F103C8Tx -c -I../Inc -O0 -ffunction-sections -fdata-sections -Wall -fstack-usage -fcyclomatic-complexity -MMD -MP -MF"Src/GPIO_prg.d" -MT"Src/GPIO_prg.o" --specs=nano.specs -mfloat-abi=soft -mthumb -o "Src/GPIO_prg.o"
arm-none-eabi-gcc "../Src/RCC_prg.c" -mcpu=cortex-m3 -std=gnu11 -g3 -DDEBUG -DSTM32 -DSTM32F1 -DSTM32F103C8Tx -c -I../Inc -O0 -ffunction-sections -fdata-sections -Wall -fstack-usage -fcyclomatic-complexity -MMD -MP -MF"Src/RCC_prg.d" -MT"Src/RCC_prg.o" --specs=nano.specs -mfloat-abi=soft -mthumb -o "Src/RCC_prg.o"
arm-none-eabi-gcc "../Src/SysTick_prg.c" -mcpu=cortex-m3 -std=gnu11 -g3 -DDEBUG -DSTM32 -DSTM32F1 -DSTM32F103C8Tx -c -I../Inc -O0 -ffunction-sections -fdata-sections -Wall -fstack-usage -fcyclomatic-complexity -MMD -MP -MF"Src/SysTick_prg.d" -MT"Src/SysTick_prg.o" --specs=nano.specs -mfloat-abi=soft -mthumb -o "Src/SysTick_prg.o"
arm-none-eabi-gcc "../Src/main.c" -mcpu=cortex-m3 -std=gnu11 -g3 -DDEBUG -DSTM32 -DSTM32F1 -DSTM32F103C8Tx -c -I../Inc -O0 -ffunction-sections -fdata-sections -Wall -fstack-usage -fcyclomatic-complexity -MMD -MP -MF"Src/main.d" -MT"Src/main.o" --specs=nano.specs -mfloat-abi=soft -mthumb -o "Src/main.o"
In file included from ../Inc/RCC_int.h:7,
                 from ../Src/RCC_prg.c:1:
../Inc/STM32F103.h:37:12: error: unknown type name 'uint32_t'
   37 |   volatile uint32_t CR[2];    // Control register
      |            ^~~~~~~~
../Inc/STM32F103.h:38:12: error: unknown type name 'uint32_t'
   38 |   volatile uint32_t IDR;      // Input type register
      |            ^~~~~~~~
../Inc/STM32F103.h:39:12: error: unknown type name 'uint32_t'
   39 |   volatile uint32_t ODR;      // Output data register
      |            ^~~~~~~~
../Inc/STM32F103.h:40:12: error: unknown type name 'uint32_t'
   40 |   volatile uint32_t BSRR;     // Bit set/reset register
      |            ^~~~~~~~
../Inc/STM32F103.h:41:12: error: unknown type name 'uint32_t'
   41 |   volatile uint32_t BRR;      //
      |            ^~~~~~~~
../Inc/STM32F103.h:42:12: error: unknown type name 'uint32_t'
   42 |   volatile uint32_t LCKR;     // Configuration lock register
      |            ^~~~~~~~
../Inc/STM32F103.h:43:12: error: unknown type name 'uint32_t'
   43 |   volatile uint32_t AFR[2];   // Alternate function register
      |            ^~~~~~~~
../Inc/STM32F103.h:52:12: error: unknown type name 'uint32_t'
   52 |   volatile uint32_t CR;         // Clock control register
      |            ^~~~~~~~
../Inc/STM32F103.h:53:12: error: unknown type name 'uint32_t'
   53 |   volatile uint32_t CFGR;       // PLL configuration register
      |            ^~~~~~~~
../Inc/STM32F103.h:54:12: error: unknown type name 'uint32_t'
   54 |   volatile uint32_t CIR;        // Clock interrupt register
      |            ^~~~~~~~
../Inc/STM32F103.h:55:12: error: unknown type name 'uint32_t'
   55 |   volatile uint32_t APB2RSTR;   // APB2 peripheral reset register
      |            ^~~~~~~~
../Inc/STM32F103.h:56:12: error: unknown type name 'uint32_t'
   56 |   volatile uint32_t APB1RSTR;   // APB1 peripheral reset register
      |            ^~~~~~~~
../Inc/STM32F103.h:57:12: error: unknown type name 'uint32_t'
   57 |   volatile uint32_t AHBENR;     // AHB peripheral clock enable register
      |            ^~~~~~~~
../Inc/STM32F103.h:58:12: error: unknown type name 'uint32_t'
   58 |   volatile uint32_t APB2ENR;    // APB2 peripheral clock enable register
      |            ^~~~~~~~
../Inc/STM32F103.h:59:12: error: unknown type name 'uint32_t'
   59 |   volatile uint32_t APB1ENR;    // APB1 peripheral clock enable register
      |            ^~~~~~~~
../Inc/STM32F103.h:60:12: error: unknown type name 'uint32_t'
   60 |   volatile uint32_t BDCR;       // Backup domain control register
      |            ^~~~~~~~
../Inc/STM32F103.h:61:12: error: unknown type name 'uint32_t'
   61 |   volatile uint32_t CSR;        // Clock control & status register
      |            ^~~~~~~~
../Inc/STM32F103.h:67:11: error: unknown type name 'uint32_t'
   67 |  volatile uint32_t STK_CTRL;
      |           ^~~~~~~~
../Inc/STM32F103.h:68:11: error: unknown type name 'uint32_t'
   68 |  volatile uint32_t STK_LOAD;
      |           ^~~~~~~~
../Inc/STM32F103.h:69:11: error: unknown type name 'uint32_t'
   69 |  volatile uint32_t STK_VAL;
      |           ^~~~~~~~
../Inc/STM32F103.h:70:11: error: unknown type name 'uint32_t'
   70 |  volatile uint32_t STK_CALIB;
      |           ^~~~~~~~
In file included from ../Inc/RCC_int.h:6,
                 from ../Src/RCC_prg.c:1:
../Src/RCC_prg.c: In function 'RCC_SetCLKSTS':
../Src/RCC_prg.c:9:22: error: 'HSION' undeclared (first use in this function)
    9 |    CLEAR_BIT(RCC->CR,HSION);
      |                      ^~~~~
../Inc/Utils.h:16:40: note: in definition of macro 'CLEAR_BIT'
   16 | #define CLEAR_BIT(REG,BIT) (REG&=(~(1<<BIT)))
      |                                        ^~~
../Src/RCC_prg.c:9:22: note: each undeclared identifier is reported only once for each function it appears in
    9 |    CLEAR_BIT(RCC->CR,HSION);
      |                      ^~~~~
../Inc/Utils.h:16:40: note: in definition of macro 'CLEAR_BIT'
   16 | #define CLEAR_BIT(REG,BIT) (REG&=(~(1<<BIT)))
      |                                        ^~~
../Src/RCC_prg.c:14:27: error: 'HSIRDY' undeclared (first use in this function)
   14 |    while(READ_BIT(RCC->CR,HSIRDY));
      |                           ^~~~~~
../Inc/Utils.h:21:34: note: in definition of macro 'READ_BIT'
   21 | #define READ_BIT(REG,BIT) ((REG>>BIT) & 1)
      |                                  ^~~
../Src/RCC_prg.c:20:22: error: 'HSEON' undeclared (first use in this function)
   20 |    CLEAR_BIT(RCC->CR,HSEON);
      |                      ^~~~~
../Inc/Utils.h:16:40: note: in definition of macro 'CLEAR_BIT'
   16 | #define CLEAR_BIT(REG,BIT) (REG&=(~(1<<BIT)))
      |                                        ^~~
../Src/RCC_prg.c:25:27: error: 'HSERDY' undeclared (first use in this function)
   25 |    while(READ_BIT(RCC->CR,HSERDY));
      |                           ^~~~~~
../Inc/Utils.h:21:34: note: in definition of macro 'READ_BIT'
   21 | #define READ_BIT(REG,BIT) ((REG>>BIT) & 1)
      |                                  ^~~
../Src/RCC_prg.c:31:22: error: 'PLLON' undeclared (first use in this function)
   31 |    CLEAR_BIT(RCC->CR,PLLON);
      |                      ^~~~~
../Inc/Utils.h:16:40: note: in definition of macro 'CLEAR_BIT'
   16 | #define CLEAR_BIT(REG,BIT) (REG&=(~(1<<BIT)))
      |                                        ^~~
../Src/RCC_prg.c:36:27: error: 'PLLRDY' undeclared (first use in this function)
   36 |    while(READ_BIT(RCC->CR,PLLRDY));
      |                           ^~~~~~
../Inc/Utils.h:21:34: note: in definition of macro 'READ_BIT'
   21 | #define READ_BIT(REG,BIT) ((REG>>BIT) & 1)
      |                                  ^~~
../Src/RCC_prg.c: In function 'RCC_SetSYSCLK':
../Src/RCC_prg.c:44:23: error: 'SW0' undeclared (first use in this function)
   44 |  RCC->CFGR &= ~(0b11<<SW0);
      |                       ^~~
In file included from ../Inc/RCC_int.h:6,
                 from ../Src/RCC_prg.c:1:
../Src/RCC_prg.c: In function 'RCC_HSECONFIG':
../Src/RCC_prg.c:53:23: error: 'PLLXTPRE' undeclared (first use in this function)
   53 |   CLEAR_BIT(RCC->CFGR,PLLXTPRE);
      |                       ^~~~~~~~
../Inc/Utils.h:16:40: note: in definition of macro 'CLEAR_BIT'
   16 | #define CLEAR_BIT(REG,BIT) (REG&=(~(1<<BIT)))
      |                                        ^~~
../Src/RCC_prg.c: In function 'RCC_PLLCONFIG':
../Src/RCC_prg.c:62:25: error: 'PLLMUL0' undeclared (first use in this function); did you mean 'PLLMUL_t'?
   62 |  RCC->CFGR &= ~(0b1111<<PLLMUL0);
      |                         ^~~~~~~
      |                         PLLMUL_t
../Src/main.c: In function 'main':
../Src/main.c:35:20: error: expected '}' before ';' token
   35 |    .PIN_Number=PIN0;
      |                    ^
../Src/main.c:33:2: note: to match this '{'
   33 |  {
      |  ^
In file included from ../Inc/RCC_int.h:6,
                 from ../Src/RCC_prg.c:1:
../Src/RCC_prg.c:67:23: error: 'PLLSRC' undeclared (first use in this function)
   67 |   CLEAR_BIT(RCC->CFGR,PLLSRC);
      |                       ^~~~~~
../Inc/Utils.h:16:40: note: in definition of macro 'CLEAR_BIT'
   16 | #define CLEAR_BIT(REG,BIT) (REG&=(~(1<<BIT)))
      |                                        ^~~
../Src/RCC_prg.c:64:2: warning: enumeration value 'PLL_clock' not handled in switch [-Wswitch]
   64 |  switch(copy_tCLKtype)
      |  ^~~~~~
../Src/RCC_prg.c: In function 'RCC_HSEBYP':
../Src/RCC_prg.c:76:17: error: 'HSEBYP' undeclared (first use in this function); did you mean 'RCC_HSEBYP'?
   76 |  RCC->CR&= ~(1<<HSEBYP);
      |                 ^~~~~~
      |                 RCC_HSEBYP
../Src/RCC_prg.c: In function 'RCC_CSSCFG':
../Src/RCC_prg.c:81:17: error: 'CSSON' undeclared (first use in this function)
   81 |  RCC->CR&= ~(1<<CSSON);
      |                 ^~~~~
make: *** [Src/subdir.mk:34: Src/main.o] Error 1
make: *** Waiting for unfinished jobs....
make: *** [Src/subdir.mk:34: Src/RCC_prg.o] Error 1
"make -j8 all" terminated with exit code 2. Build might be incomplete.
19:58:51 **** Incremental Build of configuration Debug for project F103_GPIO_RCC_STK ****
make -j8 all 
arm-none-eabi-gcc "../Src/RCC_prg.c" -mcpu=cortex-m3 -std=gnu11 -g3 -DDEBUG -DSTM32 -DSTM32F1 -DSTM32F103C8Tx -c -I../Inc -O0 -ffunction-sections -fdata-sections -Wall -fstack-usage -fcyclomatic-complexity -MMD -MP -MF"Src/RCC_prg.d" -MT"Src/RCC_prg.o" --specs=nano.specs -mfloat-abi=soft -mthumb -o "Src/RCC_prg.o"
arm-none-eabi-gcc "../Src/main.c" -mcpu=cortex-m3 -std=gnu11 -g3 -DDEBUG -DSTM32 -DSTM32F1 -DSTM32F103C8Tx -c -I../Inc -O0 -ffunction-sections -fdata-sections -Wall -fstack-usage -fcyclomatic-complexity -MMD -MP -MF"Src/main.d" -MT"Src/main.o" --specs=nano.specs -mfloat-abi=soft -mthumb -o "Src/main.o"
In file included from ../Inc/RCC_int.h:7,
                 from ../Src/RCC_prg.c:1:
../Inc/STM32F103.h:37:12: error: unknown type name 'uint32_t'
   37 |   volatile uint32_t CR[2];    // Control register
      |            ^~~~~~~~
../Inc/STM32F103.h:38:12: error: unknown type name 'uint32_t'
   38 |   volatile uint32_t IDR;      // Input type register
      |            ^~~~~~~~
../Inc/STM32F103.h:39:12: error: unknown type name 'uint32_t'
   39 |   volatile uint32_t ODR;      // Output data register
      |            ^~~~~~~~
../Inc/STM32F103.h:40:12: error: unknown type name 'uint32_t'
   40 |   volatile uint32_t BSRR;     // Bit set/reset register
      |            ^~~~~~~~
../Inc/STM32F103.h:41:12: error: unknown type name 'uint32_t'
   41 |   volatile uint32_t BRR;      //
      |            ^~~~~~~~
../Inc/STM32F103.h:42:12: error: unknown type name 'uint32_t'
   42 |   volatile uint32_t LCKR;     // Configuration lock register
      |            ^~~~~~~~
../Inc/STM32F103.h:43:12: error: unknown type name 'uint32_t'
   43 |   volatile uint32_t AFR[2];   // Alternate function register
      |            ^~~~~~~~
../Inc/STM32F103.h:52:12: error: unknown type name 'uint32_t'
   52 |   volatile uint32_t CR;         // Clock control register
      |            ^~~~~~~~
../Inc/STM32F103.h:53:12: error: unknown type name 'uint32_t'
   53 |   volatile uint32_t CFGR;       // PLL configuration register
      |            ^~~~~~~~
../Inc/STM32F103.h:54:12: error: unknown type name 'uint32_t'
   54 |   volatile uint32_t CIR;        // Clock interrupt register
      |            ^~~~~~~~
../Inc/STM32F103.h:55:12: error: unknown type name 'uint32_t'
   55 |   volatile uint32_t APB2RSTR;   // APB2 peripheral reset register
      |            ^~~~~~~~
../Inc/STM32F103.h:56:12: error: unknown type name 'uint32_t'
   56 |   volatile uint32_t APB1RSTR;   // APB1 peripheral reset register
      |            ^~~~~~~~
../Inc/STM32F103.h:57:12: error: unknown type name 'uint32_t'
   57 |   volatile uint32_t AHBENR;     // AHB peripheral clock enable register
      |            ^~~~~~~~
../Inc/STM32F103.h:58:12: error: unknown type name 'uint32_t'
   58 |   volatile uint32_t APB2ENR;    // APB2 peripheral clock enable register
      |            ^~~~~~~~
../Inc/STM32F103.h:59:12: error: unknown type name 'uint32_t'
   59 |   volatile uint32_t APB1ENR;    // APB1 peripheral clock enable register
      |            ^~~~~~~~
../Inc/STM32F103.h:60:12: error: unknown type name 'uint32_t'
   60 |   volatile uint32_t BDCR;       // Backup domain control register
      |            ^~~~~~~~
../Inc/STM32F103.h:61:12: error: unknown type name 'uint32_t'
   61 |   volatile uint32_t CSR;        // Clock control & status register
      |            ^~~~~~~~
../Inc/STM32F103.h:67:11: error: unknown type name 'uint32_t'
   67 |  volatile uint32_t STK_CTRL;
      |           ^~~~~~~~
../Inc/STM32F103.h:68:11: error: unknown type name 'uint32_t'
   68 |  volatile uint32_t STK_LOAD;
      |           ^~~~~~~~
../Inc/STM32F103.h:69:11: error: unknown type name 'uint32_t'
   69 |  volatile uint32_t STK_VAL;
      |           ^~~~~~~~
../Inc/STM32F103.h:70:11: error: unknown type name 'uint32_t'
   70 |  volatile uint32_t STK_CALIB;
      |           ^~~~~~~~
In file included from ../Inc/RCC_int.h:6,
                 from ../Src/RCC_prg.c:1:
../Src/RCC_prg.c: In function 'RCC_SetCLKSTS':
../Src/RCC_prg.c:9:22: error: 'HSION' undeclared (first use in this function)
    9 |    CLEAR_BIT(RCC->CR,HSION);
      |                      ^~~~~
../Inc/Utils.h:16:40: note: in definition of macro 'CLEAR_BIT'
   16 | #define CLEAR_BIT(REG,BIT) (REG&=(~(1<<BIT)))
      |                                        ^~~
../Src/RCC_prg.c:9:22: note: each undeclared identifier is reported only once for each function it appears in
    9 |    CLEAR_BIT(RCC->CR,HSION);
      |                      ^~~~~
../Inc/Utils.h:16:40: note: in definition of macro 'CLEAR_BIT'
   16 | #define CLEAR_BIT(REG,BIT) (REG&=(~(1<<BIT)))
      |                                        ^~~
../Src/RCC_prg.c:14:27: error: 'HSIRDY' undeclared (first use in this function)
   14 |    while(READ_BIT(RCC->CR,HSIRDY));
      |                           ^~~~~~
../Inc/Utils.h:21:34: note: in definition of macro 'READ_BIT'
   21 | #define READ_BIT(REG,BIT) ((REG>>BIT) & 1)
      |                                  ^~~
../Src/RCC_prg.c:20:22: error: 'HSEON' undeclared (first use in this function)
   20 |    CLEAR_BIT(RCC->CR,HSEON);
      |                      ^~~~~
../Inc/Utils.h:16:40: note: in definition of macro 'CLEAR_BIT'
   16 | #define CLEAR_BIT(REG,BIT) (REG&=(~(1<<BIT)))
      |                                        ^~~
../Src/RCC_prg.c:25:27: error: 'HSERDY' undeclared (first use in this function)
   25 |    while(READ_BIT(RCC->CR,HSERDY));
      |                           ^~~~~~
../Inc/Utils.h:21:34: note: in definition of macro 'READ_BIT'
   21 | #define READ_BIT(REG,BIT) ((REG>>BIT) & 1)
      |                                  ^~~
../Src/main.c: In function 'main':
../Src/main.c:35:20: error: expected '}' before ';' token
   35 |    .PIN_Number=PIN0;
      |                    ^
../Src/RCC_prg.c:31:22: error: 'PLLON' undeclared (first use in this function)
   31 |    CLEAR_BIT(RCC->CR,PLLON);
      |                      ^~~~~
../Inc/Utils.h:16:40: note: in definition of macro 'CLEAR_BIT'
   16 | #define CLEAR_BIT(REG,BIT) (REG&=(~(1<<BIT)))
      |                                        ^~~
../Src/main.c:33:2: note: to match this '{'
   33 |  {
      |  ^
../Src/RCC_prg.c:36:27: error: 'PLLRDY' undeclared (first use in this function)
   36 |    while(READ_BIT(RCC->CR,PLLRDY));
      |                           ^~~~~~
../Inc/Utils.h:21:34: note: in definition of macro 'READ_BIT'
   21 | #define READ_BIT(REG,BIT) ((REG>>BIT) & 1)
      |                                  ^~~
../Src/RCC_prg.c: In function 'RCC_SetSYSCLK':
../Src/RCC_prg.c:44:23: error: 'SW0' undeclared (first use in this function)
   44 |  RCC->CFGR &= ~(0b11<<SW0);
      |                       ^~~
In file included from ../Inc/RCC_int.h:6,
                 from ../Src/RCC_prg.c:1:
../Src/RCC_prg.c: In function 'RCC_HSECONFIG':
../Src/RCC_prg.c:53:23: error: 'PLLXTPRE' undeclared (first use in this function)
   53 |   CLEAR_BIT(RCC->CFGR,PLLXTPRE);
      |                       ^~~~~~~~
../Inc/Utils.h:16:40: note: in definition of macro 'CLEAR_BIT'
   16 | #define CLEAR_BIT(REG,BIT) (REG&=(~(1<<BIT)))
      |                                        ^~~
../Src/RCC_prg.c: In function 'RCC_PLLCONFIG':
../Src/RCC_prg.c:62:25: error: 'PLLMUL0' undeclared (first use in this function); did you mean 'PLLMUL_t'?
   62 |  RCC->CFGR &= ~(0b1111<<PLLMUL0);
      |                         ^~~~~~~
      |                         PLLMUL_t
In file included from ../Inc/RCC_int.h:6,
                 from ../Src/RCC_prg.c:1:
../Src/RCC_prg.c:67:23: error: 'PLLSRC' undeclared (first use in this function)
   67 |   CLEAR_BIT(RCC->CFGR,PLLSRC);
      |                       ^~~~~~
../Inc/Utils.h:16:40: note: in definition of macro 'CLEAR_BIT'
   16 | #define CLEAR_BIT(REG,BIT) (REG&=(~(1<<BIT)))
      |                                        ^~~
../Src/RCC_prg.c:64:2: warning: enumeration value 'PLL_clock' not handled in switch [-Wswitch]
   64 |  switch(copy_tCLKtype)
      |  ^~~~~~
../Src/RCC_prg.c: In function 'RCC_HSEBYP':
../Src/RCC_prg.c:76:17: error: 'HSEBYP' undeclared (first use in this function); did you mean 'RCC_HSEBYP'?
   76 |  RCC->CR&= ~(1<<HSEBYP);
      |                 ^~~~~~
      |                 RCC_HSEBYP
../Src/RCC_prg.c: In function 'RCC_CSSCFG':
../Src/RCC_prg.c:81:17: error: 'CSSON' undeclared (first use in this function)
   81 |  RCC->CR&= ~(1<<CSSON);
      |                 ^~~~~
make: *** [Src/subdir.mk:34: Src/main.o] Error 1
make: *** Waiting for unfinished jobs....
make: *** [Src/subdir.mk:34: Src/RCC_prg.o] Error 1
"make -j8 all" terminated with exit code 2. Build might be incomplete.
19:59:03 **** Incremental Build of configuration Debug for project F103_GPIO_RCC_STK ****
make -j8 all 
arm-none-eabi-gcc "../Src/RCC_prg.c" -mcpu=cortex-m3 -std=gnu11 -g3 -DDEBUG -DSTM32 -DSTM32F1 -DSTM32F103C8Tx -c -I../Inc -O0 -ffunction-sections -fdata-sections -Wall -fstack-usage -fcyclomatic-complexity -MMD -MP -MF"Src/RCC_prg.d" -MT"Src/RCC_prg.o" --specs=nano.specs -mfloat-abi=soft -mthumb -o "Src/RCC_prg.o"
arm-none-eabi-gcc "../Src/main.c" -mcpu=cortex-m3 -std=gnu11 -g3 -DDEBUG -DSTM32 -DSTM32F1 -DSTM32F103C8Tx -c -I../Inc -O0 -ffunction-sections -fdata-sections -Wall -fstack-usage -fcyclomatic-complexity -MMD -MP -MF"Src/main.d" -MT"Src/main.o" --specs=nano.specs -mfloat-abi=soft -mthumb -o "Src/main.o"
In file included from ../Inc/RCC_int.h:7,
                 from ../Src/RCC_prg.c:1:
../Inc/STM32F103.h:37:12: error: unknown type name 'uint32_t'
   37 |   volatile uint32_t CR[2];    // Control register
      |            ^~~~~~~~
../Inc/STM32F103.h:38:12: error: unknown type name 'uint32_t'
   38 |   volatile uint32_t IDR;      // Input type register
      |            ^~~~~~~~
../Inc/STM32F103.h:39:12: error: unknown type name 'uint32_t'
   39 |   volatile uint32_t ODR;      // Output data register
      |            ^~~~~~~~
../Inc/STM32F103.h:40:12: error: unknown type name 'uint32_t'
   40 |   volatile uint32_t BSRR;     // Bit set/reset register
      |            ^~~~~~~~
../Inc/STM32F103.h:41:12: error: unknown type name 'uint32_t'
   41 |   volatile uint32_t BRR;      //
      |            ^~~~~~~~
../Inc/STM32F103.h:42:12: error: unknown type name 'uint32_t'
   42 |   volatile uint32_t LCKR;     // Configuration lock register
      |            ^~~~~~~~
../Inc/STM32F103.h:43:12: error: unknown type name 'uint32_t'
   43 |   volatile uint32_t AFR[2];   // Alternate function register
      |            ^~~~~~~~
../Inc/STM32F103.h:52:12: error: unknown type name 'uint32_t'
   52 |   volatile uint32_t CR;         // Clock control register
      |            ^~~~~~~~
../Inc/STM32F103.h:53:12: error: unknown type name 'uint32_t'
   53 |   volatile uint32_t CFGR;       // PLL configuration register
      |            ^~~~~~~~
../Inc/STM32F103.h:54:12: error: unknown type name 'uint32_t'
   54 |   volatile uint32_t CIR;        // Clock interrupt register
      |            ^~~~~~~~
../Inc/STM32F103.h:55:12: error: unknown type name 'uint32_t'
   55 |   volatile uint32_t APB2RSTR;   // APB2 peripheral reset register
      |            ^~~~~~~~
../Inc/STM32F103.h:56:12: error: unknown type name 'uint32_t'
   56 |   volatile uint32_t APB1RSTR;   // APB1 peripheral reset register
      |            ^~~~~~~~
../Inc/STM32F103.h:57:12: error: unknown type name 'uint32_t'
   57 |   volatile uint32_t AHBENR;     // AHB peripheral clock enable register
      |            ^~~~~~~~
../Inc/STM32F103.h:58:12: error: unknown type name 'uint32_t'
   58 |   volatile uint32_t APB2ENR;    // APB2 peripheral clock enable register
      |            ^~~~~~~~
../Inc/STM32F103.h:59:12: error: unknown type name 'uint32_t'
   59 |   volatile uint32_t APB1ENR;    // APB1 peripheral clock enable register
      |            ^~~~~~~~
../Inc/STM32F103.h:60:12: error: unknown type name 'uint32_t'
   60 |   volatile uint32_t BDCR;       // Backup domain control register
      |            ^~~~~~~~
../Inc/STM32F103.h:61:12: error: unknown type name 'uint32_t'
   61 |   volatile uint32_t CSR;        // Clock control & status register
      |            ^~~~~~~~
../Inc/STM32F103.h:67:11: error: unknown type name 'uint32_t'
   67 |  volatile uint32_t STK_CTRL;
      |           ^~~~~~~~
../Inc/STM32F103.h:68:11: error: unknown type name 'uint32_t'
   68 |  volatile uint32_t STK_LOAD;
      |           ^~~~~~~~
../Inc/STM32F103.h:69:11: error: unknown type name 'uint32_t'
   69 |  volatile uint32_t STK_VAL;
      |           ^~~~~~~~
../Inc/STM32F103.h:70:11: error: unknown type name 'uint32_t'
   70 |  volatile uint32_t STK_CALIB;
      |           ^~~~~~~~
In file included from ../Inc/RCC_int.h:6,
                 from ../Src/RCC_prg.c:1:
../Src/RCC_prg.c: In function 'RCC_SetCLKSTS':
../Src/RCC_prg.c:9:22: error: 'HSION' undeclared (first use in this function)
    9 |    CLEAR_BIT(RCC->CR,HSION);
      |                      ^~~~~
../Inc/Utils.h:16:40: note: in definition of macro 'CLEAR_BIT'
   16 | #define CLEAR_BIT(REG,BIT) (REG&=(~(1<<BIT)))
      |                                        ^~~
../Src/RCC_prg.c:9:22: note: each undeclared identifier is reported only once for each function it appears in
    9 |    CLEAR_BIT(RCC->CR,HSION);
      |                      ^~~~~
../Inc/Utils.h:16:40: note: in definition of macro 'CLEAR_BIT'
   16 | #define CLEAR_BIT(REG,BIT) (REG&=(~(1<<BIT)))
      |                                        ^~~
../Src/RCC_prg.c:14:27: error: 'HSIRDY' undeclared (first use in this function)
   14 |    while(READ_BIT(RCC->CR,HSIRDY));
[...]
../Src/RCC_prg.c:36:27: error: 'PLLRDY' undeclared (first use in this function)
   36 |    while(READ_BIT(RCC->CR,PLLRDY));
      |                           ^~~~~~
../Inc/Utils.h:21:34: note: in definition of macro 'READ_BIT'
   21 | #define READ_BIT(REG,BIT) ((REG>>BIT) & 1)
      |                                  ^~~
../Src/RCC_prg.c: In function 'RCC_SetSYSCLK':
../Src/RCC_prg.c:44:23: error: 'SW0' undeclared (first use in this function)
   44 |  RCC->CFGR &= ~(0b11<<SW0);
      |                       ^~~
In file included from ../Inc/RCC_int.h:6,
                 from ../Src/RCC_prg.c:1:
../Src/RCC_prg.c: In function 'RCC_HSECONFIG':
../Src/RCC_prg.c:53:23: error: 'PLLXTPRE' undeclared (first use in this function)
   53 |   CLEAR_BIT(RCC->CFGR,PLLXTPRE);
      |                       ^~~~~~~~
../Inc/Utils.h:16:40: note: in definition of macro 'CLEAR_BIT'
   16 | #define CLEAR_BIT(REG,BIT) (REG&=(~(1<<BIT)))
      |                                        ^~~
../Src/RCC_prg.c: In function 'RCC_PLLCONFIG':
../Src/RCC_prg.c:62:25: error: 'PLLMUL0' undeclared (first use in this function); did you mean 'PLLMUL_t'?
   62 |  RCC->CFGR &= ~(0b1111<<PLLMUL0);
      |                         ^~~~~~~
      |                         PLLMUL_t
../Src/main.c: In function 'main':
../Src/main.c:35:20: error: expected '}' before ';' token
   35 |    .PIN_Number=PIN0;
      |                    ^
../Src/main.c:33:2: note: to match this '{'
   33 |  {
      |  ^
In file included from ../Inc/RCC_int.h:6,
                 from ../Src/RCC_prg.c:1:
../Src/RCC_prg.c:67:23: error: 'PLLSRC' undeclared (first use in this function)
   67 |   CLEAR_BIT(RCC->CFGR,PLLSRC);
      |                       ^~~~~~
../Inc/Utils.h:16:40: note: in definition of macro 'CLEAR_BIT'
   16 | #define CLEAR_BIT(REG,BIT) (REG&=(~(1<<BIT)))
      |                                        ^~~
../Src/RCC_prg.c:64:2: warning: enumeration value 'PLL_clock' not handled in switch [-Wswitch]
   64 |  switch(copy_tCLKtype)
      |  ^~~~~~
../Src/RCC_prg.c: In function 'RCC_HSEBYP':
../Src/RCC_prg.c:76:17: error: 'HSEBYP' undeclared (first use in this function); did you mean 'RCC_HSEBYP'?
   76 |  RCC->CR&= ~(1<<HSEBYP);
      |                 ^~~~~~
      |                 RCC_HSEBYP
../Src/RCC_prg.c: In function 'RCC_CSSCFG':
../Src/RCC_prg.c:81:17: error: 'CSSON' undeclared (first use in this function)
   81 |  RCC->CR&= ~(1<<CSSON);
      |                 ^~~~~
make: *** [Src/subdir.mk:34: Src/main.o] Error 1
make: *** Waiting for unfinished jobs....
make: *** [Src/subdir.mk:34: Src/RCC_prg.o] Error 1
"make -j8 all" terminated with exit code 2. Build might be incomplete.
20:02:37 **** Incremental Build of configuration Debug for project F103_GPIO_RCC_STK ****
make -j8 all 
arm-none-eabi-gcc "../Src/RCC_prg.c" -mcpu=cortex-m3 -std=gnu11 -g3 -DDEBUG -DSTM32 -DSTM32F1 -DSTM32F103C8Tx -c -I../Inc -O0 -ffunction-sections -fdata-sections -Wall -fstack-usage -fcyclomatic-complexity -MMD -MP -MF"Src/RCC_prg.d" -MT"Src/RCC_prg.o" --specs=nano.specs -mfloat-abi=soft -mthumb -o "Src/RCC_prg.o"
arm-none-eabi-gcc "../Src/main.c" -mcpu=cortex-m3 -std=gnu11 -g3 -DDEBUG -DSTM32 -DSTM32F1 -DSTM32F103C8Tx -c -I../Inc -O0 -ffunction-sections -fdata-sections -Wall -fstack-usage -fcyclomatic-complexity -MMD -MP -MF"Src/main.d" -MT"Src/main.o" --specs=nano.specs -mfloat-abi=soft -mthumb -o "Src/main.o"
../Src/main.c: In function 'main':
../Src/main.c:35:20: error: expected '}' before ';' token
   35 |    .PIN_Number=PIN0;
      |                    ^
../Src/main.c:33:2: note: to match this '{'
   33 |  {
      |  ^
make: *** [Src/subdir.mk:34: Src/main.o] Error 1
make: *** Waiting for unfinished jobs....
"make -j8 all" terminated with exit code 2. Build might be incomplete.
20:03:24 **** Incremental Build of configuration Debug for project F103_GPIO_RCC_STK ****
make -j8 all 
arm-none-eabi-gcc "../Src/main.c" -mcpu=cortex-m3 -std=gnu11 -g3 -DDEBUG -DSTM32 -DSTM32F1 -DSTM32F103C8Tx -c -I../Inc -O0 -ffunction-sections -fdata-sections -Wall -fstack-usage -fcyclomatic-complexity -MMD -MP -MF"Src/main.d" -MT"Src/main.o" --specs=nano.specs -mfloat-abi=soft -mthumb -o "Src/main.o"
arm-none-eabi-gcc -o "F103_GPIO_RCC_STK.elf" @"objects.list"   -mcpu=cortex-m3 -T"D:\Amgad_Advanced Diploma\stm_project\F103_GPIO_RCC_STK\STM32F103C8TX_FLASH.ld" --specs=nosys.specs -Wl,-Map="F103_GPIO_RCC_STK.map" -Wl,--gc-sections -static --specs=nano.specs -mfloat-abi=soft -mthumb -Wl,--start-group -lc -lm -Wl,--end-group
Finished building target: F103_GPIO_RCC_STK.elf
 
arm-none-eabi-size   F103_GPIO_RCC_STK.elf 
arm-none-eabi-objdump -h -S  F103_GPIO_RCC_STK.elf  > "F103_GPIO_RCC_STK.list"
   text	   data	    bss	    dec	    hex	filename
   1268	     36	   1572	   2876	    b3c	F103_GPIO_RCC_STK.elf
Finished building: default.size.stdout
 
Finished building: F103_GPIO_RCC_STK.list
 
20:04:52 **** Incremental Build of configuration Debug for project F103_GPIO_RCC_STK ****
make -j8 all 
arm-none-eabi-gcc "../Src/main.c" -mcpu=cortex-m3 -std=gnu11 -g3 -DDEBUG -DSTM32 -DSTM32F1 -DSTM32F103C8Tx -c -I../Inc -O0 -ffunction-sections -fdata-sections -Wall -fstack-usage -fcyclomatic-complexity -MMD -MP -MF"Src/main.d" -MT"Src/main.o" --specs=nano.specs -mfloat-abi=soft -mthumb -o "Src/main.o"
../Src/main.c: In function 'main':
../Src/main.c:39:27: error: expected '}' before ';' token
   39 |    .PIN_OValue=OUTPUT_HIGH;
      |                           ^
../Src/main.c:33:2: note: to match this '{'
   33 |  {
      |  ^
make: *** [Src/subdir.mk:34: Src/main.o] Error 1
"make -j8 all" terminated with exit code 2. Build might be incomplete.
20:05:03 **** Incremental Build of configuration Debug for project F103_GPIO_RCC_STK ****
make -j8 all 
arm-none-eabi-gcc "../Src/main.c" -mcpu=cortex-m3 -std=gnu11 -g3 -DDEBUG -DSTM32 -DSTM32F1 -DSTM32F103C8Tx -c -I../Inc -O0 -ffunction-sections -fdata-sections -Wall -fstack-usage -fcyclomatic-complexity -MMD -MP -MF"Src/main.d" -MT"Src/main.o" --specs=nano.specs -mfloat-abi=soft -mthumb -o "Src/main.o"
arm-none-eabi-gcc -o "F103_GPIO_RCC_STK.elf" @"objects.list"   -mcpu=cortex-m3 -T"D:\Amgad_Advanced Diploma\stm_project\F103_GPIO_RCC_STK\STM32F103C8TX_FLASH.ld" --specs=nosys.specs -Wl,-Map="F103_GPIO_RCC_STK.map" -Wl,--gc-sections -static --specs=nano.specs -mfloat-abi=soft -mthumb -Wl,--start-group -lc -lm -Wl,--end-group
Finished building target: F103_GPIO_RCC_STK.elf
 
arm-none-eabi-size   F103_GPIO_RCC_STK.elf 
arm-none-eabi-objdump -h -S  F103_GPIO_RCC_STK.elf  > "F103_GPIO_RCC_STK.list"
   text	   data	    bss	    dec	    hex	filename
   1272	     36	   1572	   2880	    b40	F103_GPIO_RCC_STK.elf
Finished building: default.size.stdout
 
Finished building: F103_GPIO_RCC_STK.list
 
20:08:46 **** Incremental Build of configuration Debug for project F103_GPIO_RCC_STK ****
make -j8 all 
arm-none-eabi-gcc "../Src/GPIO_prg.c" -mcpu=cortex-m3 -std=gnu11 -g3 -DDEBUG -DSTM32 -DSTM32F1 -DSTM32F103C8Tx -c -I../Inc -O0 -ffunction-sections -fdata-sections -Wall -fstack-usage -fcyclomatic-complexity -MMD -MP -MF"Src/GPIO_prg.d" -MT"Src/GPIO_prg.o" --specs=nano.specs -mfloat-abi=soft -mthumb -o "Src/GPIO_prg.o"
arm-none-eabi-gcc "../Src/RCC_prg.c" -mcpu=cortex-m3 -std=gnu11 -g3 -DDEBUG -DSTM32 -DSTM32F1 -DSTM32F103C8Tx -c -I../Inc -O0 -ffunction-sections -fdata-sections -Wall -fstack-usage -fcyclomatic-complexity -MMD -MP -MF"Src/RCC_prg.d" -MT"Src/RCC_prg.o" --specs=nano.specs -mfloat-abi=soft -mthumb -o "Src/RCC_prg.o"
arm-none-eabi-gcc "../Src/SysTick_prg.c" -mcpu=cortex-m3 -std=gnu11 -g3 -DDEBUG -DSTM32 -DSTM32F1 -DSTM32F103C8Tx -c -I../Inc -O0 -ffunction-sections -fdata-sections -Wall -fstack-usage -fcyclomatic-complexity -MMD -MP -MF"Src/SysTick_prg.d" -MT"Src/SysTick_prg.o" --specs=nano.specs -mfloat-abi=soft -mthumb -o "Src/SysTick_prg.o"
arm-none-eabi-gcc "../Src/main.c" -mcpu=cortex-m3 -std=gnu11 -g3 -DDEBUG -DSTM32 -DSTM32F1 -DSTM32F103C8Tx -c -I../Inc -O0 -ffunction-sections -fdata-sections -Wall -fstack-usage -fcyclomatic-complexity -MMD -MP -MF"Src/main.d" -MT"Src/main.o" --specs=nano.specs -mfloat-abi=soft -mthumb -o "Src/main.o"
arm-none-eabi-gcc -o "F103_GPIO_RCC_STK.elf" @"objects.list"   -mcpu=cortex-m3 -T"D:\Amgad_Advanced Diploma\stm_project\F103_GPIO_RCC_STK\STM32F103C8TX_FLASH.ld" --specs=nosys.specs -Wl,-Map="F103_GPIO_RCC_STK.map" -Wl,--gc-sections -static --specs=nano.specs -mfloat-abi=soft -mthumb -Wl,--start-group -lc -lm -Wl,--end-group
Finished building target: F103_GPIO_RCC_STK.elf
 
arm-none-eabi-size   F103_GPIO_RCC_STK.elf 
arm-none-eabi-objdump -h -S  F103_GPIO_RCC_STK.elf  > "F103_GPIO_RCC_STK.list"
   text	   data	    bss	    dec	    hex	filename
   1308	     36	   1572	   2916	    b64	F103_GPIO_RCC_STK.elf
Finished building: default.size.stdout
 
Finished building: F103_GPIO_RCC_STK.list
 
20:09:11 **** Incremental Build of configuration Debug for project F103_GPIO_RCC_STK ****
make -j8 all 
arm-none-eabi-gcc "../Src/main.c" -mcpu=cortex-m3 -std=gnu11 -g3 -DDEBUG -DSTM32 -DSTM32F1 -DSTM32F103C8Tx -c -I../Inc -O0 -ffunction-sections -fdata-sections -Wall -fstack-usage -fcyclomatic-complexity -MMD -MP -MF"Src/main.d" -MT"Src/main.o" --specs=nano.specs -mfloat-abi=soft -mthumb -o "Src/main.o"
../Src/main.c: In function 'main':
../Src/main.c:41:14: warning: unused variable 'PIN1A' [-Wunused-variable]
   41 |  PinConfig_t PIN1A =
      |              ^~~~~
../Src/main.c:32:14: warning: unused variable 'PIN0A' [-Wunused-variable]
   32 |  PinConfig_t PIN0A =
      |              ^~~~~
arm-none-eabi-gcc -o "F103_GPIO_RCC_STK.elf" @"objects.list"   -mcpu=cortex-m3 -T"D:\Amgad_Advanced Diploma\stm_project\F103_GPIO_RCC_STK\STM32F103C8TX_FLASH.ld" --specs=nosys.specs -Wl,-Map="F103_GPIO_RCC_STK.map" -Wl,--gc-sections -static --specs=nano.specs -mfloat-abi=soft -mthumb -Wl,--start-group -lc -lm -Wl,--end-group
Finished building target: F103_GPIO_RCC_STK.elf
 
arm-none-eabi-size   F103_GPIO_RCC_STK.elf 
arm-none-eabi-objdump -h -S  F103_GPIO_RCC_STK.elf  > "F103_GPIO_RCC_STK.list"
   text	   data	    bss	    dec	    hex	filename
    748	      8	   1576	   2332	    91c	F103_GPIO_RCC_STK.elf
Finished building: default.size.stdout
 
Finished building: F103_GPIO_RCC_STK.list
 
20:09:41 **** Incremental Build of configuration Debug for project F103_GPIO_RCC_STK ****
make -j8 all 
arm-none-eabi-gcc "../Src/main.c" -mcpu=cortex-m3 -std=gnu11 -g3 -DDEBUG -DSTM32 -DSTM32F1 -DSTM32F103C8Tx -c -I../Inc -O0 -ffunction-sections -fdata-sections -Wall -fstack-usage -fcyclomatic-complexity -MMD -MP -MF"Src/main.d" -MT"Src/main.o" --specs=nano.specs -mfloat-abi=soft -mthumb -o "Src/main.o"
arm-none-eabi-gcc -o "F103_GPIO_RCC_STK.elf" @"objects.list"   -mcpu=cortex-m3 -T"D:\Amgad_Advanced Diploma\stm_project\F103_GPIO_RCC_STK\STM32F103C8TX_FLASH.ld" --specs=nosys.specs -Wl,-Map="F103_GPIO_RCC_STK.map" -Wl,--gc-sections -static --specs=nano.specs -mfloat-abi=soft -mthumb -Wl,--start-group -lc -lm -Wl,--end-group
Finished building target: F103_GPIO_RCC_STK.elf
 
arm-none-eabi-size   F103_GPIO_RCC_STK.elf 
arm-none-eabi-objdump -h -S  F103_GPIO_RCC_STK.elf  > "F103_GPIO_RCC_STK.list"
   text	   data	    bss	    dec	    hex	filename
   1308	     36	   1572	   2916	    b64	F103_GPIO_RCC_STK.elf
Finished building: default.size.stdout
 
Finished building: F103_GPIO_RCC_STK.list
 
20:10:12 **** Incremental Build of configuration Debug for project F103_GPIO_RCC_STK ****
make -j8 all 
arm-none-eabi-gcc "../Src/main.c" -mcpu=cortex-m3 -std=gnu11 -g3 -DDEBUG -DSTM32 -DSTM32F1 -DSTM32F103C8Tx -c -I../Inc -O0 -ffunction-sections -fdata-sections -Wall -fstack-usage -fcyclomatic-complexity -MMD -MP -MF"Src/main.d" -MT"Src/main.o" --specs=nano.specs -mfloat-abi=soft -mthumb -o "Src/main.o"
arm-none-eabi-gcc -o "F103_GPIO_RCC_STK.elf" @"objects.list"   -mcpu=cortex-m3 -T"D:\Amgad_Advanced Diploma\stm_project\F103_GPIO_RCC_STK\STM32F103C8TX_FLASH.ld" --specs=nosys.specs -Wl,-Map="F103_GPIO_RCC_STK.map" -Wl,--gc-sections -static --specs=nano.specs -mfloat-abi=soft -mthumb -Wl,--start-group -lc -lm -Wl,--end-group
Finished building target: F103_GPIO_RCC_STK.elf
 
arm-none-eabi-size   F103_GPIO_RCC_STK.elf 
arm-none-eabi-objdump -h -S  F103_GPIO_RCC_STK.elf  > "F103_GPIO_RCC_STK.list"
   text	   data	    bss	    dec	    hex	filename
   1308	     36	   1572	   2916	    b64	F103_GPIO_RCC_STK.elf
Finished building: default.size.stdout
 
Finished building: F103_GPIO_RCC_STK.list
 
20:10:32 **** Incremental Build of configuration Debug for project F103_GPIO_RCC_STK ****
make -j8 all 
arm-none-eabi-gcc "../Src/main.c" -mcpu=cortex-m3 -std=gnu11 -g3 -DDEBUG -DSTM32 -DSTM32F1 -DSTM32F103C8Tx -c -I../Inc -O0 -ffunction-sections -fdata-sections -Wall -fstack-usage -fcyclomatic-complexity -MMD -MP -MF"Src/main.d" -MT"Src/main.o" --specs=nano.specs -mfloat-abi=soft -mthumb -o "Src/main.o"
arm-none-eabi-gcc -o "F103_GPIO_RCC_STK.elf" @"objects.list"   -mcpu=cortex-m3 -T"D:\Amgad_Advanced Diploma\stm_project\F103_GPIO_RCC_STK\STM32F103C8TX_FLASH.ld" --specs=nosys.specs -Wl,-Map="F103_GPIO_RCC_STK.map" -Wl,--gc-sections -static --specs=nano.specs -mfloat-abi=soft -mthumb -Wl,--start-group -lc -lm -Wl,--end-group
Finished building target: F103_GPIO_RCC_STK.elf
 
arm-none-eabi-size   F103_GPIO_RCC_STK.elf 
arm-none-eabi-objdump -h -S  F103_GPIO_RCC_STK.elf  > "F103_GPIO_RCC_STK.list"
   text	   data	    bss	    dec	    hex	filename
   1308	     36	   1572	   2916	    b64	F103_GPIO_RCC_STK.elf
Finished building: default.size.stdout
 
Finished building: F103_GPIO_RCC_STK.list
 
20:12:18 **** Incremental Build of configuration Debug for project F103_GPIO_RCC_STK ****
make -j8 all 
arm-none-eabi-gcc "../Src/main.c" -mcpu=cortex-m3 -std=gnu11 -g3 -DDEBUG -DSTM32 -DSTM32F1 -DSTM32F103C8Tx -c -I../Inc -O0 -ffunction-sections -fdata-sections -Wall -fstack-usage -fcyclomatic-complexity -MMD -MP -MF"Src/main.d" -MT"Src/main.o" --specs=nano.specs -mfloat-abi=soft -mthumb -o "Src/main.o"
arm-none-eabi-gcc -o "F103_GPIO_RCC_STK.elf" @"objects.list"   -mcpu=cortex-m3 -T"D:\Amgad_Advanced Diploma\stm_project\F103_GPIO_RCC_STK\STM32F103C8TX_FLASH.ld" --specs=nosys.specs -Wl,-Map="F103_GPIO_RCC_STK.map" -Wl,--gc-sections -static --specs=nano.specs -mfloat-abi=soft -mthumb -Wl,--start-group -lc -lm -Wl,--end-group
Finished building target: F103_GPIO_RCC_STK.elf
 
arm-none-eabi-size   F103_GPIO_RCC_STK.elf 
arm-none-eabi-objdump -h -S  F103_GPIO_RCC_STK.elf  > "F103_GPIO_RCC_STK.list"
   text	   data	    bss	    dec	    hex	filename
   1312	     36	   1572	   2920	    b68	F103_GPIO_RCC_STK.elf
Finished building: default.size.stdout
 
Finished building: F103_GPIO_RCC_STK.list
 
20:14:55 **** Incremental Build of configuration Debug for project F103_GPIO_RCC_STK ****
make -j8 all 
arm-none-eabi-gcc "../Src/main.c" -mcpu=cortex-m3 -std=gnu11 -g3 -DDEBUG -DSTM32 -DSTM32F1 -DSTM32F103C8Tx -c -I../Inc -O0 -ffunction-sections -fdata-sections -Wall -fstack-usage -fcyclomatic-complexity -MMD -MP -MF"Src/main.d" -MT"Src/main.o" --specs=nano.specs -mfloat-abi=soft -mthumb -o "Src/main.o"
arm-none-eabi-gcc -o "F103_GPIO_RCC_STK.elf" @"objects.list"   -mcpu=cortex-m3 -T"D:\Amgad_Advanced Diploma\stm_project\F103_GPIO_RCC_STK\STM32F103C8TX_FLASH.ld" --specs=nosys.specs -Wl,-Map="F103_GPIO_RCC_STK.map" -Wl,--gc-sections -static --specs=nano.specs -mfloat-abi=soft -mthumb -Wl,--start-group -lc -lm -Wl,--end-group
Finished building target: F103_GPIO_RCC_STK.elf
 
arm-none-eabi-size   F103_GPIO_RCC_STK.elf 
arm-none-eabi-objdump -h -S  F103_GPIO_RCC_STK.elf  > "F103_GPIO_RCC_STK.list"
   text	   data	    bss	    dec	    hex	filename
   1312	     36	   1572	   2920	    b68	F103_GPIO_RCC_STK.elf
Finished building: default.size.stdout
 
Finished building: F103_GPIO_RCC_STK.list
 
20:15:14 **** Incremental Build of configuration Debug for project F103_GPIO_RCC_STK ****
make -j8 all 
arm-none-eabi-size   F103_GPIO_RCC_STK.elf 
   text	   data	    bss	    dec	    hex	filename
   1312	     36	   1572	   2920	    b68	F103_GPIO_RCC_STK.elf
Finished building: default.size.stdout
 
20:24:53 **** Incremental Build of configuration Debug for project F103_GPIO_RCC_STK ****
make -j8 all 
arm-none-eabi-gcc "../Src/GPIO_prg.c" -mcpu=cortex-m3 -std=gnu11 -g3 -DDEBUG -DSTM32 -DSTM32F1 -DSTM32F103C8Tx -c -I../Inc -O0 -ffunction-sections -fdata-sections -Wall -fstack-usage -fcyclomatic-complexity -MMD -MP -MF"Src/GPIO_prg.d" -MT"Src/GPIO_prg.o" --specs=nano.specs -mfloat-abi=soft -mthumb -o "Src/GPIO_prg.o"
arm-none-eabi-gcc -o "F103_GPIO_RCC_STK.elf" @"objects.list"   -mcpu=cortex-m3 -T"D:\Amgad_Advanced Diploma\stm_project\F103_GPIO_RCC_STK\STM32F103C8TX_FLASH.ld" --specs=nosys.specs -Wl,-Map="F103_GPIO_RCC_STK.map" -Wl,--gc-sections -static --specs=nano.specs -mfloat-abi=soft -mthumb -Wl,--start-group -lc -lm -Wl,--end-group
Finished building target: F103_GPIO_RCC_STK.elf
 
arm-none-eabi-size   F103_GPIO_RCC_STK.elf 
arm-none-eabi-objdump -h -S  F103_GPIO_RCC_STK.elf  > "F103_GPIO_RCC_STK.list"
   text	   data	    bss	    dec	    hex	filename
   1312	     36	   1572	   2920	    b68	F103_GPIO_RCC_STK.elf
Finished building: default.size.stdout
 
Finished building: F103_GPIO_RCC_STK.list
 
20:25:22 **** Incremental Build of configuration Debug for project F103_GPIO_RCC_STK ****
make -j8 all 
arm-none-eabi-size   F103_GPIO_RCC_STK.elf 
   text	   data	    bss	    dec	    hex	filename
   1312	     36	   1572	   2920	    b68	F103_GPIO_RCC_STK.elf
Finished building: default.size.stdout
 
20:30:18 **** Incremental Build of configuration Debug for project F103_GPIO_RCC_STK ****
make -j8 all 
arm-none-eabi-gcc "../Src/GPIO_prg.c" -mcpu=cortex-m3 -std=gnu11 -g3 -DDEBUG -DSTM32 -DSTM32F1 -DSTM32F103C8Tx -c -I../Inc -O0 -ffunction-sections -fdata-sections -Wall -fstack-usage -fcyclomatic-complexity -MMD -MP -MF"Src/GPIO_prg.d" -MT"Src/GPIO_prg.o" --specs=nano.specs -mfloat-abi=soft -mthumb -o "Src/GPIO_prg.o"
arm-none-eabi-gcc -o "F103_GPIO_RCC_STK.elf" @"objects.list"   -mcpu=cortex-m3 -T"D:\Amgad_Advanced Diploma\stm_project\F103_GPIO_RCC_STK\STM32F103C8TX_FLASH.ld" --specs=nosys.specs -Wl,-Map="F103_GPIO_RCC_STK.map" -Wl,--gc-sections -static --specs=nano.specs -mfloat-abi=soft -mthumb -Wl,--start-group -lc -lm -Wl,--end-group
Finished building target: F103_GPIO_RCC_STK.elf
 
arm-none-eabi-size   F103_GPIO_RCC_STK.elf 
arm-none-eabi-objdump -h -S  F103_GPIO_RCC_STK.elf  > "F103_GPIO_RCC_STK.list"
   text	   data	    bss	    dec	    hex	filename
   1312	     36	   1572	   2920	    b68	F103_GPIO_RCC_STK.elf
Finished building: default.size.stdout
 
Finished building: F103_GPIO_RCC_STK.list
 
20:30:34 **** Incremental Build of configuration Debug for project F103_GPIO_RCC_STK ****
make -j8 all 
arm-none-eabi-size   F103_GPIO_RCC_STK.elf 
   text	   data	    bss	    dec	    hex	filename
   1312	     36	   1572	   2920	    b68	F103_GPIO_RCC_STK.elf
Finished building: default.size.stdout
 
20:34:18 **** Incremental Build of configuration Debug for project F103_GPIO_RCC_STK ****
make -j8 all 
arm-none-eabi-gcc "../Src/GPIO_prg.c" -mcpu=cortex-m3 -std=gnu11 -g3 -DDEBUG -DSTM32 -DSTM32F1 -DSTM32F103C8Tx -c -I../Inc -O0 -ffunction-sections -fdata-sections -Wall -fstack-usage -fcyclomatic-complexity -MMD -MP -MF"Src/GPIO_prg.d" -MT"Src/GPIO_prg.o" --specs=nano.specs -mfloat-abi=soft -mthumb -o "Src/GPIO_prg.o"
arm-none-eabi-gcc -o "F103_GPIO_RCC_STK.elf" @"objects.list"   -mcpu=cortex-m3 -T"D:\Amgad_Advanced Diploma\stm_project\F103_GPIO_RCC_STK\STM32F103C8TX_FLASH.ld" --specs=nosys.specs -Wl,-Map="F103_GPIO_RCC_STK.map" -Wl,--gc-sections -static --specs=nano.specs -mfloat-abi=soft -mthumb -Wl,--start-group -lc -lm -Wl,--end-group
Finished building target: F103_GPIO_RCC_STK.elf
 
arm-none-eabi-size   F103_GPIO_RCC_STK.elf 
arm-none-eabi-objdump -h -S  F103_GPIO_RCC_STK.elf  > "F103_GPIO_RCC_STK.list"
   text	   data	    bss	    dec	    hex	filename
   1404	     36	   1572	   3012	    bc4	F103_GPIO_RCC_STK.elf
Finished building: default.size.stdout
 
Finished building: F103_GPIO_RCC_STK.list
 
