13:02:21 **** Incremental Build of configuration Debug for project NVIC_F446RE ****
make -j8 all 
arm-none-eabi-gcc "../Src/main.c" -mcpu=cortex-m4 -std=gnu11 -g3 -DDEBUG -DSTM32 -DSTM32F4 -DSTM32F446RETx -c -I../Inc -O0 -ffunction-sections -fdata-sections -Wall -fstack-usage -fcyclomatic-complexity -MMD -MP -MF"Src/main.d" -MT"Src/main.o" --specs=nano.specs -mfpu=fpv4-sp-d16 -mfloat-abi=hard -mthumb -o "Src/main.o"
arm-none-eabi-gcc -o "NVIC_F446RE.elf" @"objects.list"   -mcpu=cortex-m4 -T"D:\.Amgad_Advanced Diploma\Diploma_Work\stm_project\NVIC_F446RE\STM32F446RETX_FLASH.ld" --specs=nosys.specs -Wl,-Map="NVIC_F446RE.map" -Wl,--gc-sections -static --specs=nano.specs -mfpu=fpv4-sp-d16 -mfloat-abi=hard -mthumb -Wl,--start-group -lc -lm -Wl,--end-group
Finished building target: NVIC_F446RE.elf
 
arm-none-eabi-size   NVIC_F446RE.elf 
arm-none-eabi-objdump -h -S  NVIC_F446RE.elf  > "NVIC_F446RE.list"
   text	   data	    bss	    dec	    hex	filename
    952	      8	   1576	   2536	    9e8	NVIC_F446RE.elf
Finished building: default.size.stdout
 
Finished building: NVIC_F446RE.list
 

13:02:21 Build Finished. 0 errors, 0 warnings. (took 570ms)

