13:24:14 **** Incremental Build of configuration Debug for project NVIC_F103 ****
make -j8 all 
arm-none-eabi-gcc "../Src/main.c" -mcpu=cortex-m3 -std=gnu11 -g3 -DDEBUG -DSTM32 -DSTM32F1 -DSTM32F103C8Tx -c -I../Inc -O0 -ffunction-sections -fdata-sections -Wall -fstack-usage -fcyclomatic-complexity -MMD -MP -MF"Src/main.d" -MT"Src/main.o" --specs=nano.specs -mfloat-abi=soft -mthumb -o "Src/main.o"
arm-none-eabi-gcc -o "NVIC_F103.elf" @"objects.list"   -mcpu=cortex-m3 -T"D:\.Amgad_Advanced Diploma\Diploma_Work\stm_project\NVIC_F103\STM32F103C8TX_FLASH.ld" --specs=nosys.specs -Wl,-Map="NVIC_F103.map" -Wl,--gc-sections -static --specs=nano.specs -mfloat-abi=soft -mthumb -Wl,--start-group -lc -lm -Wl,--end-group
Finished building target: NVIC_F103.elf
 
arm-none-eabi-size   NVIC_F103.elf 
arm-none-eabi-objdump -h -S  NVIC_F103.elf  > "NVIC_F103.list"
   text	   data	    bss	    dec	    hex	filename
    796	      8	   1576	   2380	    94c	NVIC_F103.elf
Finished building: default.size.stdout
 
Finished building: NVIC_F103.list
 

13:24:15 Build Finished. 0 errors, 0 warnings. (took 501ms)

