Archive member included to satisfy reference by file (symbol)

c:/st/stm32cubeide_1.12.1/stm32cubeide/plugins/com.st.stm32cube.ide.mcu.externaltools.gnu-tools-for-stm32.10.3-2021.10.win32_1.0.200.202301161003/tools/bin/../lib/gcc/arm-none-eabi/10.3.1/../../../../arm-none-eabi/lib/thumb/v7-m/nofp\libc_nano.a(lib_a-errno.o)
                              ./Src/syscalls.o (__errno)
c:/st/stm32cubeide_1.12.1/stm32cubeide/plugins/com.st.stm32cube.ide.mcu.externaltools.gnu-tools-for-stm32.10.3-2021.10.win32_1.0.200.202301161003/tools/bin/../lib/gcc/arm-none-eabi/10.3.1/../../../../arm-none-eabi/lib/thumb/v7-m/nofp\libc_nano.a(lib_a-exit.o)
                              c:/st/stm32cubeide_1.12.1/stm32cubeide/plugins/com.st.stm32cube.ide.mcu.externaltools.gnu-tools-for-stm32.10.3-2021.10.win32_1.0.200.202301161003/tools/bin/../lib/gcc/arm-none-eabi/10.3.1/../../../../arm-none-eabi/lib/thumb/v7-m/nofp/crt0.o (exit)
c:/st/stm32cubeide_1.12.1/stm32cubeide/plugins/com.st.stm32cube.ide.mcu.externaltools.gnu-tools-for-stm32.10.3-2021.10.win32_1.0.200.202301161003/tools/bin/../lib/gcc/arm-none-eabi/10.3.1/../../../../arm-none-eabi/lib/thumb/v7-m/nofp\libc_nano.a(lib_a-impure.o)
                              c:/st/stm32cubeide_1.12.1/stm32cubeide/plugins/com.st.stm32cube.ide.mcu.externaltools.gnu-tools-for-stm32.10.3-2021.10.win32_1.0.200.202301161003/tools/bin/../lib/gcc/arm-none-eabi/10.3.1/../../../../arm-none-eabi/lib/thumb/v7-m/nofp\libc_nano.a(lib_a-exit.o) (_global_impure_ptr)
c:/st/stm32cubeide_1.12.1/stm32cubeide/plugins/com.st.stm32cube.ide.mcu.externaltools.gnu-tools-for-stm32.10.3-2021.10.win32_1.0.200.202301161003/tools/bin/../lib/gcc/arm-none-eabi/10.3.1/../../../../arm-none-eabi/lib/thumb/v7-m/nofp\libc_nano.a(lib_a-init.o)
                              c:/st/stm32cubeide_1.12.1/stm32cubeide/plugins/com.st.stm32cube.ide.mcu.externaltools.gnu-tools-for-stm32.10.3-2021.10.win32_1.0.200.202301161003/tools/bin/../lib/gcc/arm-none-eabi/10.3.1/../../../../arm-none-eabi/lib/thumb/v7-m/nofp/crt0.o (__libc_init_array)
c:/st/stm32cubeide_1.12.1/stm32cubeide/plugins/com.st.stm32cube.ide.mcu.externaltools.gnu-tools-for-stm32.10.3-2021.10.win32_1.0.200.202301161003/tools/bin/../lib/gcc/arm-none-eabi/10.3.1/../../../../arm-none-eabi/lib/thumb/v7-m/nofp\libc_nano.a(lib_a-memset.o)
                              c:/st/stm32cubeide_1.12.1/stm32cubeide/plugins/com.st.stm32cube.ide.mcu.externaltools.gnu-tools-for-stm32.10.3-2021.10.win32_1.0.200.202301161003/tools/bin/../lib/gcc/arm-none-eabi/10.3.1/../../../../arm-none-eabi/lib/thumb/v7-m/nofp/crt0.o (memset)

Discarded input sections

 .text          0x0000000000000000        0x0 c:/st/stm32cubeide_1.12.1/stm32cubeide/plugins/com.st.stm32cube.ide.mcu.externaltools.gnu-tools-for-stm32.10.3-2021.10.win32_1.0.200.202301161003/tools/bin/../lib/gcc/arm-none-eabi/10.3.1/thumb/v7-m/nofp/crti.o
 .data          0x0000000000000000        0x0 c:/st/stm32cubeide_1.12.1/stm32cubeide/plugins/com.st.stm32cube.ide.mcu.externaltools.gnu-tools-for-stm32.10.3-2021.10.win32_1.0.200.202301161003/tools/bin/../lib/gcc/arm-none-eabi/10.3.1/thumb/v7-m/nofp/crti.o
 .bss           0x0000000000000000        0x0 c:/st/stm32cubeide_1.12.1/stm32cubeide/plugins/com.st.stm32cube.ide.mcu.externaltools.gnu-tools-for-stm32.10.3-2021.10.win32_1.0.200.202301161003/tools/bin/../lib/gcc/arm-none-eabi/10.3.1/thumb/v7-m/nofp/crti.o
 .data          0x0000000000000000        0x4 c:/st/stm32cubeide_1.12.1/stm32cubeide/plugins/com.st.stm32cube.ide.mcu.externaltools.gnu-tools-for-stm32.10.3-2021.10.win32_1.0.200.202301161003/tools/bin/../lib/gcc/arm-none-eabi/10.3.1/thumb/v7-m/nofp/crtbegin.o
 .rodata        0x0000000000000000       0x24 c:/st/stm32cubeide_1.12.1/stm32cubeide/plugins/com.st.stm32cube.ide.mcu.externaltools.gnu-tools-for-stm32.10.3-2021.10.win32_1.0.200.202301161003/tools/bin/../lib/gcc/arm-none-eabi/10.3.1/thumb/v7-m/nofp/crtbegin.o
 .text          0x0000000000000000       0x7c c:/st/stm32cubeide_1.12.1/stm32cubeide/plugins/com.st.stm32cube.ide.mcu.externaltools.gnu-tools-for-stm32.10.3-2021.10.win32_1.0.200.202301161003/tools/bin/../lib/gcc/arm-none-eabi/10.3.1/../../../../arm-none-eabi/lib/thumb/v7-m/nofp/crt0.o
 .data          0x0000000000000000        0x0 c:/st/stm32cubeide_1.12.1/stm32cubeide/plugins/com.st.stm32cube.ide.mcu.externaltools.gnu-tools-for-stm32.10.3-2021.10.win32_1.0.200.202301161003/tools/bin/../lib/gcc/arm-none-eabi/10.3.1/../../../../arm-none-eabi/lib/thumb/v7-m/nofp/crt0.o
 .bss           0x0000000000000000        0x0 c:/st/stm32cubeide_1.12.1/stm32cubeide/plugins/com.st.stm32cube.ide.mcu.externaltools.gnu-tools-for-stm32.10.3-2021.10.win32_1.0.200.202301161003/tools/bin/../lib/gcc/arm-none-eabi/10.3.1/../../../../arm-none-eabi/lib/thumb/v7-m/nofp/crt0.o
 .ARM.extab     0x0000000000000000        0x0 c:/st/stm32cubeide_1.12.1/stm32cubeide/plugins/com.st.stm32cube.ide.mcu.externaltools.gnu-tools-for-stm32.10.3-2021.10.win32_1.0.200.202301161003/tools/bin/../lib/gcc/arm-none-eabi/10.3.1/../../../../arm-none-eabi/lib/thumb/v7-m/nofp/crt0.o
 .ARM.exidx     0x0000000000000000       0x10 c:/st/stm32cubeide_1.12.1/stm32cubeide/plugins/com.st.stm32cube.ide.mcu.externaltools.gnu-tools-for-stm32.10.3-2021.10.win32_1.0.200.202301161003/tools/bin/../lib/gcc/arm-none-eabi/10.3.1/../../../../arm-none-eabi/lib/thumb/v7-m/nofp/crt0.o
 .ARM.attributes
                0x0000000000000000       0x1b c:/st/stm32cubeide_1.12.1/stm32cubeide/plugins/com.st.stm32cube.ide.mcu.externaltools.gnu-tools-for-stm32.10.3-2021.10.win32_1.0.200.202301161003/tools/bin/../lib/gcc/arm-none-eabi/10.3.1/../../../../arm-none-eabi/lib/thumb/v7-m/nofp/crt0.o
 .group         0x0000000000000000        0xc ./Src/GPIO_prg.o
 .group         0x0000000000000000        0xc ./Src/GPIO_prg.o
 .group         0x0000000000000000        0xc ./Src/GPIO_prg.o
 .group         0x0000000000000000        0xc ./Src/GPIO_prg.o
 .group         0x0000000000000000        0xc ./Src/GPIO_prg.o
 .group         0x0000000000000000        0xc ./Src/GPIO_prg.o
 .group         0x0000000000000000        0xc ./Src/GPIO_prg.o
 .group         0x0000000000000000        0xc ./Src/GPIO_prg.o
 .group         0x0000000000000000        0xc ./Src/GPIO_prg.o
 .group         0x0000000000000000        0xc ./Src/GPIO_prg.o
 .group         0x0000000000000000        0xc ./Src/GPIO_prg.o
 .group         0x0000000000000000        0xc ./Src/GPIO_prg.o
 .group         0x0000000000000000        0xc ./Src/GPIO_prg.o
 .group         0x0000000000000000        0xc ./Src/GPIO_prg.o
 .group         0x0000000000000000        0xc ./Src/GPIO_prg.o
 .group         0x0000000000000000        0xc ./Src/GPIO_prg.o
 .group         0x0000000000000000        0xc ./Src/GPIO_prg.o
 .group         0x0000000000000000        0xc ./Src/GPIO_prg.o
 .group         0x0000000000000000        0xc ./Src/GPIO_prg.o
 .group         0x0000000000000000        0xc ./Src/GPIO_prg.o
 .group         0x0000000000000000        0xc ./Src/GPIO_prg.o
 .group         0x0000000000000000        0xc ./Src/GPIO_prg.o
 .group         0x0000000000000000        0xc ./Src/GPIO_prg.o
 .group         0x0000000000000000        0xc ./Src/GPIO_prg.o
 .group         0x0000000000000000        0xc ./Src/GPIO_prg.o
 .group         0x0000000000000000        0xc ./Src/GPIO_prg.o
 .group         0x0000000000000000        0xc ./Src/GPIO_prg.o
 .group         0x0000000000000000        0xc ./Src/GPIO_prg.o
 .group         0x0000000000000000        0xc ./Src/GPIO_prg.o
 .group         0x0000000000000000        0xc ./Src/GPIO_prg.o
 .group         0x0000000000000000        0xc ./Src/GPIO_prg.o
 .group         0x0000000000000000        0xc ./Src/GPIO_prg.o
 .group         0x0000000000000000        0xc ./Src/GPIO_prg.o
 .group         0x0000000000000000        0xc ./Src/GPIO_prg.o
 .group         0x0000000000000000        0xc ./Src/GPIO_prg.o
 .group         0x0000000000000000        0xc ./Src/GPIO_prg.o
 .group         0x0000000000000000        0xc ./Src/GPIO_prg.o
 .group         0x0000000000000000        0xc ./Src/GPIO_prg.o
 .group         0x0000000000000000        0xc ./Src/GPIO_prg.o
 .text          0x0000000000000000        0x0 ./Src/GPIO_prg.o
 .data          0x0000000000000000        0x0 ./Src/GPIO_prg.o
 .bss           0x0000000000000000        0x0 ./Src/GPIO_prg.o
 .text.GPIO_vSetOutputPinValue
                0x0000000000000000       0x8c ./Src/GPIO_prg.o
 .text.GPIO_vToggleOutputPinValue
                0x0000000000000000       0x58 ./Src/GPIO_prg.o
 .text.GPIO_vReadInputPinValue
                0x0000000000000000       0x54 ./Src/GPIO_prg.o
 .group         0x0000000000000000        0xc ./Src/RCC_prg.o
 .group         0x0000000000000000        0xc ./Src/RCC_prg.o
 .group         0x0000000000000000        0xc ./Src/RCC_prg.o
 .group         0x0000000000000000        0xc ./Src/RCC_prg.o
 .group         0x0000000000000000        0xc ./Src/RCC_prg.o
 .group         0x0000000000000000        0xc ./Src/RCC_prg.o
 .group         0x0000000000000000        0xc ./Src/RCC_prg.o
 .group         0x0000000000000000        0xc ./Src/RCC_prg.o
 .group         0x0000000000000000        0xc ./Src/RCC_prg.o
 .group         0x0000000000000000        0xc ./Src/RCC_prg.o
 .group         0x0000000000000000        0xc ./Src/RCC_prg.o
 .group         0x0000000000000000        0xc ./Src/RCC_prg.o
 .group         0x0000000000000000        0xc ./Src/RCC_prg.o
 .group         0x0000000000000000        0xc ./Src/RCC_prg.o
 .group         0x0000000000000000        0xc ./Src/RCC_prg.o
 .group         0x0000000000000000        0xc ./Src/RCC_prg.o
 .group         0x0000000000000000        0xc ./Src/RCC_prg.o
 .group         0x0000000000000000        0xc ./Src/RCC_prg.o
 .group         0x0000000000000000        0xc ./Src/RCC_prg.o
 .group         0x0000000000000000        0xc ./Src/RCC_prg.o
 .group         0x0000000000000000        0xc ./Src/RCC_prg.o
 .group         0x0000000000000000        0xc ./Src/RCC_prg.o
 .group         0x0000000000000000        0xc ./Src/RCC_prg.o
 .group         0x0000000000000000        0xc ./Src/RCC_prg.o
 .group         0x0000000000000000        0xc ./Src/RCC_prg.o
 .group         0x0000000000000000        0xc ./Src/RCC_prg.o
 .group         0x0000000000000000        0xc ./Src/RCC_prg.o
 .group         0x0000000000000000        0xc ./Src/RCC_prg.o
 .group         0x0000000000000000        0xc ./Src/RCC_prg.o
 .group         0x0000000000000000        0xc ./Src/RCC_prg.o
 .group         0x0000000000000000        0xc ./Src/RCC_prg.o
 .group         0x0000000000000000        0xc ./Src/RCC_prg.o
 .group         0x0000000000000000        0xc ./Src/RCC_prg.o
 .group         0x0000000000000000        0xc ./Src/RCC_prg.o
 .group         0x0000000000000000        0xc ./Src/RCC_prg.o
 .text          0x0000000000000000        0x0 ./Src/RCC_prg.o
 .data          0x0000000000000000        0x0 ./Src/RCC_prg.o
 .bss           0x0000000000000000        0x0 ./Src/RCC_prg.o
 .text.RCC_SetCLKSTS
                0x0000000000000000       0x1a ./Src/RCC_prg.o
 .text.RCC_SetSYSCLK
                0x0000000000000000       0x14 ./Src/RCC_prg.o
 .text.RCC_HSECONFIG
                0x0000000000000000       0x14 ./Src/RCC_prg.o
 .text.RCC_PLLCONFIG
                0x0000000000000000       0x1a ./Src/RCC_prg.o
 .text.RCC_HSEBYP
                0x0000000000000000       0x14 ./Src/RCC_prg.o
 .text.RCC_CSSCFG
                0x0000000000000000       0x14 ./Src/RCC_prg.o
 .text.RCC_AHBEnableCLK
                0x0000000000000000       0x2c ./Src/RCC_prg.o
 .text.RCC_AHBDisableCLK
                0x0000000000000000       0x30 ./Src/RCC_prg.o
 .text.RCC_APB1EnableCLK
                0x0000000000000000       0x2c ./Src/RCC_prg.o
 .text.RCC_APB1DisableCLK
                0x0000000000000000       0x30 ./Src/RCC_prg.o
 .text.RCC_APB2DisableCLK
                0x0000000000000000       0x30 ./Src/RCC_prg.o
 .debug_macro   0x0000000000000000      0xa72 ./Src/RCC_prg.o
 .debug_macro   0x0000000000000000       0x22 ./Src/RCC_prg.o
 .debug_macro   0x0000000000000000       0x22 ./Src/RCC_prg.o
 .debug_macro   0x0000000000000000       0x18 ./Src/RCC_prg.o
 .debug_macro   0x0000000000000000       0x3c ./Src/RCC_prg.o
 .debug_macro   0x0000000000000000       0x34 ./Src/RCC_prg.o
 .debug_macro   0x0000000000000000       0x16 ./Src/RCC_prg.o
 .debug_macro   0x0000000000000000       0x97 ./Src/RCC_prg.o
 .debug_macro   0x0000000000000000      0x341 ./Src/RCC_prg.o
 .debug_macro   0x0000000000000000       0xfd ./Src/RCC_prg.o
 .debug_macro   0x0000000000000000       0x10 ./Src/RCC_prg.o
 .debug_macro   0x0000000000000000       0x16 ./Src/RCC_prg.o
 .debug_macro   0x0000000000000000       0x43 ./Src/RCC_prg.o
 .debug_macro   0x0000000000000000       0x34 ./Src/RCC_prg.o
 .debug_macro   0x0000000000000000       0x10 ./Src/RCC_prg.o
 .debug_macro   0x0000000000000000       0x58 ./Src/RCC_prg.o
 .debug_macro   0x0000000000000000       0x71 ./Src/RCC_prg.o
 .debug_macro   0x0000000000000000       0x1c ./Src/RCC_prg.o
 .debug_macro   0x0000000000000000      0x12a ./Src/RCC_prg.o
 .debug_macro   0x0000000000000000       0x10 ./Src/RCC_prg.o
 .debug_macro   0x0000000000000000       0x6a ./Src/RCC_prg.o
 .debug_macro   0x0000000000000000       0x1c ./Src/RCC_prg.o
 .debug_macro   0x0000000000000000       0x52 ./Src/RCC_prg.o
 .debug_macro   0x0000000000000000       0x22 ./Src/RCC_prg.o
 .debug_macro   0x0000000000000000       0x10 ./Src/RCC_prg.o
 .debug_macro   0x0000000000000000       0x52 ./Src/RCC_prg.o
 .debug_macro   0x0000000000000000       0xd5 ./Src/RCC_prg.o
 .debug_macro   0x0000000000000000       0x1c ./Src/RCC_prg.o
 .debug_macro   0x0000000000000000       0x3d ./Src/RCC_prg.o
 .debug_macro   0x0000000000000000       0x16 ./Src/RCC_prg.o
 .debug_macro   0x0000000000000000      0x145 ./Src/RCC_prg.o
 .debug_macro   0x0000000000000000       0x82 ./Src/RCC_prg.o
 .group         0x0000000000000000        0xc ./Src/SysTick_prg.o
 .group         0x0000000000000000        0xc ./Src/SysTick_prg.o
 .group         0x0000000000000000        0xc ./Src/SysTick_prg.o
 .group         0x0000000000000000        0xc ./Src/SysTick_prg.o
 .group         0x0000000000000000        0xc ./Src/SysTick_prg.o
 .group         0x0000000000000000        0xc ./Src/SysTick_prg.o
 .group         0x0000000000000000        0xc ./Src/SysTick_prg.o
 .group         0x0000000000000000        0xc ./Src/SysTick_prg.o
 .group         0x0000000000000000        0xc ./Src/SysTick_prg.o
 .group         0x0000000000000000        0xc ./Src/SysTick_prg.o
 .group         0x0000000000000000        0xc ./Src/SysTick_prg.o
 .group         0x0000000000000000        0xc ./Src/SysTick_prg.o
 .group         0x0000000000000000        0xc ./Src/SysTick_prg.o
 .group         0x0000000000000000        0xc ./Src/SysTick_prg.o
 .group         0x0000000000000000        0xc ./Src/SysTick_prg.o
 .group         0x0000000000000000        0xc ./Src/SysTick_prg.o
 .group         0x0000000000000000        0xc ./Src/SysTick_prg.o
 .group         0x0000000000000000        0xc ./Src/SysTick_prg.o
 .group         0x0000000000000000        0xc ./Src/SysTick_prg.o
 .group         0x0000000000000000        0xc ./Src/SysTick_prg.o
 .group         0x0000000000000000        0xc ./Src/SysTick_prg.o
 .group         0x0000000000000000        0xc ./Src/SysTick_prg.o
 .group         0x0000000000000000        0xc ./Src/SysTick_prg.o
 .group         0x0000000000000000        0xc ./Src/SysTick_prg.o
 .group         0x0000000000000000        0xc ./Src/SysTick_prg.o
 .group         0x0000000000000000        0xc ./Src/SysTick_prg.o
 .group         0x0000000000000000        0xc ./Src/SysTick_prg.o
 .group         0x0000000000000000        0xc ./Src/SysTick_prg.o
 .group         0x0000000000000000        0xc ./Src/SysTick_prg.o
 .group         0x0000000000000000        0xc ./Src/SysTick_prg.o
 .group         0x0000000000000000        0xc ./Src/SysTick_prg.o
 .group         0x0000000000000000        0xc ./Src/SysTick_prg.o
 .group         0x0000000000000000        0xc ./Src/SysTick_prg.o
 .group         0x0000000000000000        0xc ./Src/SysTick_prg.o
 .group         0x0000000000000000        0xc ./Src/SysTick_prg.o
 .group         0x0000000000000000        0xc ./Src/SysTick_prg.o
 .group         0x0000000000000000        0xc ./Src/SysTick_prg.o
 .text          0x0000000000000000        0x0 ./Src/SysTick_prg.o
 .data          0x0000000000000000        0x0 ./Src/SysTick_prg.o
 .bss           0x0000000000000000        0x0 ./Src/SysTick_prg.o
 .text.STK_vStartTimer
                0x0000000000000000       0x30 ./Src/SysTick_prg.o
 .text.STK_vStopTimer
                0x0000000000000000       0x24 ./Src/SysTick_prg.o
 .text.STK_vSetBusyWait
                0x0000000000000000       0x4c ./Src/SysTick_prg.o
 .text.STK_vSetIntervalSingle
                0x0000000000000000       0x44 ./Src/SysTick_prg.o
 .text.STK_vSetIntervalPeriodic
                0x0000000000000000       0x44 ./Src/SysTick_prg.o
 .text.STK_vGetElapsedTime
                0x0000000000000000       0x1c ./Src/SysTick_prg.o
 .text.STK_vGetRemainingTime
                0x0000000000000000       0x14 ./Src/SysTick_prg.o
 .debug_macro   0x0000000000000000      0xa72 ./Src/SysTick_prg.o
 .debug_macro   0x0000000000000000       0x22 ./Src/SysTick_prg.o
 .debug_macro   0x0000000000000000       0x8e ./Src/SysTick_prg.o
 .debug_macro   0x0000000000000000       0x51 ./Src/SysTick_prg.o
 .debug_macro   0x0000000000000000      0x103 ./Src/SysTick_prg.o
 .debug_macro   0x0000000000000000       0x6a ./Src/SysTick_prg.o
 .debug_macro   0x0000000000000000      0x1df ./Src/SysTick_prg.o
 .debug_macro   0x0000000000000000       0x22 ./Src/SysTick_prg.o
 .debug_macro   0x0000000000000000       0x52 ./Src/SysTick_prg.o
 .debug_macro   0x0000000000000000       0x18 ./Src/SysTick_prg.o
 .debug_macro   0x0000000000000000       0x3c ./Src/SysTick_prg.o
 .debug_macro   0x0000000000000000       0x34 ./Src/SysTick_prg.o
 .debug_macro   0x0000000000000000       0x16 ./Src/SysTick_prg.o
 .debug_macro   0x0000000000000000       0x97 ./Src/SysTick_prg.o
 .debug_macro   0x0000000000000000      0x341 ./Src/SysTick_prg.o
 .debug_macro   0x0000000000000000       0xfd ./Src/SysTick_prg.o
 .debug_macro   0x0000000000000000       0x10 ./Src/SysTick_prg.o
 .debug_macro   0x0000000000000000       0x16 ./Src/SysTick_prg.o
 .debug_macro   0x0000000000000000       0x43 ./Src/SysTick_prg.o
 .debug_macro   0x0000000000000000       0x34 ./Src/SysTick_prg.o
 .debug_macro   0x0000000000000000       0x10 ./Src/SysTick_prg.o
 .debug_macro   0x0000000000000000       0x58 ./Src/SysTick_prg.o
 .debug_macro   0x0000000000000000       0x71 ./Src/SysTick_prg.o
 .debug_macro   0x0000000000000000       0x1c ./Src/SysTick_prg.o
 .debug_macro   0x0000000000000000      0x12a ./Src/SysTick_prg.o
 .debug_macro   0x0000000000000000       0x10 ./Src/SysTick_prg.o
 .debug_macro   0x0000000000000000       0x1c ./Src/SysTick_prg.o
 .debug_macro   0x0000000000000000       0x52 ./Src/SysTick_prg.o
 .debug_macro   0x0000000000000000       0x22 ./Src/SysTick_prg.o
 .debug_macro   0x0000000000000000       0x10 ./Src/SysTick_prg.o
 .debug_macro   0x0000000000000000       0x52 ./Src/SysTick_prg.o
 .debug_macro   0x0000000000000000       0xd5 ./Src/SysTick_prg.o
 .debug_macro   0x0000000000000000       0x1c ./Src/SysTick_prg.o
 .debug_macro   0x0000000000000000       0x3d ./Src/SysTick_prg.o
 .debug_macro   0x0000000000000000       0x16 ./Src/SysTick_prg.o
 .debug_macro   0x0000000000000000      0x145 ./Src/SysTick_prg.o
 .debug_macro   0x0000000000000000       0x82 ./Src/SysTick_prg.o
 .group         0x0000000000000000        0xc ./Src/main.o
 .group         0x0000000000000000        0xc ./Src/main.o
 .group         0x0000000000000000        0xc ./Src/main.o
 .group         0x0000000000000000        0xc ./Src/main.o
 .group         0x0000000000000000        0xc ./Src/main.o
 .group         0x0000000000000000        0xc ./Src/main.o
 .group         0x0000000000000000        0xc ./Src/main.o
 .group         0x0000000000000000        0xc ./Src/main.o
 .group         0x0000000000000000        0xc ./Src/main.o
 .group         0x0000000000000000        0xc ./Src/main.o
 .group         0x0000000000000000        0xc ./Src/main.o
 .group         0x0000000000000000        0xc ./Src/main.o
 .group         0x0000000000000000        0xc ./Src/main.o
 .group         0x0000000000000000        0xc ./Src/main.o
 .group         0x0000000000000000        0xc ./Src/main.o
 .group         0x0000000000000000        0xc ./Src/main.o
 .group         0x0000000000000000        0xc ./Src/main.o
 .group         0x0000000000000000        0xc ./Src/main.o
 .group         0x0000000000000000        0xc ./Src/main.o
 .group         0x0000000000000000        0xc ./Src/main.o
 .group         0x0000000000000000        0xc ./Src/main.o
 .group         0x0000000000000000        0xc ./Src/main.o
 .group         0x0000000000000000        0xc ./Src/main.o
 .group         0x0000000000000000        0xc ./Src/main.o
 .group         0x0000000000000000        0xc ./Src/main.o
 .group         0x0000000000000000        0xc ./Src/main.o
 .group         0x0000000000000000        0xc ./Src/main.o
 .group         0x0000000000000000        0xc ./Src/main.o
 .group         0x0000000000000000        0xc ./Src/main.o
 .group         0x0000000000000000        0xc ./Src/main.o
 .group         0x0000000000000000        0xc ./Src/main.o
 .group         0x0000000000000000        0xc ./Src/main.o
 .group         0x0000000000000000        0xc ./Src/main.o
 .group         0x0000000000000000        0xc ./Src/main.o
 .group         0x0000000000000000        0xc ./Src/main.o
 .group         0x0000000000000000        0xc ./Src/main.o
 .group         0x0000000000000000        0xc ./Src/main.o
 .group         0x0000000000000000        0xc ./Src/main.o
 .text          0x0000000000000000        0x0 ./Src/main.o
 .data          0x0000000000000000        0x0 ./Src/main.o
 .bss           0x0000000000000000        0x0 ./Src/main.o
 .debug_macro   0x0000000000000000      0xa72 ./Src/main.o
 .debug_macro   0x0000000000000000       0x22 ./Src/main.o
 .debug_macro   0x0000000000000000       0x8e ./Src/main.o
 .debug_macro   0x0000000000000000       0x51 ./Src/main.o
 .debug_macro   0x0000000000000000      0x103 ./Src/main.o
 .debug_macro   0x0000000000000000       0x6a ./Src/main.o
 .debug_macro   0x0000000000000000      0x1df ./Src/main.o
 .debug_macro   0x0000000000000000       0x1c ./Src/main.o
 .debug_macro   0x0000000000000000       0x22 ./Src/main.o
 .debug_macro   0x0000000000000000       0x52 ./Src/main.o
 .debug_macro   0x0000000000000000       0x18 ./Src/main.o
 .debug_macro   0x0000000000000000       0x3c ./Src/main.o
 .debug_macro   0x0000000000000000       0x34 ./Src/main.o
 .debug_macro   0x0000000000000000       0x16 ./Src/main.o
 .debug_macro   0x0000000000000000       0x97 ./Src/main.o
 .debug_macro   0x0000000000000000      0x341 ./Src/main.o
 .debug_macro   0x0000000000000000       0xfd ./Src/main.o
 .debug_macro   0x0000000000000000       0x10 ./Src/main.o
 .debug_macro   0x0000000000000000       0x16 ./Src/main.o
 .debug_macro   0x0000000000000000       0x43 ./Src/main.o
 .debug_macro   0x0000000000000000       0x34 ./Src/main.o
 .debug_macro   0x0000000000000000       0x10 ./Src/main.o
 .debug_macro   0x0000000000000000       0x58 ./Src/main.o
 .debug_macro   0x0000000000000000       0x71 ./Src/main.o
 .debug_macro   0x0000000000000000       0x1c ./Src/main.o
 .debug_macro   0x0000000000000000      0x12a ./Src/main.o
 .debug_macro   0x0000000000000000       0x10 ./Src/main.o
 .debug_macro   0x0000000000000000       0x1c ./Src/main.o
 .debug_macro   0x0000000000000000       0x52 ./Src/main.o
 .debug_macro   0x0000000000000000       0x22 ./Src/main.o
 .debug_macro   0x0000000000000000       0x10 ./Src/main.o
 .debug_macro   0x0000000000000000       0x52 ./Src/main.o
 .debug_macro   0x0000000000000000       0xd5 ./Src/main.o
 .debug_macro   0x0000000000000000       0x1c ./Src/main.o
 .debug_macro   0x0000000000000000       0x3d ./Src/main.o
 .debug_macro   0x0000000000000000       0x16 ./Src/main.o
 .debug_macro   0x0000000000000000      0x145 ./Src/main.o
 .debug_macro   0x0000000000000000       0x82 ./Src/main.o
 .group         0x0000000000000000        0xc ./Src/syscalls.o
 .group         0x0000000000000000        0xc ./Src/syscalls.o
 .group         0x0000000000000000        0xc ./Src/syscalls.o
 .group         0x0000000000000000        0xc ./Src/syscalls.o
 .group         0x0000000000000000        0xc ./Src/syscalls.o
 .group         0x0000000000000000        0xc ./Src/syscalls.o
 .group         0x0000000000000000        0xc ./Src/syscalls.o
 .group         0x0000000000000000        0xc ./Src/syscalls.o
 .group         0x0000000000000000        0xc ./Src/syscalls.o
 .group         0x0000000000000000        0xc ./Src/syscalls.o
 .group         0x0000000000000000        0xc ./Src/syscalls.o
 .group         0x0000000000000000        0xc ./Src/syscalls.o
 .group         0x0000000000000000        0xc ./Src/syscalls.o
 .group         0x0000000000000000        0xc ./Src/syscalls.o
 .group         0x0000000000000000        0xc ./Src/syscalls.o
 .group         0x0000000000000000        0xc ./Src/syscalls.o
 .group         0x0000000000000000        0xc ./Src/syscalls.o
 .group         0x0000000000000000        0xc ./Src/syscalls.o
 .group         0x0000000000000000        0xc ./Src/syscalls.o
 .group         0x0000000000000000        0xc ./Src/syscalls.o
 .group         0x0000000000000000        0xc ./Src/syscalls.o
 .group         0x0000000000000000        0xc ./Src/syscalls.o
 .group         0x0000000000000000        0xc ./Src/syscalls.o
 .group         0x0000000000000000        0xc ./Src/syscalls.o
 .group         0x0000000000000000        0xc ./Src/syscalls.o
 .group         0x0000000000000000        0xc ./Src/syscalls.o
 .group         0x0000000000000000        0xc ./Src/syscalls.o
 .group         0x0000000000000000        0xc ./Src/syscalls.o
 .group         0x0000000000000000        0xc ./Src/syscalls.o
 .group         0x0000000000000000        0xc ./Src/syscalls.o
 .group         0x0000000000000000        0xc ./Src/syscalls.o
 .group         0x0000000000000000        0xc ./Src/syscalls.o
 .group         0x0000000000000000        0xc ./Src/syscalls.o
 .group         0x0000000000000000        0xc ./Src/syscalls.o
 .group         0x0000000000000000        0xc ./Src/syscalls.o
 .group         0x0000000000000000        0xc ./Src/syscalls.o
 .group         0x0000000000000000        0xc ./Src/syscalls.o
 .group         0x0000000000000000        0xc ./Src/syscalls.o
 .group         0x0000000000000000        0xc ./Src/syscalls.o
 .group         0x0000000000000000        0xc ./Src/syscalls.o
 .group         0x0000000000000000        0xc ./Src/syscalls.o
 .group         0x0000000000000000        0xc ./Src/syscalls.o
 .group         0x0000000000000000        0xc ./Src/syscalls.o
 .group         0x0000000000000000        0xc ./Src/syscalls.o
 .group         0x0000000000000000        0xc ./Src/syscalls.o
 .group         0x0000000000000000        0xc ./Src/syscalls.o
 .group         0x0000000000000000        0xc ./Src/syscalls.o
 .text          0x0000000000000000        0x0 ./Src/syscalls.o
 .data          0x0000000000000000        0x0 ./Src/syscalls.o
 .bss           0x0000000000000000        0x0 ./Src/syscalls.o
 .bss.__env     0x0000000000000000        0x4 ./Src/syscalls.o
 .data.environ  0x0000000000000000        0x4 ./Src/syscalls.o
 .text.initialise_monitor_handles
                0x0000000000000000        0xc ./Src/syscalls.o
 .text._getpid  0x0000000000000000        0xe ./Src/syscalls.o
 .text._kill    0x0000000000000000       0x20 ./Src/syscalls.o
 .text._exit    0x0000000000000000       0x14 ./Src/syscalls.o
 .text._read    0x0000000000000000       0x3a ./Src/syscalls.o
 .text._write   0x0000000000000000       0x38 ./Src/syscalls.o
 .text._close   0x0000000000000000       0x16 ./Src/syscalls.o
 .text._fstat   0x0000000000000000       0x1e ./Src/syscalls.o
 .text._isatty  0x0000000000000000       0x14 ./Src/syscalls.o
 .text._lseek   0x0000000000000000       0x18 ./Src/syscalls.o
 .text._open    0x0000000000000000       0x1a ./Src/syscalls.o
 .text._wait    0x0000000000000000       0x1e ./Src/syscalls.o
 .text._unlink  0x0000000000000000       0x1e ./Src/syscalls.o
 .text._times   0x0000000000000000       0x16 ./Src/syscalls.o
 .text._stat    0x0000000000000000       0x1e ./Src/syscalls.o
 .text._link    0x0000000000000000       0x20 ./Src/syscalls.o
 .text._fork    0x0000000000000000       0x16 ./Src/syscalls.o
 .text._execve  0x0000000000000000       0x22 ./Src/syscalls.o
 .debug_info    0x0000000000000000      0x6e0 ./Src/syscalls.o
 .debug_abbrev  0x0000000000000000      0x1b3 ./Src/syscalls.o
 .debug_aranges
                0x0000000000000000       0xa8 ./Src/syscalls.o
 .debug_ranges  0x0000000000000000       0x98 ./Src/syscalls.o
 .debug_macro   0x0000000000000000      0x24c ./Src/syscalls.o
 .debug_macro   0x0000000000000000      0xa72 ./Src/syscalls.o
 .debug_macro   0x0000000000000000       0x22 ./Src/syscalls.o
 .debug_macro   0x0000000000000000       0x4c ./Src/syscalls.o
 .debug_macro   0x0000000000000000       0x18 ./Src/syscalls.o
 .debug_macro   0x0000000000000000       0x94 ./Src/syscalls.o
 .debug_macro   0x0000000000000000       0x3c ./Src/syscalls.o
 .debug_macro   0x0000000000000000       0x34 ./Src/syscalls.o
 .debug_macro   0x0000000000000000       0x57 ./Src/syscalls.o
 .debug_macro   0x0000000000000000      0x174 ./Src/syscalls.o
 .debug_macro   0x0000000000000000      0x341 ./Src/syscalls.o
 .debug_macro   0x0000000000000000       0x16 ./Src/syscalls.o
 .debug_macro   0x0000000000000000       0x43 ./Src/syscalls.o
 .debug_macro   0x0000000000000000       0x34 ./Src/syscalls.o
 .debug_macro   0x0000000000000000       0x10 ./Src/syscalls.o
 .debug_macro   0x0000000000000000       0x58 ./Src/syscalls.o
 .debug_macro   0x0000000000000000       0x71 ./Src/syscalls.o
 .debug_macro   0x0000000000000000       0x1c ./Src/syscalls.o
 .debug_macro   0x0000000000000000      0x12a ./Src/syscalls.o
 .debug_macro   0x0000000000000000       0x10 ./Src/syscalls.o
 .debug_macro   0x0000000000000000       0x35 ./Src/syscalls.o
 .debug_macro   0x0000000000000000       0x10 ./Src/syscalls.o
 .debug_macro   0x0000000000000000       0x10 ./Src/syscalls.o
 .debug_macro   0x0000000000000000       0x10 ./Src/syscalls.o
 .debug_macro   0x0000000000000000       0x6a ./Src/syscalls.o
 .debug_macro   0x0000000000000000       0x1c ./Src/syscalls.o
 .debug_macro   0x0000000000000000       0x52 ./Src/syscalls.o
 .debug_macro   0x0000000000000000       0x22 ./Src/syscalls.o
 .debug_macro   0x0000000000000000       0x10 ./Src/syscalls.o
 .debug_macro   0x0000000000000000       0x52 ./Src/syscalls.o
 .debug_macro   0x0000000000000000       0xd5 ./Src/syscalls.o
 .debug_macro   0x0000000000000000       0x1c ./Src/syscalls.o
 .debug_macro   0x0000000000000000       0x3d ./Src/syscalls.o
 .debug_macro   0x0000000000000000       0x35 ./Src/syscalls.o
 .debug_macro   0x0000000000000000      0x12c ./Src/syscalls.o
 .debug_macro   0x0000000000000000       0x16 ./Src/syscalls.o
 .debug_macro   0x0000000000000000       0x16 ./Src/syscalls.o
 .debug_macro   0x0000000000000000       0x29 ./Src/syscalls.o
 .debug_macro   0x0000000000000000       0x10 ./Src/syscalls.o
 .debug_macro   0x0000000000000000      0x241 ./Src/syscalls.o
 .debug_macro   0x0000000000000000       0x1c ./Src/syscalls.o
 .debug_macro   0x0000000000000000       0x10 ./Src/syscalls.o
 .debug_macro   0x0000000000000000       0x10 ./Src/syscalls.o
 .debug_macro   0x0000000000000000       0x16 ./Src/syscalls.o
 .debug_macro   0x0000000000000000      0x145 ./Src/syscalls.o
 .debug_macro   0x0000000000000000      0x189 ./Src/syscalls.o
 .debug_macro   0x0000000000000000       0x16 ./Src/syscalls.o
 .debug_macro   0x0000000000000000       0xce ./Src/syscalls.o
 .debug_line    0x0000000000000000      0x7f9 ./Src/syscalls.o
 .debug_str     0x0000000000000000     0x8a34 ./Src/syscalls.o
 .comment       0x0000000000000000       0x51 ./Src/syscalls.o
 .debug_frame   0x0000000000000000      0x2ac ./Src/syscalls.o
 .ARM.attributes
                0x0000000000000000       0x2d ./Src/syscalls.o
 .group         0x0000000000000000        0xc ./Src/sysmem.o
 .group         0x0000000000000000        0xc ./Src/sysmem.o
 .group         0x0000000000000000        0xc ./Src/sysmem.o
 .group         0x0000000000000000        0xc ./Src/sysmem.o
 .group         0x0000000000000000        0xc ./Src/sysmem.o
 .group         0x0000000000000000        0xc ./Src/sysmem.o
 .group         0x0000000000000000        0xc ./Src/sysmem.o
 .group         0x0000000000000000        0xc ./Src/sysmem.o
 .group         0x0000000000000000        0xc ./Src/sysmem.o
 .group         0x0000000000000000        0xc ./Src/sysmem.o
 .group         0x0000000000000000        0xc ./Src/sysmem.o
 .group         0x0000000000000000        0xc ./Src/sysmem.o
 .group         0x0000000000000000        0xc ./Src/sysmem.o
 .group         0x0000000000000000        0xc ./Src/sysmem.o
 .group         0x0000000000000000        0xc ./Src/sysmem.o
 .group         0x0000000000000000        0xc ./Src/sysmem.o
 .group         0x0000000000000000        0xc ./Src/sysmem.o
 .group         0x0000000000000000        0xc ./Src/sysmem.o
 .group         0x0000000000000000        0xc ./Src/sysmem.o
 .group         0x0000000000000000        0xc ./Src/sysmem.o
 .group         0x0000000000000000        0xc ./Src/sysmem.o
 .group         0x0000000000000000        0xc ./Src/sysmem.o
 .text          0x0000000000000000        0x0 ./Src/sysmem.o
 .data          0x0000000000000000        0x0 ./Src/sysmem.o
 .bss           0x0000000000000000        0x0 ./Src/sysmem.o
 .bss.__sbrk_heap_end
                0x0000000000000000        0x4 ./Src/sysmem.o
 .text._sbrk    0x0000000000000000       0x6c ./Src/sysmem.o
 .debug_info    0x0000000000000000      0x171 ./Src/sysmem.o
 .debug_abbrev  0x0000000000000000       0xbb ./Src/sysmem.o
 .debug_aranges
                0x0000000000000000       0x20 ./Src/sysmem.o
 .debug_ranges  0x0000000000000000       0x10 ./Src/sysmem.o
 .debug_macro   0x0000000000000000       0xff ./Src/sysmem.o
 .debug_macro   0x0000000000000000      0xa72 ./Src/sysmem.o
 .debug_macro   0x0000000000000000       0x10 ./Src/sysmem.o
 .debug_macro   0x0000000000000000       0x22 ./Src/sysmem.o
 .debug_macro   0x0000000000000000       0x4c ./Src/sysmem.o
 .debug_macro   0x0000000000000000       0x18 ./Src/sysmem.o
 .debug_macro   0x0000000000000000       0x94 ./Src/sysmem.o
 .debug_macro   0x0000000000000000       0x3c ./Src/sysmem.o
 .debug_macro   0x0000000000000000       0x34 ./Src/sysmem.o
 .debug_macro   0x0000000000000000      0x174 ./Src/sysmem.o
 .debug_macro   0x0000000000000000       0x16 ./Src/sysmem.o
 .debug_macro   0x0000000000000000       0x43 ./Src/sysmem.o
 .debug_macro   0x0000000000000000       0x57 ./Src/sysmem.o
 .debug_macro   0x0000000000000000       0x34 ./Src/sysmem.o
 .debug_macro   0x0000000000000000       0x10 ./Src/sysmem.o
 .debug_macro   0x0000000000000000       0x58 ./Src/sysmem.o
 .debug_macro   0x0000000000000000       0x71 ./Src/sysmem.o
 .debug_macro   0x0000000000000000       0x1c ./Src/sysmem.o
 .debug_macro   0x0000000000000000      0x12a ./Src/sysmem.o
 .debug_macro   0x0000000000000000      0x23b ./Src/sysmem.o
 .debug_macro   0x0000000000000000      0x103 ./Src/sysmem.o
 .debug_macro   0x0000000000000000       0x6a ./Src/sysmem.o
 .debug_macro   0x0000000000000000      0x1df ./Src/sysmem.o
 .debug_line    0x0000000000000000      0x4ef ./Src/sysmem.o
 .debug_str     0x0000000000000000     0x5d70 ./Src/sysmem.o
 .comment       0x0000000000000000       0x51 ./Src/sysmem.o
 .debug_frame   0x0000000000000000       0x34 ./Src/sysmem.o
 .ARM.attributes
                0x0000000000000000       0x2d ./Src/sysmem.o
 .text          0x0000000000000000       0x14 ./Startup/startup_stm32f103c8tx.o
 .data          0x0000000000000000        0x0 ./Startup/startup_stm32f103c8tx.o
 .bss           0x0000000000000000        0x0 ./Startup/startup_stm32f103c8tx.o
 .text          0x0000000000000000        0x0 c:/st/stm32cubeide_1.12.1/stm32cubeide/plugins/com.st.stm32cube.ide.mcu.externaltools.gnu-tools-for-stm32.10.3-2021.10.win32_1.0.200.202301161003/tools/bin/../lib/gcc/arm-none-eabi/10.3.1/../../../../arm-none-eabi/lib/thumb/v7-m/nofp\libc_nano.a(lib_a-errno.o)
 .data          0x0000000000000000        0x0 c:/st/stm32cubeide_1.12.1/stm32cubeide/plugins/com.st.stm32cube.ide.mcu.externaltools.gnu-tools-for-stm32.10.3-2021.10.win32_1.0.200.202301161003/tools/bin/../lib/gcc/arm-none-eabi/10.3.1/../../../../arm-none-eabi/lib/thumb/v7-m/nofp\libc_nano.a(lib_a-errno.o)
 .bss           0x0000000000000000        0x0 c:/st/stm32cubeide_1.12.1/stm32cubeide/plugins/com.st.stm32cube.ide.mcu.externaltools.gnu-tools-for-stm32.10.3-2021.10.win32_1.0.200.202301161003/tools/bin/../lib/gcc/arm-none-eabi/10.3.1/../../../../arm-none-eabi/lib/thumb/v7-m/nofp\libc_nano.a(lib_a-errno.o)
 .text.__errno  0x0000000000000000        0xc c:/st/stm32cubeide_1.12.1/stm32cubeide/plugins/com.st.stm32cube.ide.mcu.externaltools.gnu-tools-for-stm32.10.3-2021.10.win32_1.0.200.202301161003/tools/bin/../lib/gcc/arm-none-eabi/10.3.1/../../../../arm-none-eabi/lib/thumb/v7-m/nofp\libc_nano.a(lib_a-errno.o)
 .debug_frame   0x0000000000000000       0x20 c:/st/stm32cubeide_1.12.1/stm32cubeide/plugins/com.st.stm32cube.ide.mcu.externaltools.gnu-tools-for-stm32.10.3-2021.10.win32_1.0.200.202301161003/tools/bin/../lib/gcc/arm-none-eabi/10.3.1/../../../../arm-none-eabi/lib/thumb/v7-m/nofp\libc_nano.a(lib_a-errno.o)
 .ARM.attributes
                0x0000000000000000       0x2d c:/st/stm32cubeide_1.12.1/stm32cubeide/plugins/com.st.stm32cube.ide.mcu.externaltools.gnu-tools-for-stm32.10.3-2021.10.win32_1.0.200.202301161003/tools/bin/../lib/gcc/arm-none-eabi/10.3.1/../../../../arm-none-eabi/lib/thumb/v7-m/nofp\libc_nano.a(lib_a-errno.o)
 .text          0x0000000000000000        0x0 c:/st/stm32cubeide_1.12.1/stm32cubeide/plugins/com.st.stm32cube.ide.mcu.externaltools.gnu-tools-for-stm32.10.3-2021.10.win32_1.0.200.202301161003/tools/bin/../lib/gcc/arm-none-eabi/10.3.1/../../../../arm-none-eabi/lib/thumb/v7-m/nofp\libc_nano.a(lib_a-exit.o)
 .data          0x0000000000000000        0x0 c:/st/stm32cubeide_1.12.1/stm32cubeide/plugins/com.st.stm32cube.ide.mcu.externaltools.gnu-tools-for-stm32.10.3-2021.10.win32_1.0.200.202301161003/tools/bin/../lib/gcc/arm-none-eabi/10.3.1/../../../../arm-none-eabi/lib/thumb/v7-m/nofp\libc_nano.a(lib_a-exit.o)
 .bss           0x0000000000000000        0x0 c:/st/stm32cubeide_1.12.1/stm32cubeide/plugins/com.st.stm32cube.ide.mcu.externaltools.gnu-tools-for-stm32.10.3-2021.10.win32_1.0.200.202301161003/tools/bin/../lib/gcc/arm-none-eabi/10.3.1/../../../../arm-none-eabi/lib/thumb/v7-m/nofp\libc_nano.a(lib_a-exit.o)
 .text.exit     0x0000000000000000       0x28 c:/st/stm32cubeide_1.12.1/stm32cubeide/plugins/com.st.stm32cube.ide.mcu.externaltools.gnu-tools-for-stm32.10.3-2021.10.win32_1.0.200.202301161003/tools/bin/../lib/gcc/arm-none-eabi/10.3.1/../../../../arm-none-eabi/lib/thumb/v7-m/nofp\libc_nano.a(lib_a-exit.o)
 .debug_frame   0x0000000000000000       0x28 c:/st/stm32cubeide_1.12.1/stm32cubeide/plugins/com.st.stm32cube.ide.mcu.externaltools.gnu-tools-for-stm32.10.3-2021.10.win32_1.0.200.202301161003/tools/bin/../lib/gcc/arm-none-eabi/10.3.1/../../../../arm-none-eabi/lib/thumb/v7-m/nofp\libc_nano.a(lib_a-exit.o)
 .ARM.attributes
                0x0000000000000000       0x2d c:/st/stm32cubeide_1.12.1/stm32cubeide/plugins/com.st.stm32cube.ide.mcu.externaltools.gnu-tools-for-stm32.10.3-2021.10.win32_1.0.200.202301161003/tools/bin/../lib/gcc/arm-none-eabi/10.3.1/../../../../arm-none-eabi/lib/thumb/v7-m/nofp\libc_nano.a(lib_a-exit.o)
 .text          0x0000000000000000        0x0 c:/st/stm32cubeide_1.12.1/stm32cubeide/plugins/com.st.stm32cube.ide.mcu.externaltools.gnu-tools-for-stm32.10.3-2021.10.win32_1.0.200.202301161003/tools/bin/../lib/gcc/arm-none-eabi/10.3.1/../../../../arm-none-eabi/lib/thumb/v7-m/nofp\libc_nano.a(lib_a-impure.o)
 .data          0x0000000000000000        0x0 c:/st/stm32cubeide_1.12.1/stm32cubeide/plugins/com.st.stm32cube.ide.mcu.externaltools.gnu-tools-for-stm32.10.3-2021.10.win32_1.0.200.202301161003/tools/bin/../lib/gcc/arm-none-eabi/10.3.1/../../../../arm-none-eabi/lib/thumb/v7-m/nofp\libc_nano.a(lib_a-impure.o)
 .bss           0x0000000000000000        0x0 c:/st/stm32cubeide_1.12.1/stm32cubeide/plugins/com.st.stm32cube.ide.mcu.externaltools.gnu-tools-for-stm32.10.3-2021.10.win32_1.0.200.202301161003/tools/bin/../lib/gcc/arm-none-eabi/10.3.1/../../../../arm-none-eabi/lib/thumb/v7-m/nofp\libc_nano.a(lib_a-impure.o)
 .data._impure_ptr
                0x0000000000000000        0x4 c:/st/stm32cubeide_1.12.1/stm32cubeide/plugins/com.st.stm32cube.ide.mcu.externaltools.gnu-tools-for-stm32.10.3-2021.10.win32_1.0.200.202301161003/tools/bin/../lib/gcc/arm-none-eabi/10.3.1/../../../../arm-none-eabi/lib/thumb/v7-m/nofp\libc_nano.a(lib_a-impure.o)
 .data.impure_data
                0x0000000000000000       0x60 c:/st/stm32cubeide_1.12.1/stm32cubeide/plugins/com.st.stm32cube.ide.mcu.externaltools.gnu-tools-for-stm32.10.3-2021.10.win32_1.0.200.202301161003/tools/bin/../lib/gcc/arm-none-eabi/10.3.1/../../../../arm-none-eabi/lib/thumb/v7-m/nofp\libc_nano.a(lib_a-impure.o)
 .rodata._global_impure_ptr
                0x0000000000000000        0x4 c:/st/stm32cubeide_1.12.1/stm32cubeide/plugins/com.st.stm32cube.ide.mcu.externaltools.gnu-tools-for-stm32.10.3-2021.10.win32_1.0.200.202301161003/tools/bin/../lib/gcc/arm-none-eabi/10.3.1/../../../../arm-none-eabi/lib/thumb/v7-m/nofp\libc_nano.a(lib_a-impure.o)
 .ARM.attributes
                0x0000000000000000       0x2d c:/st/stm32cubeide_1.12.1/stm32cubeide/plugins/com.st.stm32cube.ide.mcu.externaltools.gnu-tools-for-stm32.10.3-2021.10.win32_1.0.200.202301161003/tools/bin/../lib/gcc/arm-none-eabi/10.3.1/../../../../arm-none-eabi/lib/thumb/v7-m/nofp\libc_nano.a(lib_a-impure.o)
 .text          0x0000000000000000        0x0 c:/st/stm32cubeide_1.12.1/stm32cubeide/plugins/com.st.stm32cube.ide.mcu.externaltools.gnu-tools-for-stm32.10.3-2021.10.win32_1.0.200.202301161003/tools/bin/../lib/gcc/arm-none-eabi/10.3.1/../../../../arm-none-eabi/lib/thumb/v7-m/nofp\libc_nano.a(lib_a-init.o)
 .data          0x0000000000000000        0x0 c:/st/stm32cubeide_1.12.1/stm32cubeide/plugins/com.st.stm32cube.ide.mcu.externaltools.gnu-tools-for-stm32.10.3-2021.10.win32_1.0.200.202301161003/tools/bin/../lib/gcc/arm-none-eabi/10.3.1/../../../../arm-none-eabi/lib/thumb/v7-m/nofp\libc_nano.a(lib_a-init.o)
 .bss           0x0000000000000000        0x0 c:/st/stm32cubeide_1.12.1/stm32cubeide/plugins/com.st.stm32cube.ide.mcu.externaltools.gnu-tools-for-stm32.10.3-2021.10.win32_1.0.200.202301161003/tools/bin/../lib/gcc/arm-none-eabi/10.3.1/../../../../arm-none-eabi/lib/thumb/v7-m/nofp\libc_nano.a(lib_a-init.o)
 .text          0x0000000000000000        0x0 c:/st/stm32cubeide_1.12.1/stm32cubeide/plugins/com.st.stm32cube.ide.mcu.externaltools.gnu-tools-for-stm32.10.3-2021.10.win32_1.0.200.202301161003/tools/bin/../lib/gcc/arm-none-eabi/10.3.1/../../../../arm-none-eabi/lib/thumb/v7-m/nofp\libc_nano.a(lib_a-memset.o)
 .data          0x0000000000000000        0x0 c:/st/stm32cubeide_1.12.1/stm32cubeide/plugins/com.st.stm32cube.ide.mcu.externaltools.gnu-tools-for-stm32.10.3-2021.10.win32_1.0.200.202301161003/tools/bin/../lib/gcc/arm-none-eabi/10.3.1/../../../../arm-none-eabi/lib/thumb/v7-m/nofp\libc_nano.a(lib_a-memset.o)
 .bss           0x0000000000000000        0x0 c:/st/stm32cubeide_1.12.1/stm32cubeide/plugins/com.st.stm32cube.ide.mcu.externaltools.gnu-tools-for-stm32.10.3-2021.10.win32_1.0.200.202301161003/tools/bin/../lib/gcc/arm-none-eabi/10.3.1/../../../../arm-none-eabi/lib/thumb/v7-m/nofp\libc_nano.a(lib_a-memset.o)
 .text.memset   0x0000000000000000       0x10 c:/st/stm32cubeide_1.12.1/stm32cubeide/plugins/com.st.stm32cube.ide.mcu.externaltools.gnu-tools-for-stm32.10.3-2021.10.win32_1.0.200.202301161003/tools/bin/../lib/gcc/arm-none-eabi/10.3.1/../../../../arm-none-eabi/lib/thumb/v7-m/nofp\libc_nano.a(lib_a-memset.o)
 .debug_frame   0x0000000000000000       0x20 c:/st/stm32cubeide_1.12.1/stm32cubeide/plugins/com.st.stm32cube.ide.mcu.externaltools.gnu-tools-for-stm32.10.3-2021.10.win32_1.0.200.202301161003/tools/bin/../lib/gcc/arm-none-eabi/10.3.1/../../../../arm-none-eabi/lib/thumb/v7-m/nofp\libc_nano.a(lib_a-memset.o)
 .ARM.attributes
                0x0000000000000000       0x2d c:/st/stm32cubeide_1.12.1/stm32cubeide/plugins/com.st.stm32cube.ide.mcu.externaltools.gnu-tools-for-stm32.10.3-2021.10.win32_1.0.200.202301161003/tools/bin/../lib/gcc/arm-none-eabi/10.3.1/../../../../arm-none-eabi/lib/thumb/v7-m/nofp\libc_nano.a(lib_a-memset.o)
 .text          0x0000000000000000        0x0 c:/st/stm32cubeide_1.12.1/stm32cubeide/plugins/com.st.stm32cube.ide.mcu.externaltools.gnu-tools-for-stm32.10.3-2021.10.win32_1.0.200.202301161003/tools/bin/../lib/gcc/arm-none-eabi/10.3.1/thumb/v7-m/nofp/crtend.o
 .data          0x0000000000000000        0x0 c:/st/stm32cubeide_1.12.1/stm32cubeide/plugins/com.st.stm32cube.ide.mcu.externaltools.gnu-tools-for-stm32.10.3-2021.10.win32_1.0.200.202301161003/tools/bin/../lib/gcc/arm-none-eabi/10.3.1/thumb/v7-m/nofp/crtend.o
 .bss           0x0000000000000000        0x0 c:/st/stm32cubeide_1.12.1/stm32cubeide/plugins/com.st.stm32cube.ide.mcu.externaltools.gnu-tools-for-stm32.10.3-2021.10.win32_1.0.200.202301161003/tools/bin/../lib/gcc/arm-none-eabi/10.3.1/thumb/v7-m/nofp/crtend.o
 .rodata        0x0000000000000000       0x24 c:/st/stm32cubeide_1.12.1/stm32cubeide/plugins/com.st.stm32cube.ide.mcu.externaltools.gnu-tools-for-stm32.10.3-2021.10.win32_1.0.200.202301161003/tools/bin/../lib/gcc/arm-none-eabi/10.3.1/thumb/v7-m/nofp/crtend.o
 .eh_frame      0x0000000000000000        0x4 c:/st/stm32cubeide_1.12.1/stm32cubeide/plugins/com.st.stm32cube.ide.mcu.externaltools.gnu-tools-for-stm32.10.3-2021.10.win32_1.0.200.202301161003/tools/bin/../lib/gcc/arm-none-eabi/10.3.1/thumb/v7-m/nofp/crtend.o
 .ARM.attributes
                0x0000000000000000       0x2d c:/st/stm32cubeide_1.12.1/stm32cubeide/plugins/com.st.stm32cube.ide.mcu.externaltools.gnu-tools-for-stm32.10.3-2021.10.win32_1.0.200.202301161003/tools/bin/../lib/gcc/arm-none-eabi/10.3.1/thumb/v7-m/nofp/crtend.o
 .text          0x0000000000000000        0x0 c:/st/stm32cubeide_1.12.1/stm32cubeide/plugins/com.st.stm32cube.ide.mcu.externaltools.gnu-tools-for-stm32.10.3-2021.10.win32_1.0.200.202301161003/tools/bin/../lib/gcc/arm-none-eabi/10.3.1/thumb/v7-m/nofp/crtn.o
 .data          0x0000000000000000        0x0 c:/st/stm32cubeide_1.12.1/stm32cubeide/plugins/com.st.stm32cube.ide.mcu.externaltools.gnu-tools-for-stm32.10.3-2021.10.win32_1.0.200.202301161003/tools/bin/../lib/gcc/arm-none-eabi/10.3.1/thumb/v7-m/nofp/crtn.o
 .bss           0x0000000000000000        0x0 c:/st/stm32cubeide_1.12.1/stm32cubeide/plugins/com.st.stm32cube.ide.mcu.externaltools.gnu-tools-for-stm32.10.3-2021.10.win32_1.0.200.202301161003/tools/bin/../lib/gcc/arm-none-eabi/10.3.1/thumb/v7-m/nofp/crtn.o

Memory Configuration

Name             Origin             Length             Attributes
RAM              0x0000000020000000 0x0000000000005000 xrw
FLASH            0x0000000008000000 0x0000000000010000 xr
*default*        0x0000000000000000 0xffffffffffffffff

Linker script and memory map

LOAD c:/st/stm32cubeide_1.12.1/stm32cubeide/plugins/com.st.stm32cube.ide.mcu.externaltools.gnu-tools-for-stm32.10.3-2021.10.win32_1.0.200.202301161003/tools/bin/../lib/gcc/arm-none-eabi/10.3.1/thumb/v7-m/nofp/crti.o
LOAD c:/st/stm32cubeide_1.12.1/stm32cubeide/plugins/com.st.stm32cube.ide.mcu.externaltools.gnu-tools-for-stm32.10.3-2021.10.win32_1.0.200.202301161003/tools/bin/../lib/gcc/arm-none-eabi/10.3.1/thumb/v7-m/nofp/crtbegin.o
LOAD c:/st/stm32cubeide_1.12.1/stm32cubeide/plugins/com.st.stm32cube.ide.mcu.externaltools.gnu-tools-for-stm32.10.3-2021.10.win32_1.0.200.202301161003/tools/bin/../lib/gcc/arm-none-eabi/10.3.1/../../../../arm-none-eabi/lib/thumb/v7-m/nofp/crt0.o
LOAD ./Src/GPIO_prg.o
LOAD ./Src/RCC_prg.o
LOAD ./Src/SysTick_prg.o
LOAD ./Src/main.o
LOAD ./Src/syscalls.o
LOAD ./Src/sysmem.o
LOAD ./Startup/startup_stm32f103c8tx.o
START GROUP
LOAD c:/st/stm32cubeide_1.12.1/stm32cubeide/plugins/com.st.stm32cube.ide.mcu.externaltools.gnu-tools-for-stm32.10.3-2021.10.win32_1.0.200.202301161003/tools/bin/../lib/gcc/arm-none-eabi/10.3.1/../../../../arm-none-eabi/lib/thumb/v7-m/nofp\libc_nano.a
LOAD c:/st/stm32cubeide_1.12.1/stm32cubeide/plugins/com.st.stm32cube.ide.mcu.externaltools.gnu-tools-for-stm32.10.3-2021.10.win32_1.0.200.202301161003/tools/bin/../lib/gcc/arm-none-eabi/10.3.1/../../../../arm-none-eabi/lib/thumb/v7-m/nofp\libm.a
END GROUP
START GROUP
LOAD c:/st/stm32cubeide_1.12.1/stm32cubeide/plugins/com.st.stm32cube.ide.mcu.externaltools.gnu-tools-for-stm32.10.3-2021.10.win32_1.0.200.202301161003/tools/bin/../lib/gcc/arm-none-eabi/10.3.1/thumb/v7-m/nofp\libgcc.a
LOAD c:/st/stm32cubeide_1.12.1/stm32cubeide/plugins/com.st.stm32cube.ide.mcu.externaltools.gnu-tools-for-stm32.10.3-2021.10.win32_1.0.200.202301161003/tools/bin/../lib/gcc/arm-none-eabi/10.3.1/../../../../arm-none-eabi/lib/thumb/v7-m/nofp\libc_nano.a
END GROUP
START GROUP
LOAD c:/st/stm32cubeide_1.12.1/stm32cubeide/plugins/com.st.stm32cube.ide.mcu.externaltools.gnu-tools-for-stm32.10.3-2021.10.win32_1.0.200.202301161003/tools/bin/../lib/gcc/arm-none-eabi/10.3.1/thumb/v7-m/nofp\libgcc.a
LOAD c:/st/stm32cubeide_1.12.1/stm32cubeide/plugins/com.st.stm32cube.ide.mcu.externaltools.gnu-tools-for-stm32.10.3-2021.10.win32_1.0.200.202301161003/tools/bin/../lib/gcc/arm-none-eabi/10.3.1/../../../../arm-none-eabi/lib/thumb/v7-m/nofp\libc_nano.a
LOAD c:/st/stm32cubeide_1.12.1/stm32cubeide/plugins/com.st.stm32cube.ide.mcu.externaltools.gnu-tools-for-stm32.10.3-2021.10.win32_1.0.200.202301161003/tools/bin/../lib/gcc/arm-none-eabi/10.3.1/../../../../arm-none-eabi/lib/thumb/v7-m/nofp\libnosys.a
END GROUP
START GROUP
LOAD c:/st/stm32cubeide_1.12.1/stm32cubeide/plugins/com.st.stm32cube.ide.mcu.externaltools.gnu-tools-for-stm32.10.3-2021.10.win32_1.0.200.202301161003/tools/bin/../lib/gcc/arm-none-eabi/10.3.1/thumb/v7-m/nofp\libgcc.a
LOAD c:/st/stm32cubeide_1.12.1/stm32cubeide/plugins/com.st.stm32cube.ide.mcu.externaltools.gnu-tools-for-stm32.10.3-2021.10.win32_1.0.200.202301161003/tools/bin/../lib/gcc/arm-none-eabi/10.3.1/../../../../arm-none-eabi/lib/thumb/v7-m/nofp\libc_nano.a
LOAD c:/st/stm32cubeide_1.12.1/stm32cubeide/plugins/com.st.stm32cube.ide.mcu.externaltools.gnu-tools-for-stm32.10.3-2021.10.win32_1.0.200.202301161003/tools/bin/../lib/gcc/arm-none-eabi/10.3.1/../../../../arm-none-eabi/lib/thumb/v7-m/nofp\libnosys.a
END GROUP
LOAD c:/st/stm32cubeide_1.12.1/stm32cubeide/plugins/com.st.stm32cube.ide.mcu.externaltools.gnu-tools-for-stm32.10.3-2021.10.win32_1.0.200.202301161003/tools/bin/../lib/gcc/arm-none-eabi/10.3.1/thumb/v7-m/nofp/crtend.o
LOAD c:/st/stm32cubeide_1.12.1/stm32cubeide/plugins/com.st.stm32cube.ide.mcu.externaltools.gnu-tools-for-stm32.10.3-2021.10.win32_1.0.200.202301161003/tools/bin/../lib/gcc/arm-none-eabi/10.3.1/thumb/v7-m/nofp/crtn.o
                0x0000000020005000                _estack = (ORIGIN (RAM) + LENGTH (RAM))
                0x0000000000000200                _Min_Heap_Size = 0x200
                0x0000000000000400                _Min_Stack_Size = 0x400

.isr_vector     0x0000000008000000      0x130
                0x0000000008000000                . = ALIGN (0x4)
 *(.isr_vector)
 .isr_vector    0x0000000008000000      0x130 ./Startup/startup_stm32f103c8tx.o
                0x0000000008000000                g_pfnVectors
                0x0000000008000130                . = ALIGN (0x4)

.text           0x0000000008000130      0x44c
                0x0000000008000130                . = ALIGN (0x4)
 *(.text)
 .text          0x0000000008000130       0x40 c:/st/stm32cubeide_1.12.1/stm32cubeide/plugins/com.st.stm32cube.ide.mcu.externaltools.gnu-tools-for-stm32.10.3-2021.10.win32_1.0.200.202301161003/tools/bin/../lib/gcc/arm-none-eabi/10.3.1/thumb/v7-m/nofp/crtbegin.o
 *(.text*)
 .text.GPIO_u8PinInit
                0x0000000008000170      0x278 ./Src/GPIO_prg.o
                0x0000000008000170                GPIO_u8PinInit
 .text.RCC_APB2EnableCLK
                0x00000000080003e8       0x2c ./Src/RCC_prg.o
                0x00000000080003e8                RCC_APB2EnableCLK
 .text.SysTick_Handler
                0x0000000008000414       0x38 ./Src/SysTick_prg.o
                0x0000000008000414                SysTick_Handler
 .text.STK_vInit
                0x000000000800044c       0x28 ./Src/SysTick_prg.o
                0x000000000800044c                STK_vInit
 .text.main     0x0000000008000474       0x52 ./Src/main.o
                0x0000000008000474                main
 *fill*         0x00000000080004c6        0x2 
 .text.Reset_Handler
                0x00000000080004c8       0x50 ./Startup/startup_stm32f103c8tx.o
                0x00000000080004c8                Reset_Handler
 .text.Default_Handler
                0x0000000008000518        0x2 ./Startup/startup_stm32f103c8tx.o
                0x0000000008000518                EXTI2_IRQHandler
                0x0000000008000518                TIM8_TRG_COM_IRQHandler
                0x0000000008000518                TIM8_CC_IRQHandler
                0x0000000008000518                DebugMon_Handler
                0x0000000008000518                TIM1_CC_IRQHandler
                0x0000000008000518                HardFault_Handler
                0x0000000008000518                TIM6_IRQHandler
                0x0000000008000518                PVD_IRQHandler
                0x0000000008000518                SDIO_IRQHandler
                0x0000000008000518                PendSV_Handler
                0x0000000008000518                NMI_Handler
                0x0000000008000518                EXTI3_IRQHandler
                0x0000000008000518                USB_HP_CAN_TX_IRQHandler
                0x0000000008000518                EXTI0_IRQHandler
                0x0000000008000518                I2C2_EV_IRQHandler
                0x0000000008000518                UsageFault_Handler
                0x0000000008000518                ADC1_2_IRQHandler
                0x0000000008000518                SPI1_IRQHandler
                0x0000000008000518                CAN_SCE_IRQHandler
                0x0000000008000518                TAMPER_IRQHandler
                0x0000000008000518                TIM8_UP_IRQHandler
                0x0000000008000518                DMA2_Channel2_IRQHandler
                0x0000000008000518                DMA1_Channel4_IRQHandler
                0x0000000008000518                USART3_IRQHandler
                0x0000000008000518                RTC_IRQHandler
                0x0000000008000518                DMA1_Channel7_IRQHandler
                0x0000000008000518                UART5_IRQHandler
                0x0000000008000518                ADC3_IRQHandler
                0x0000000008000518                TIM4_IRQHandler
                0x0000000008000518                CAN_RX1_IRQHandler
                0x0000000008000518                DMA2_Channel1_IRQHandler
                0x0000000008000518                I2C1_EV_IRQHandler
                0x0000000008000518                DMA1_Channel6_IRQHandler
                0x0000000008000518                UART4_IRQHandler
                0x0000000008000518                TIM3_IRQHandler
                0x0000000008000518                RCC_IRQHandler
                0x0000000008000518                TIM1_TRG_COM_IRQHandler
                0x0000000008000518                DMA1_Channel1_IRQHandler
                0x0000000008000518                Default_Handler
                0x0000000008000518                EXTI15_10_IRQHandler
                0x0000000008000518                TIM7_IRQHandler
                0x0000000008000518                TIM5_IRQHandler
                0x0000000008000518                EXTI9_5_IRQHandler
                0x0000000008000518                SPI2_IRQHandler
                0x0000000008000518                USB_LP_CAN_RX0_IRQHandler
                0x0000000008000518                MemManage_Handler
                0x0000000008000518                SVC_Handler
                0x0000000008000518                DMA1_Channel5_IRQHandler
                0x0000000008000518                EXTI4_IRQHandler
                0x0000000008000518                DMA1_Channel3_IRQHandler
                0x0000000008000518                FSMC_IRQHandler
                0x0000000008000518                TIM1_UP_IRQHandler
                0x0000000008000518                WWDG_IRQHandler
                0x0000000008000518                TIM2_IRQHandler
                0x0000000008000518                TIM1_BRK_IRQHandler
                0x0000000008000518                EXTI1_IRQHandler
                0x0000000008000518                RTCAlarm_IRQHandler
                0x0000000008000518                DMA2_Channel4_5_IRQHandler
                0x0000000008000518                USART2_IRQHandler
                0x0000000008000518                I2C2_ER_IRQHandler
                0x0000000008000518                DMA1_Channel2_IRQHandler
                0x0000000008000518                TIM8_BRK_IRQHandler
                0x0000000008000518                FLASH_IRQHandler
                0x0000000008000518                BusFault_Handler
                0x0000000008000518                USART1_IRQHandler
                0x0000000008000518                SPI3_IRQHandler
                0x0000000008000518                I2C1_ER_IRQHandler
                0x0000000008000518                DMA2_Channel3_IRQHandler
 *fill*         0x000000000800051a        0x2 
 .text.__libc_init_array
                0x000000000800051c       0x48 c:/st/stm32cubeide_1.12.1/stm32cubeide/plugins/com.st.stm32cube.ide.mcu.externaltools.gnu-tools-for-stm32.10.3-2021.10.win32_1.0.200.202301161003/tools/bin/../lib/gcc/arm-none-eabi/10.3.1/../../../../arm-none-eabi/lib/thumb/v7-m/nofp\libc_nano.a(lib_a-init.o)
                0x000000000800051c                __libc_init_array
 *(.glue_7)
 .glue_7        0x0000000008000564        0x0 linker stubs
 *(.glue_7t)
 .glue_7t       0x0000000008000564        0x0 linker stubs
 *(.eh_frame)
 .eh_frame      0x0000000008000564        0x0 c:/st/stm32cubeide_1.12.1/stm32cubeide/plugins/com.st.stm32cube.ide.mcu.externaltools.gnu-tools-for-stm32.10.3-2021.10.win32_1.0.200.202301161003/tools/bin/../lib/gcc/arm-none-eabi/10.3.1/thumb/v7-m/nofp/crtbegin.o
 *(.init)
 .init          0x0000000008000564        0x4 c:/st/stm32cubeide_1.12.1/stm32cubeide/plugins/com.st.stm32cube.ide.mcu.externaltools.gnu-tools-for-stm32.10.3-2021.10.win32_1.0.200.202301161003/tools/bin/../lib/gcc/arm-none-eabi/10.3.1/thumb/v7-m/nofp/crti.o
                0x0000000008000564                _init
 .init          0x0000000008000568        0x8 c:/st/stm32cubeide_1.12.1/stm32cubeide/plugins/com.st.stm32cube.ide.mcu.externaltools.gnu-tools-for-stm32.10.3-2021.10.win32_1.0.200.202301161003/tools/bin/../lib/gcc/arm-none-eabi/10.3.1/thumb/v7-m/nofp/crtn.o
 *(.fini)
 .fini          0x0000000008000570        0x4 c:/st/stm32cubeide_1.12.1/stm32cubeide/plugins/com.st.stm32cube.ide.mcu.externaltools.gnu-tools-for-stm32.10.3-2021.10.win32_1.0.200.202301161003/tools/bin/../lib/gcc/arm-none-eabi/10.3.1/thumb/v7-m/nofp/crti.o
                0x0000000008000570                _fini
 .fini          0x0000000008000574        0x8 c:/st/stm32cubeide_1.12.1/stm32cubeide/plugins/com.st.stm32cube.ide.mcu.externaltools.gnu-tools-for-stm32.10.3-2021.10.win32_1.0.200.202301161003/tools/bin/../lib/gcc/arm-none-eabi/10.3.1/thumb/v7-m/nofp/crtn.o
                0x000000000800057c                . = ALIGN (0x4)
                0x000000000800057c                _etext = .

.vfp11_veneer   0x000000000800057c        0x0
 .vfp11_veneer  0x000000000800057c        0x0 linker stubs

.v4_bx          0x000000000800057c        0x0
 .v4_bx         0x000000000800057c        0x0 linker stubs

.iplt           0x000000000800057c        0x0
 .iplt          0x000000000800057c        0x0 c:/st/stm32cubeide_1.12.1/stm32cubeide/plugins/com.st.stm32cube.ide.mcu.externaltools.gnu-tools-for-stm32.10.3-2021.10.win32_1.0.200.202301161003/tools/bin/../lib/gcc/arm-none-eabi/10.3.1/thumb/v7-m/nofp/crtbegin.o

.rel.dyn        0x000000000800057c        0x0
 .rel.iplt      0x000000000800057c        0x0 c:/st/stm32cubeide_1.12.1/stm32cubeide/plugins/com.st.stm32cube.ide.mcu.externaltools.gnu-tools-for-stm32.10.3-2021.10.win32_1.0.200.202301161003/tools/bin/../lib/gcc/arm-none-eabi/10.3.1/thumb/v7-m/nofp/crtbegin.o

.rodata         0x000000000800057c        0x0
                0x000000000800057c                . = ALIGN (0x4)
 *(.rodata)
 *(.rodata*)
                0x000000000800057c                . = ALIGN (0x4)

.ARM.extab      0x000000000800057c        0x0
                0x000000000800057c                . = ALIGN (0x4)
 *(.ARM.extab* .gnu.linkonce.armextab.*)
                0x000000000800057c                . = ALIGN (0x4)

.ARM            0x000000000800057c        0x0
                0x000000000800057c                . = ALIGN (0x4)
                0x000000000800057c                __exidx_start = .
 *(.ARM.exidx*)
                0x000000000800057c                __exidx_end = .
                0x000000000800057c                . = ALIGN (0x4)

.preinit_array  0x000000000800057c        0x0
                0x000000000800057c                . = ALIGN (0x4)
                0x000000000800057c                PROVIDE (__preinit_array_start = .)
 *(.preinit_array*)
                0x000000000800057c                PROVIDE (__preinit_array_end = .)
                0x000000000800057c                . = ALIGN (0x4)

.init_array     0x000000000800057c        0x4
                0x000000000800057c                . = ALIGN (0x4)
                0x000000000800057c                PROVIDE (__init_array_start = .)
 *(SORT_BY_NAME(.init_array.*))
 *(.init_array*)
 .init_array    0x000000000800057c        0x4 c:/st/stm32cubeide_1.12.1/stm32cubeide/plugins/com.st.stm32cube.ide.mcu.externaltools.gnu-tools-for-stm32.10.3-2021.10.win32_1.0.200.202301161003/tools/bin/../lib/gcc/arm-none-eabi/10.3.1/thumb/v7-m/nofp/crtbegin.o
                0x0000000008000580                PROVIDE (__init_array_end = .)
                0x0000000008000580                . = ALIGN (0x4)

.fini_array     0x0000000008000580        0x4
                0x0000000008000580                . = ALIGN (0x4)
                [!provide]                        PROVIDE (__fini_array_start = .)
 *(SORT_BY_NAME(.fini_array.*))
 *(.fini_array*)
 .fini_array    0x0000000008000580        0x4 c:/st/stm32cubeide_1.12.1/stm32cubeide/plugins/com.st.stm32cube.ide.mcu.externaltools.gnu-tools-for-stm32.10.3-2021.10.win32_1.0.200.202301161003/tools/bin/../lib/gcc/arm-none-eabi/10.3.1/thumb/v7-m/nofp/crtbegin.o
                [!provide]                        PROVIDE (__fini_array_end = .)
                0x0000000008000584                . = ALIGN (0x4)
                0x0000000008000584                _sidata = LOADADDR (.data)

.data           0x0000000020000000       0x1c load address 0x0000000008000584
                0x0000000020000000                . = ALIGN (0x4)
                0x0000000020000000                _sdata = .
 *(.data)
 *(.data*)
 .data.GPIO_PORT
                0x0000000020000000       0x1c ./Src/GPIO_prg.o
 *(.RamFunc)
 *(.RamFunc*)
                0x000000002000001c                . = ALIGN (0x4)
                0x000000002000001c                _edata = .

.igot.plt       0x000000002000001c        0x0 load address 0x00000000080005a0
 .igot.plt      0x000000002000001c        0x0 c:/st/stm32cubeide_1.12.1/stm32cubeide/plugins/com.st.stm32cube.ide.mcu.externaltools.gnu-tools-for-stm32.10.3-2021.10.win32_1.0.200.202301161003/tools/bin/../lib/gcc/arm-none-eabi/10.3.1/thumb/v7-m/nofp/crtbegin.o
                0x000000002000001c                . = ALIGN (0x4)

.bss            0x000000002000001c       0x24 load address 0x00000000080005a0
                0x000000002000001c                _sbss = .
                0x000000002000001c                __bss_start__ = _sbss
 *(.bss)
 .bss           0x000000002000001c       0x1c c:/st/stm32cubeide_1.12.1/stm32cubeide/plugins/com.st.stm32cube.ide.mcu.externaltools.gnu-tools-for-stm32.10.3-2021.10.win32_1.0.200.202301161003/tools/bin/../lib/gcc/arm-none-eabi/10.3.1/thumb/v7-m/nofp/crtbegin.o
 *(.bss*)
 .bss.Global_SysTickCallback
                0x0000000020000038        0x4 ./Src/SysTick_prg.o
                0x0000000020000038                Global_SysTickCallback
 .bss.Global_Interval
                0x000000002000003c        0x1 ./Src/SysTick_prg.o
                0x000000002000003c                Global_Interval
 *(COMMON)
                0x0000000020000040                . = ALIGN (0x4)
 *fill*         0x000000002000003d        0x3 
                0x0000000020000040                _ebss = .
                0x0000000020000040                __bss_end__ = _ebss

._user_heap_stack
                0x0000000020000040      0x600 load address 0x00000000080005a0
                0x0000000020000040                . = ALIGN (0x8)
                [!provide]                        PROVIDE (end = .)
                0x0000000020000040                PROVIDE (_end = .)
                0x0000000020000240                . = (. + _Min_Heap_Size)
 *fill*         0x0000000020000040      0x200 
                0x0000000020000640                . = (. + _Min_Stack_Size)
 *fill*         0x0000000020000240      0x400 
                0x0000000020000640                . = ALIGN (0x8)

/DISCARD/
 libc.a(*)
 libm.a(*)
 libgcc.a(*)

.ARM.attributes
                0x0000000000000000       0x29
 *(.ARM.attributes)
 .ARM.attributes
                0x0000000000000000       0x1d c:/st/stm32cubeide_1.12.1/stm32cubeide/plugins/com.st.stm32cube.ide.mcu.externaltools.gnu-tools-for-stm32.10.3-2021.10.win32_1.0.200.202301161003/tools/bin/../lib/gcc/arm-none-eabi/10.3.1/thumb/v7-m/nofp/crti.o
 .ARM.attributes
                0x000000000000001d       0x2d c:/st/stm32cubeide_1.12.1/stm32cubeide/plugins/com.st.stm32cube.ide.mcu.externaltools.gnu-tools-for-stm32.10.3-2021.10.win32_1.0.200.202301161003/tools/bin/../lib/gcc/arm-none-eabi/10.3.1/thumb/v7-m/nofp/crtbegin.o
 .ARM.attributes
                0x000000000000004a       0x2d ./Src/GPIO_prg.o
 .ARM.attributes
                0x0000000000000077       0x2d ./Src/RCC_prg.o
 .ARM.attributes
                0x00000000000000a4       0x2d ./Src/SysTick_prg.o
 .ARM.attributes
                0x00000000000000d1       0x2d ./Src/main.o
 .ARM.attributes
                0x00000000000000fe       0x21 ./Startup/startup_stm32f103c8tx.o
 .ARM.attributes
                0x000000000000011f       0x2d c:/st/stm32cubeide_1.12.1/stm32cubeide/plugins/com.st.stm32cube.ide.mcu.externaltools.gnu-tools-for-stm32.10.3-2021.10.win32_1.0.200.202301161003/tools/bin/../lib/gcc/arm-none-eabi/10.3.1/../../../../arm-none-eabi/lib/thumb/v7-m/nofp\libc_nano.a(lib_a-init.o)
 .ARM.attributes
                0x000000000000014c       0x1d c:/st/stm32cubeide_1.12.1/stm32cubeide/plugins/com.st.stm32cube.ide.mcu.externaltools.gnu-tools-for-stm32.10.3-2021.10.win32_1.0.200.202301161003/tools/bin/../lib/gcc/arm-none-eabi/10.3.1/thumb/v7-m/nofp/crtn.o
OUTPUT(F103_GPIO_RCC_STK.elf elf32-littlearm)
LOAD linker stubs
LOAD c:/st/stm32cubeide_1.12.1/stm32cubeide/plugins/com.st.stm32cube.ide.mcu.externaltools.gnu-tools-for-stm32.10.3-2021.10.win32_1.0.200.202301161003/tools/bin/../lib/gcc/arm-none-eabi/10.3.1/../../../../arm-none-eabi/lib/thumb/v7-m/nofp\libc.a
LOAD c:/st/stm32cubeide_1.12.1/stm32cubeide/plugins/com.st.stm32cube.ide.mcu.externaltools.gnu-tools-for-stm32.10.3-2021.10.win32_1.0.200.202301161003/tools/bin/../lib/gcc/arm-none-eabi/10.3.1/../../../../arm-none-eabi/lib/thumb/v7-m/nofp\libm.a
LOAD c:/st/stm32cubeide_1.12.1/stm32cubeide/plugins/com.st.stm32cube.ide.mcu.externaltools.gnu-tools-for-stm32.10.3-2021.10.win32_1.0.200.202301161003/tools/bin/../lib/gcc/arm-none-eabi/10.3.1/thumb/v7-m/nofp\libgcc.a

.debug_info     0x0000000000000000     0x10d6
 .debug_info    0x0000000000000000      0x4be ./Src/GPIO_prg.o
 .debug_info    0x00000000000004be      0x5c3 ./Src/RCC_prg.o
 .debug_info    0x0000000000000a81      0x282 ./Src/SysTick_prg.o
 .debug_info    0x0000000000000d03      0x3b1 ./Src/main.o
 .debug_info    0x00000000000010b4       0x22 ./Startup/startup_stm32f103c8tx.o

.debug_abbrev   0x0000000000000000      0x3f6
 .debug_abbrev  0x0000000000000000       0xf2 ./Src/GPIO_prg.o
 .debug_abbrev  0x00000000000000f2       0xd7 ./Src/RCC_prg.o
 .debug_abbrev  0x00000000000001c9      0x11b ./Src/SysTick_prg.o
 .debug_abbrev  0x00000000000002e4      0x100 ./Src/main.o
 .debug_abbrev  0x00000000000003e4       0x12 ./Startup/startup_stm32f103c8tx.o

.debug_aranges  0x0000000000000000      0x158
 .debug_aranges
                0x0000000000000000       0x38 ./Src/GPIO_prg.o
 .debug_aranges
                0x0000000000000038       0x78 ./Src/RCC_prg.o
 .debug_aranges
                0x00000000000000b0       0x60 ./Src/SysTick_prg.o
 .debug_aranges
                0x0000000000000110       0x20 ./Src/main.o
 .debug_aranges
                0x0000000000000130       0x28 ./Startup/startup_stm32f103c8tx.o

.debug_ranges   0x0000000000000000      0x110
 .debug_ranges  0x0000000000000000       0x28 ./Src/GPIO_prg.o
 .debug_ranges  0x0000000000000028       0x68 ./Src/RCC_prg.o
 .debug_ranges  0x0000000000000090       0x50 ./Src/SysTick_prg.o
 .debug_ranges  0x00000000000000e0       0x10 ./Src/main.o
 .debug_ranges  0x00000000000000f0       0x20 ./Startup/startup_stm32f103c8tx.o

.debug_macro    0x0000000000000000     0x24cd
 .debug_macro   0x0000000000000000      0x1ff ./Src/GPIO_prg.o
 .debug_macro   0x00000000000001ff      0xa72 ./Src/GPIO_prg.o
 .debug_macro   0x0000000000000c71       0x22 ./Src/GPIO_prg.o
 .debug_macro   0x0000000000000c93       0x8e ./Src/GPIO_prg.o
 .debug_macro   0x0000000000000d21       0x51 ./Src/GPIO_prg.o
 .debug_macro   0x0000000000000d72      0x103 ./Src/GPIO_prg.o
 .debug_macro   0x0000000000000e75       0x6a ./Src/GPIO_prg.o
 .debug_macro   0x0000000000000edf      0x1df ./Src/GPIO_prg.o
 .debug_macro   0x00000000000010be       0x22 ./Src/GPIO_prg.o
 .debug_macro   0x00000000000010e0       0x52 ./Src/GPIO_prg.o
 .debug_macro   0x0000000000001132       0x18 ./Src/GPIO_prg.o
 .debug_macro   0x000000000000114a       0x3c ./Src/GPIO_prg.o
 .debug_macro   0x0000000000001186       0x34 ./Src/GPIO_prg.o
 .debug_macro   0x00000000000011ba       0x16 ./Src/GPIO_prg.o
 .debug_macro   0x00000000000011d0       0x97 ./Src/GPIO_prg.o
 .debug_macro   0x0000000000001267      0x341 ./Src/GPIO_prg.o
 .debug_macro   0x00000000000015a8       0xfd ./Src/GPIO_prg.o
 .debug_macro   0x00000000000016a5       0x10 ./Src/GPIO_prg.o
 .debug_macro   0x00000000000016b5       0x16 ./Src/GPIO_prg.o
 .debug_macro   0x00000000000016cb       0x43 ./Src/GPIO_prg.o
 .debug_macro   0x000000000000170e       0x34 ./Src/GPIO_prg.o
 .debug_macro   0x0000000000001742       0x10 ./Src/GPIO_prg.o
 .debug_macro   0x0000000000001752       0x58 ./Src/GPIO_prg.o
 .debug_macro   0x00000000000017aa       0x71 ./Src/GPIO_prg.o
 .debug_macro   0x000000000000181b       0x1c ./Src/GPIO_prg.o
 .debug_macro   0x0000000000001837      0x12a ./Src/GPIO_prg.o
 .debug_macro   0x0000000000001961       0x10 ./Src/GPIO_prg.o
 .debug_macro   0x0000000000001971       0x1c ./Src/GPIO_prg.o
 .debug_macro   0x000000000000198d       0x52 ./Src/GPIO_prg.o
 .debug_macro   0x00000000000019df       0x22 ./Src/GPIO_prg.o
 .debug_macro   0x0000000000001a01       0x10 ./Src/GPIO_prg.o
 .debug_macro   0x0000000000001a11       0x52 ./Src/GPIO_prg.o
 .debug_macro   0x0000000000001a63       0xd5 ./Src/GPIO_prg.o
 .debug_macro   0x0000000000001b38       0x1c ./Src/GPIO_prg.o
 .debug_macro   0x0000000000001b54       0x3d ./Src/GPIO_prg.o
 .debug_macro   0x0000000000001b91       0x16 ./Src/GPIO_prg.o
 .debug_macro   0x0000000000001ba7      0x145 ./Src/GPIO_prg.o
 .debug_macro   0x0000000000001cec       0x82 ./Src/GPIO_prg.o
 .debug_macro   0x0000000000001d6e       0x1c ./Src/GPIO_prg.o
 .debug_macro   0x0000000000001d8a       0x40 ./Src/GPIO_prg.o
 .debug_macro   0x0000000000001dca      0x1c1 ./Src/RCC_prg.o
 .debug_macro   0x0000000000001f8b       0x4c ./Src/RCC_prg.o
 .debug_macro   0x0000000000001fd7       0x94 ./Src/RCC_prg.o
 .debug_macro   0x000000000000206b       0x57 ./Src/RCC_prg.o
 .debug_macro   0x00000000000020c2      0x1f7 ./Src/SysTick_prg.o
 .debug_macro   0x00000000000022b9      0x214 ./Src/main.o

.debug_line     0x0000000000000000     0x1bdc
 .debug_line    0x0000000000000000      0x830 ./Src/GPIO_prg.o
 .debug_line    0x0000000000000830      0x664 ./Src/RCC_prg.o
 .debug_line    0x0000000000000e94      0x6dd ./Src/SysTick_prg.o
 .debug_line    0x0000000000001571      0x5e7 ./Src/main.o
 .debug_line    0x0000000000001b58       0x84 ./Startup/startup_stm32f103c8tx.o

.debug_str      0x0000000000000000     0x8976
 .debug_str     0x0000000000000000     0x824a ./Src/GPIO_prg.o
                                       0x8444 (size before relaxing)
 .debug_str     0x000000000000824a      0x520 ./Src/RCC_prg.o
                                       0x7b1b (size before relaxing)
 .debug_str     0x000000000000876a      0x1bc ./Src/SysTick_prg.o
                                       0x8193 (size before relaxing)
 .debug_str     0x0000000000008926       0x1f ./Src/main.o
                                       0x83c7 (size before relaxing)
 .debug_str     0x0000000000008945       0x31 ./Startup/startup_stm32f103c8tx.o
                                         0x6f (size before relaxing)

.comment        0x0000000000000000       0x50
 .comment       0x0000000000000000       0x50 ./Src/GPIO_prg.o
                                         0x51 (size before relaxing)
 .comment       0x0000000000000050       0x51 ./Src/RCC_prg.o
 .comment       0x0000000000000050       0x51 ./Src/SysTick_prg.o
 .comment       0x0000000000000050       0x51 ./Src/main.o

.debug_frame    0x0000000000000000      0x448
 .debug_frame   0x0000000000000000       0xb0 ./Src/GPIO_prg.o
 .debug_frame   0x00000000000000b0      0x1f0 ./Src/RCC_prg.o
 .debug_frame   0x00000000000002a0      0x14c ./Src/SysTick_prg.o
 .debug_frame   0x00000000000003ec       0x30 ./Src/main.o
 .debug_frame   0x000000000000041c       0x2c c:/st/stm32cubeide_1.12.1/stm32cubeide/plugins/com.st.stm32cube.ide.mcu.externaltools.gnu-tools-for-stm32.10.3-2021.10.win32_1.0.200.202301161003/tools/bin/../lib/gcc/arm-none-eabi/10.3.1/../../../../arm-none-eabi/lib/thumb/v7-m/nofp\libc_nano.a(lib_a-init.o)
