../Src/MCAL/EXTI_prg.c:11:6:EXTI0_IRQHandler	8	static
../Src/MCAL/EXTI_prg.c:19:6:EXTI1_IRQHandler	8	static
../Src/MCAL/EXTI_prg.c:28:6:EXTI2_IRQHandler	8	static
../Src/MCAL/EXTI_prg.c:37:6:EXTI3_IRQHandler	8	static
../Src/MCAL/EXTI_prg.c:46:6:EXTI_Init	24	static
../Src/MCAL/EXTI_prg.c:88:6:EXTI_EnableInterrupt	16	static
../Src/MCAL/EXTI_prg.c:94:6:EXTI_DisableInterrupt	16	static
../Src/MCAL/EXTI_prg.c:100:6:EXTI_SetRisingEdge	16	static
../Src/MCAL/EXTI_prg.c:109:6:EXTI_SetFallingEdge	16	static
../Src/MCAL/EXTI_prg.c:118:6:EXTI_SetRisingFallingEdge	16	static
../Src/MCAL/EXTI_prg.c:128:6:EXTI_SetSWPendingFlag	16	static
../Src/MCAL/EXTI_prg.c:134:6:EXTI_ClearPendingFlag	16	static
../Src/MCAL/EXTI_prg.c:140:6:EXTI_ReadPendingFlag	16	static
../Src/MCAL/EXTI_prg.c:145:6:EXTI_SetCallBack	16	static
../Src/MCAL/EXTI_prg.c:149:6:EXTI_vSetEXTI_LineOnPort	16	static
