../Src/MCAL/I2C_prg.c:53:6:I2C_vInit	16	static
../Src/MCAL/I2C_prg.c:75:6:I2C_SendDataToSlaveSynch	32	static
../Src/MCAL/I2C_prg.c:118:6:I2C_RequestDataFromSlaveSynch	32	static
../Src/MCAL/I2C_prg.c:164:6:I2C_SendDataToSlave_DMA	24	static
../Src/MCAL/I2C_prg.c:197:6:I2C_ReceiveDataFromSlave_DMA	24	static
../Src/MCAL/I2C_prg.c:244:16:I2C_ReadStatusFlag	16	static
../Src/MCAL/I2C_prg.c:258:13:I2C_DMA_TxCRxC_CallBack	16	static
../Src/MCAL/I2C_prg.c:288:13:I2C_SetPeripheralEnable	16	static
../Src/MCAL/I2C_prg.c:294:13:I2C_SetSMBusMode	16	static
../Src/MCAL/I2C_prg.c:300:13:I2C_SetSMBusType	16	static
../Src/MCAL/I2C_prg.c:306:13:I2C_SetARPEnable	16	static
../Src/MCAL/I2C_prg.c:312:13:I2C_SetPECEnable	16	static
../Src/MCAL/I2C_prg.c:318:13:I2C_SetGeneralCallEnable	16	static
../Src/MCAL/I2C_prg.c:324:13:I2C_ClkStretchingEnable	16	static
../Src/MCAL/I2C_prg.c:330:13:I2C_SetStartCondition	16	static
../Src/MCAL/I2C_prg.c:336:13:I2C_SetStopCondition	16	static
../Src/MCAL/I2C_prg.c:342:13:I2C_AckEnable	16	static
../Src/MCAL/I2C_prg.c:347:13:I2C_SetAckPos	16	static
../Src/MCAL/I2C_prg.c:353:13:I2C_PECEnable	16	static
../Src/MCAL/I2C_prg.c:359:13:I2C_SMBusAlertEnable	16	static
../Src/MCAL/I2C_prg.c:365:13:I2C_SetSWReset	16	static
../Src/MCAL/I2C_prg.c:371:13:I2C_SetI2CFreq	16	static
../Src/MCAL/I2C_prg.c:377:13:I2C_ErrorInterruptEnable	16	static
../Src/MCAL/I2C_prg.c:382:13:I2C_EventInterruptEnable	16	static
../Src/MCAL/I2C_prg.c:388:13:I2C_BufferInterruptEnable	16	static
../Src/MCAL/I2C_prg.c:395:13:I2C_I2cDMAEnable	16	static
../Src/MCAL/I2C_prg.c:401:13:I2C_DMANextTransferIsLast	16	static
../Src/MCAL/I2C_prg.c:407:13:I2C_SetAddressingMode	16	static
../Src/MCAL/I2C_prg.c:413:13:I2C_SetInterfaceAddress7Bit	16	static
../Src/MCAL/I2C_prg.c:418:13:I2C_SetDataRegister	16	static
../Src/MCAL/I2C_prg.c:422:13:I2C_ReadDataRegister	16	static
../Src/MCAL/I2C_prg.c:428:13:I2C_SetI2CMasterModer	16	static
../Src/MCAL/I2C_prg.c:434:13:I2C_SetCCRRegister	16	static
../Src/MCAL/I2C_prg.c:446:13:I2C_ClearAddrBit	24	static
../Src/MCAL/I2C_prg.c:456:13:I2C_SetAddress	16	static
