../Src/MCAL/SPI_prg.c:33:6:SPI_vInit	16	static
../Src/MCAL/SPI_prg.c:53:6:SPI_vSendSynch	16	static
../Src/MCAL/SPI_prg.c:62:6:SPI_vReceiveSynch	16	static
../Src/MCAL/SPI_prg.c:69:6:SPI_vReceive_DMA	24	static
../Src/MCAL/SPI_prg.c:74:6:SPI_vSend_DMA	24	static
../Src/MCAL/SPI_prg.c:79:6:SPI_vSendReceive	24	static
../Src/MCAL/SPI_prg.c:108:13:SPI_SetBidirectionalMode	16	static
../Src/MCAL/SPI_prg.c:114:13:SPI_SetOutputEnableInBidirectional	16	static
../Src/MCAL/SPI_prg.c:119:13:SPI_SetHWCRCEnable	16	static
../Src/MCAL/SPI_prg.c:125:13:SPI_SetDataFrameForamt	16	static
../Src/MCAL/SPI_prg.c:131:13:SPI_SetReceiveOnlyEnable	16	static
../Src/MCAL/SPI_prg.c:137:13:SPI_SetSlavengBySW	16	static
../Src/MCAL/SPI_prg.c:143:13:SPI_SetSlaveSelectBySW	16	static
../Src/MCAL/SPI_prg.c:149:13:SPI_SetLSB_MSB_First	16	static
../Src/MCAL/SPI_prg.c:155:13:SPI_Enable_Peripheral	16	static
../Src/MCAL/SPI_prg.c:161:13:SPI_SetBaudRate	16	static
../Src/MCAL/SPI_prg.c:167:13:SPI_SetMasterSlave	16	static
../Src/MCAL/SPI_prg.c:173:13:SPI_SetClockPolarity	16	static
../Src/MCAL/SPI_prg.c:179:13:SPI_SetClockPhase	16	static
../Src/MCAL/SPI_prg.c:186:6:SPI_EnableTxBufferEmptyInterrupt	16	static
../Src/MCAL/SPI_prg.c:191:6:SPI_EnableRxBufferFullInterrupt	16	static
../Src/MCAL/SPI_prg.c:196:6:SPI_EnableErrorInterrupt	16	static
../Src/MCAL/SPI_prg.c:203:13:SPI_SetFrameFormat	16	static
../Src/MCAL/SPI_prg.c:210:13:SPI_SetSSOOutputEnable	16	static
../Src/MCAL/SPI_prg.c:216:13:SPI_DMATxEnable	16	static
../Src/MCAL/SPI_prg.c:222:13:SPI_DMARxEnable	16	static
../Src/MCAL/SPI_prg.c:228:9:SPI_ReadFlag	16	static
