Archive member included to satisfy reference by file (symbol)

c:/st/stm32cubeide_1.12.1/stm32cubeide/plugins/com.st.stm32cube.ide.mcu.externaltools.gnu-tools-for-stm32.10.3-2021.10.win32_1.0.200.202301161003/tools/bin/../lib/gcc/arm-none-eabi/10.3.1/../../../../arm-none-eabi/lib/thumb/v7-m/nofp\libc_nano.a(lib_a-errno.o)
                              ./Src/syscalls.o (__errno)
c:/st/stm32cubeide_1.12.1/stm32cubeide/plugins/com.st.stm32cube.ide.mcu.externaltools.gnu-tools-for-stm32.10.3-2021.10.win32_1.0.200.202301161003/tools/bin/../lib/gcc/arm-none-eabi/10.3.1/../../../../arm-none-eabi/lib/thumb/v7-m/nofp\libc_nano.a(lib_a-exit.o)
                              c:/st/stm32cubeide_1.12.1/stm32cubeide/plugins/com.st.stm32cube.ide.mcu.externaltools.gnu-tools-for-stm32.10.3-2021.10.win32_1.0.200.202301161003/tools/bin/../lib/gcc/arm-none-eabi/10.3.1/../../../../arm-none-eabi/lib/thumb/v7-m/nofp/crt0.o (exit)
c:/st/stm32cubeide_1.12.1/stm32cubeide/plugins/com.st.stm32cube.ide.mcu.externaltools.gnu-tools-for-stm32.10.3-2021.10.win32_1.0.200.202301161003/tools/bin/../lib/gcc/arm-none-eabi/10.3.1/../../../../arm-none-eabi/lib/thumb/v7-m/nofp\libc_nano.a(lib_a-impure.o)
                              c:/st/stm32cubeide_1.12.1/stm32cubeide/plugins/com.st.stm32cube.ide.mcu.externaltools.gnu-tools-for-stm32.10.3-2021.10.win32_1.0.200.202301161003/tools/bin/../lib/gcc/arm-none-eabi/10.3.1/../../../../arm-none-eabi/lib/thumb/v7-m/nofp\libc_nano.a(lib_a-exit.o) (_global_impure_ptr)
c:/st/stm32cubeide_1.12.1/stm32cubeide/plugins/com.st.stm32cube.ide.mcu.externaltools.gnu-tools-for-stm32.10.3-2021.10.win32_1.0.200.202301161003/tools/bin/../lib/gcc/arm-none-eabi/10.3.1/../../../../arm-none-eabi/lib/thumb/v7-m/nofp\libc_nano.a(lib_a-init.o)
                              c:/st/stm32cubeide_1.12.1/stm32cubeide/plugins/com.st.stm32cube.ide.mcu.externaltools.gnu-tools-for-stm32.10.3-2021.10.win32_1.0.200.202301161003/tools/bin/../lib/gcc/arm-none-eabi/10.3.1/../../../../arm-none-eabi/lib/thumb/v7-m/nofp/crt0.o (__libc_init_array)
c:/st/stm32cubeide_1.12.1/stm32cubeide/plugins/com.st.stm32cube.ide.mcu.externaltools.gnu-tools-for-stm32.10.3-2021.10.win32_1.0.200.202301161003/tools/bin/../lib/gcc/arm-none-eabi/10.3.1/../../../../arm-none-eabi/lib/thumb/v7-m/nofp\libc_nano.a(lib_a-memset.o)
                              c:/st/stm32cubeide_1.12.1/stm32cubeide/plugins/com.st.stm32cube.ide.mcu.externaltools.gnu-tools-for-stm32.10.3-2021.10.win32_1.0.200.202301161003/tools/bin/../lib/gcc/arm-none-eabi/10.3.1/../../../../arm-none-eabi/lib/thumb/v7-m/nofp/crt0.o (memset)

Discarded input sections

 .text          0x0000000000000000        0x0 c:/st/stm32cubeide_1.12.1/stm32cubeide/plugins/com.st.stm32cube.ide.mcu.externaltools.gnu-tools-for-stm32.10.3-2021.10.win32_1.0.200.202301161003/tools/bin/../lib/gcc/arm-none-eabi/10.3.1/thumb/v7-m/nofp/crti.o
 .data          0x0000000000000000        0x0 c:/st/stm32cubeide_1.12.1/stm32cubeide/plugins/com.st.stm32cube.ide.mcu.externaltools.gnu-tools-for-stm32.10.3-2021.10.win32_1.0.200.202301161003/tools/bin/../lib/gcc/arm-none-eabi/10.3.1/thumb/v7-m/nofp/crti.o
 .bss           0x0000000000000000        0x0 c:/st/stm32cubeide_1.12.1/stm32cubeide/plugins/com.st.stm32cube.ide.mcu.externaltools.gnu-tools-for-stm32.10.3-2021.10.win32_1.0.200.202301161003/tools/bin/../lib/gcc/arm-none-eabi/10.3.1/thumb/v7-m/nofp/crti.o
 .data          0x0000000000000000        0x4 c:/st/stm32cubeide_1.12.1/stm32cubeide/plugins/com.st.stm32cube.ide.mcu.externaltools.gnu-tools-for-stm32.10.3-2021.10.win32_1.0.200.202301161003/tools/bin/../lib/gcc/arm-none-eabi/10.3.1/thumb/v7-m/nofp/crtbegin.o
 .rodata        0x0000000000000000       0x24 c:/st/stm32cubeide_1.12.1/stm32cubeide/plugins/com.st.stm32cube.ide.mcu.externaltools.gnu-tools-for-stm32.10.3-2021.10.win32_1.0.200.202301161003/tools/bin/../lib/gcc/arm-none-eabi/10.3.1/thumb/v7-m/nofp/crtbegin.o
 .text          0x0000000000000000       0x7c c:/st/stm32cubeide_1.12.1/stm32cubeide/plugins/com.st.stm32cube.ide.mcu.externaltools.gnu-tools-for-stm32.10.3-2021.10.win32_1.0.200.202301161003/tools/bin/../lib/gcc/arm-none-eabi/10.3.1/../../../../arm-none-eabi/lib/thumb/v7-m/nofp/crt0.o
 .data          0x0000000000000000        0x0 c:/st/stm32cubeide_1.12.1/stm32cubeide/plugins/com.st.stm32cube.ide.mcu.externaltools.gnu-tools-for-stm32.10.3-2021.10.win32_1.0.200.202301161003/tools/bin/../lib/gcc/arm-none-eabi/10.3.1/../../../../arm-none-eabi/lib/thumb/v7-m/nofp/crt0.o
 .bss           0x0000000000000000        0x0 c:/st/stm32cubeide_1.12.1/stm32cubeide/plugins/com.st.stm32cube.ide.mcu.externaltools.gnu-tools-for-stm32.10.3-2021.10.win32_1.0.200.202301161003/tools/bin/../lib/gcc/arm-none-eabi/10.3.1/../../../../arm-none-eabi/lib/thumb/v7-m/nofp/crt0.o
[...]
Memory Configuration

Name             Origin             Length             Attributes
RAM              0x0000000020000000 0x0000000000005000 xrw
FLASH            0x0000000008000000 0x0000000000010000 xr
*default*        0x0000000000000000 0xffffffffffffffff

Linker script and memory map

LOAD c:/st/stm32cubeide_1.12.1/stm32cubeide/plugins/com.st.stm32cube.ide.mcu.externaltools.gnu-tools-for-stm32.10.3-2021.10.win32_1.0.200.202301161003/tools/bin/../lib/gcc/arm-none-eabi/10.3.1/thumb/v7-m/nofp/crti.o
LOAD c:/st/stm32cubeide_1.12.1/stm32cubeide/plugins/com.st.stm32cube.ide.mcu.externaltools.gnu-tools-for-stm32.10.3-2021.10.win32_1.0.200.202301161003/tools/bin/../lib/gcc/arm-none-eabi/10.3.1/thumb/v7-m/nofp/crtbegin.o
LOAD c:/st/stm32cubeide_1.12.1/stm32cubeide/plugins/com.st.stm32cube.ide.mcu.externaltools.gnu-tools-for-stm32.10.3-2021.10.win32_1.0.200.202301161003/tools/bin/../lib/gcc/arm-none-eabi/10.3.1/../../../../arm-none-eabi/lib/thumb/v7-m/nofp/crt0.o
LOAD ./Src/HAL/LCD.o
LOAD ./Src/HAL/LCD_cfg.o
LOAD ./Src/MCAL/EXTI_cfg.o
LOAD ./Src/MCAL/EXTI_prg.o
LOAD ./Src/MCAL/GPIO_cfg.o
LOAD ./Src/MCAL/GPIO_prg.o
LOAD ./Src/MCAL/NVIC_prg.o
LOAD ./Src/MCAL/RCC_prg.o
LOAD ./Src/MCAL/SPI_cfg.o
LOAD ./Src/MCAL/SPI_prg.o
LOAD ./Src/MCAL/SysTick_prg.o
LOAD ./Src/Services/APP_Services.o
LOAD ./Src/Services/SPI_Services.o
LOAD ./Src/main.o
LOAD ./Src/syscalls.o
LOAD ./Src/sysmem.o
LOAD ./Startup/startup_stm32f103c8tx.o
START GROUP
LOAD c:/st/stm32cubeide_1.12.1/stm32cubeide/plugins/com.st.stm32cube.ide.mcu.externaltools.gnu-tools-for-stm32.10.3-2021.10.win32_1.0.200.202301161003/tools/bin/../lib/gcc/arm-none-eabi/10.3.1/../../../../arm-none-eabi/lib/thumb/v7-m/nofp\libc_nano.a
LOAD c:/st/stm32cubeide_1.12.1/stm32cubeide/plugins/com.st.stm32cube.ide.mcu.externaltools.gnu-tools-for-stm32.10.3-2021.10.win32_1.0.200.202301161003/tools/bin/../lib/gcc/arm-none-eabi/10.3.1/../../../../arm-none-eabi/lib/thumb/v7-m/nofp\libm.a
END GROUP
START GROUP
LOAD c:/st/stm32cubeide_1.12.1/stm32cubeide/plugins/com.st.stm32cube.ide.mcu.externaltools.gnu-tools-for-stm32.10.3-2021.10.win32_1.0.200.202301161003/tools/bin/../lib/gcc/arm-none-eabi/10.3.1/thumb/v7-m/nofp\libgcc.a
LOAD c:/st/stm32cubeide_1.12.1/stm32cubeide/plugins/com.st.stm32cube.ide.mcu.externaltools.gnu-tools-for-stm32.10.3-2021.10.win32_1.0.200.202301161003/tools/bin/../lib/gcc/arm-none-eabi/10.3.1/../../../../arm-none-eabi/lib/thumb/v7-m/nofp\libc_nano.a
END GROUP
START GROUP
LOAD c:/st/stm32cubeide_1.12.1/stm32cubeide/plugins/com.st.stm32cube.ide.mcu.externaltools.gnu-tools-for-stm32.10.3-2021.10.win32_1.0.200.202301161003/tools/bin/../lib/gcc/arm-none-eabi/10.3.1/thumb/v7-m/nofp\libgcc.a
LOAD c:/st/stm32cubeide_1.12.1/stm32cubeide/plugins/com.st.stm32cube.ide.mcu.externaltools.gnu-tools-for-stm32.10.3-2021.10.win32_1.0.200.202301161003/tools/bin/../lib/gcc/arm-none-eabi/10.3.1/../../../../arm-none-eabi/lib/thumb/v7-m/nofp\libc_nano.a
LOAD c:/st/stm32cubeide_1.12.1/stm32cubeide/plugins/com.st.stm32cube.ide.mcu.externaltools.gnu-tools-for-stm32.10.3-2021.10.win32_1.0.200.202301161003/tools/bin/../lib/gcc/arm-none-eabi/10.3.1/../../../../arm-none-eabi/lib/thumb/v7-m/nofp\libnosys.a
END GROUP
START GROUP
LOAD c:/st/stm32cubeide_1.12.1/stm32cubeide/plugins/com.st.stm32cube.ide.mcu.externaltools.gnu-tools-for-stm32.10.3-2021.10.win32_1.0.200.202301161003/tools/bin/../lib/gcc/arm-none-eabi/10.3.1/thumb/v7-m/nofp\libgcc.a
LOAD c:/st/stm32cubeide_1.12.1/stm32cubeide/plugins/com.st.stm32cube.ide.mcu.externaltools.gnu-tools-for-stm32.10.3-2021.10.win32_1.0.200.202301161003/tools/bin/../lib/gcc/arm-none-eabi/10.3.1/../../../../arm-none-eabi/lib/thumb/v7-m/nofp\libc_nano.a
LOAD c:/st/stm32cubeide_1.12.1/stm32cubeide/plugins/com.st.stm32cube.ide.mcu.externaltools.gnu-tools-for-stm32.10.3-2021.10.win32_1.0.200.202301161003/tools/bin/../lib/gcc/arm-none-eabi/10.3.1/../../../../arm-none-eabi/lib/thumb/v7-m/nofp\libnosys.a
END GROUP
LOAD c:/st/stm32cubeide_1.12.1/stm32cubeide/plugins/com.st.stm32cube.ide.mcu.externaltools.gnu-tools-for-stm32.10.3-2021.10.win32_1.0.200.202301161003/tools/bin/../lib/gcc/arm-none-eabi/10.3.1/thumb/v7-m/nofp/crtend.o
LOAD c:/st/stm32cubeide_1.12.1/stm32cubeide/plugins/com.st.stm32cube.ide.mcu.externaltools.gnu-tools-for-stm32.10.3-2021.10.win32_1.0.200.202301161003/tools/bin/../lib/gcc/arm-none-eabi/10.3.1/thumb/v7-m/nofp/crtn.o
                0x0000000020005000                _estack = (ORIGIN (RAM) + LENGTH (RAM))
                0x0000000000000200                _Min_Heap_Size = 0x200
                0x0000000000000400                _Min_Stack_Size = 0x400

.isr_vector     0x0000000008000000      0x130
                0x0000000008000000                . = ALIGN (0x4)
 *(.isr_vector)
 .isr_vector    0x0000000008000000      0x130 ./Startup/startup_stm32f103c8tx.o
                0x0000000008000000                g_pfnVectors
                0x0000000008000130                . = ALIGN (0x4)

.text           0x0000000008000130     0x1778
                0x0000000008000130                . = ALIGN (0x4)
 *(.text)
 .text          0x0000000008000130       0x40 c:/st/stm32cubeide_1.12.1/stm32cubeide/plugins/com.st.stm32cube.ide.mcu.externaltools.gnu-tools-for-stm32.10.3-2021.10.win32_1.0.200.202301161003/tools/bin/../lib/gcc/arm-none-eabi/10.3.1/thumb/v7-m/nofp/crtbegin.o
 *(.text*)
 .text.LCD_Init
                0x0000000008000170       0x32 ./Src/HAL/LCD.o
                0x0000000008000170                LCD_Init
 *fill*         0x00000000080001a2        0x2 
 .text.LCD_writeInstruction
                0x00000000080001a4      0x158 ./Src/HAL/LCD.o
                0x00000000080001a4                LCD_writeInstruction
 .text.LCD_WriteData
                0x00000000080002fc      0x158 ./Src/HAL/LCD.o
                0x00000000080002fc                LCD_WriteData
 .text.LCD_Clear
                0x0000000008000454        0xe ./Src/HAL/LCD.o
                0x0000000008000454                LCD_Clear
 .text.LCD_WriteChar
                0x0000000008000462       0x1a ./Src/HAL/LCD.o
                0x0000000008000462                LCD_WriteChar
 .text.LCD_WriteNumber
                0x000000000800047c       0xb4 ./Src/HAL/LCD.o
                0x000000000800047c                LCD_WriteNumber
 .text.LCD_SetCursor
                0x0000000008000530       0x42 ./Src/HAL/LCD.o
                0x0000000008000530                LCD_SetCursor
 .text.LCD_WriteString
                0x0000000008000572       0x38 ./Src/HAL/LCD.o
                0x0000000008000572                LCD_WriteString
 *fill*         0x00000000080005aa        0x2 
 .text.EXTI1_CallBack
                0x00000000080005ac       0x30 ./Src/MCAL/EXTI_cfg.o
                0x00000000080005ac                EXTI1_CallBack
 .text.EXTI0_IRQHandler
                0x00000000080005dc       0x20 ./Src/MCAL/EXTI_prg.o
                0x00000000080005dc                EXTI0_IRQHandler
 .text.EXTI1_IRQHandler
                0x00000000080005fc       0x20 ./Src/MCAL/EXTI_prg.o
                0x00000000080005fc                EXTI1_IRQHandler
 .text.EXTI2_IRQHandler
                0x000000000800061c       0x20 ./Src/MCAL/EXTI_prg.o
                0x000000000800061c                EXTI2_IRQHandler
 .text.EXTI3_IRQHandler
                0x000000000800063c       0x1c ./Src/MCAL/EXTI_prg.o
                0x000000000800063c                EXTI3_IRQHandler
 .text.EXTI_Init
                0x0000000008000658       0x74 ./Src/MCAL/EXTI_prg.o
                0x0000000008000658                EXTI_Init
 .text.EXTI_EnableInterrupt
                0x00000000080006cc       0x44 ./Src/MCAL/EXTI_prg.o
                0x00000000080006cc                EXTI_EnableInterrupt
 .text.EXTI_SetRisingEdge
                0x0000000008000710       0x60 ./Src/MCAL/EXTI_prg.o
                0x0000000008000710                EXTI_SetRisingEdge
 .text.EXTI_SetFallingEdge
                0x0000000008000770       0x60 ./Src/MCAL/EXTI_prg.o
                0x0000000008000770                EXTI_SetFallingEdge
 .text.EXTI_SetRisingFallingEdge
                0x00000000080007d0       0x6c ./Src/MCAL/EXTI_prg.o
                0x00000000080007d0                EXTI_SetRisingFallingEdge
 .text.EXTI_ClearPendingFlag
                0x000000000800083c       0x24 ./Src/MCAL/EXTI_prg.o
                0x000000000800083c                EXTI_ClearPendingFlag
 .text.EXTI_SetCallBack
                0x0000000008000860       0x24 ./Src/MCAL/EXTI_prg.o
                0x0000000008000860                EXTI_SetCallBack
 .text.EXTI_vSetEXTI_LineOnPort
                0x0000000008000884       0x7c ./Src/MCAL/EXTI_prg.o
                0x0000000008000884                EXTI_vSetEXTI_LineOnPort
 .text.GPIO_u8PinInit
                0x0000000008000900      0x278 ./Src/MCAL/GPIO_prg.o
                0x0000000008000900                GPIO_u8PinInit
 .text.GPIO_vSetOutputPinValue
                0x0000000008000b78       0x8c ./Src/MCAL/GPIO_prg.o
                0x0000000008000b78                GPIO_vSetOutputPinValue
 .text.NVIC_vEnableInterrupt
                0x0000000008000c04       0x48 ./Src/MCAL/NVIC_prg.o
                0x0000000008000c04                NVIC_vEnableInterrupt
 .text.RCC_APB2EnableCLK
                0x0000000008000c4c       0x2c ./Src/MCAL/RCC_prg.o
                0x0000000008000c4c                RCC_APB2EnableCLK
 .text.SPI_vInit
                0x0000000008000c78       0xa4 ./Src/MCAL/SPI_prg.o
                0x0000000008000c78                SPI_vInit
 .text.SPI_SetHWCRCEnable
                0x0000000008000d1c       0x60 ./Src/MCAL/SPI_prg.o
 .text.SPI_SetDataFrameForamt
                0x0000000008000d7c       0x60 ./Src/MCAL/SPI_prg.o
 .text.SPI_SetSlavengBySW
                0x0000000008000ddc       0x60 ./Src/MCAL/SPI_prg.o
 .text.SPI_SetSlaveSelectBySW
                0x0000000008000e3c       0x60 ./Src/MCAL/SPI_prg.o
 .text.SPI_Enable_Peripheral
                0x0000000008000e9c       0x60 ./Src/MCAL/SPI_prg.o
 .text.SPI_SetBaudRate
                0x0000000008000efc       0x60 ./Src/MCAL/SPI_prg.o
 .text.SPI_SetMasterSlave
                0x0000000008000f5c       0x60 ./Src/MCAL/SPI_prg.o
 .text.SPI_EnableTxBufferEmptyInterrupt
                0x0000000008000fbc       0x54 ./Src/MCAL/SPI_prg.o
                0x0000000008000fbc                SPI_EnableTxBufferEmptyInterrupt
 .text.SPI_EnableRxBufferFullInterrupt
                0x0000000008001010       0x60 ./Src/MCAL/SPI_prg.o
                0x0000000008001010                SPI_EnableRxBufferFullInterrupt
 .text.SPI_EnableErrorInterrupt
                0x0000000008001070       0x60 ./Src/MCAL/SPI_prg.o
                0x0000000008001070                SPI_EnableErrorInterrupt
 .text.SPI_DMATxEnable
                0x00000000080010d0       0x60 ./Src/MCAL/SPI_prg.o
 .text.SPI_DMARxEnable
                0x0000000008001130       0x5c ./Src/MCAL/SPI_prg.o
 .text.SysTick_Handler
                0x000000000800118c       0x38 ./Src/MCAL/SysTick_prg.o
                0x000000000800118c                SysTick_Handler
 .text.STK_vInit
                0x00000000080011c4       0x28 ./Src/MCAL/SysTick_prg.o
                0x00000000080011c4                STK_vInit
 .text.STK_vStartTimer
                0x00000000080011ec       0x30 ./Src/MCAL/SysTick_prg.o
                0x00000000080011ec                STK_vStartTimer
 .text.STK_vSetBusyWait
                0x000000000800121c       0x4c ./Src/MCAL/SysTick_prg.o
                0x000000000800121c                STK_vSetBusyWait
 .text.STK_Delay_ms
                0x0000000008001268       0x20 ./Src/MCAL/SysTick_prg.o
                0x0000000008001268                STK_Delay_ms
 .text.APP_Services_Init
                0x0000000008001288       0xe8 ./Src/Services/APP_Services.o
                0x0000000008001288                APP_Services_Init
 .text.APP_Services_Ping_SPI_Asynch
                0x0000000008001370       0x1c ./Src/Services/APP_Services.o
                0x0000000008001370                APP_Services_Ping_SPI_Asynch
 .text.APP_Services_Set_GREEN_LED
                0x000000000800138c       0x20 ./Src/Services/APP_Services.o
                0x000000000800138c                APP_Services_Set_GREEN_LED
 .text.APP_Services_Clear_GREEN_LED
                0x00000000080013ac       0x1c ./Src/Services/APP_Services.o
                0x00000000080013ac                APP_Services_Clear_GREEN_LED
 .text.APP_Services_Set_RED_LED
                0x00000000080013c8       0x20 ./Src/Services/APP_Services.o
                0x00000000080013c8                APP_Services_Set_RED_LED
 .text.APP_Services_Clear_RED_LED
                0x00000000080013e8       0x1c ./Src/Services/APP_Services.o
                0x00000000080013e8                APP_Services_Clear_RED_LED
 .text.APP_Services_Periodic_Receive_Frame_Check
                0x0000000008001404       0x28 ./Src/Services/APP_Services.o
                0x0000000008001404                APP_Services_Periodic_Receive_Frame_Check
 .text.APP_Services_Display_Time_Date
                0x000000000800142c       0x90 ./Src/Services/APP_Services.o
                0x000000000800142c                APP_Services_Display_Time_Date
 .text.APP_Services_Display_Alarm_Number
                0x00000000080014bc       0x40 ./Src/Services/APP_Services.o
                0x00000000080014bc                APP_Services_Display_Alarm_Number
 .text.APP_Services_Decode_Frame
                0x00000000080014fc       0xc0 ./Src/Services/APP_Services.o
                0x00000000080014fc                APP_Services_Decode_Frame
 .text.SPI_SendReceiveCallBack
                0x00000000080015bc      0x168 ./Src/Services/SPI_Services.o
                0x00000000080015bc                SPI_SendReceiveCallBack
 .text.SPI_vReceiveDataAsynch
                0x0000000008001724       0x54 ./Src/Services/SPI_Services.o
                0x0000000008001724                SPI_vReceiveDataAsynch
 .text.SPI_NVICEnaleInterrupt
                0x0000000008001778       0x3e ./Src/Services/SPI_Services.o
 .text.SPI1_IRQHandler
                0x00000000080017b6        0xe ./Src/Services/SPI_Services.o
                0x00000000080017b6                SPI1_IRQHandler
 .text.SPI2_IRQHandler
                0x00000000080017c4        0xe ./Src/Services/SPI_Services.o
                0x00000000080017c4                SPI2_IRQHandler
 .text.SPI3_IRQHandler
                0x00000000080017d2        0xe ./Src/Services/SPI_Services.o
                0x00000000080017d2                SPI3_IRQHandler
 .text.main     0x00000000080017e0       0x12 ./Src/main.o
                0x00000000080017e0                main
 *fill*         0x00000000080017f2        0x2 
 .text.Reset_Handler
                0x00000000080017f4       0x50 ./Startup/startup_stm32f103c8tx.o
                0x00000000080017f4                Reset_Handler
 .text.Default_Handler
                0x0000000008001844        0x2 ./Startup/startup_stm32f103c8tx.o
                0x0000000008001844                TIM8_TRG_COM_IRQHandler
                0x0000000008001844                TIM8_CC_IRQHandler
                0x0000000008001844                DebugMon_Handler
                0x0000000008001844                TIM1_CC_IRQHandler
                0x0000000008001844                HardFault_Handler
                0x0000000008001844                TIM6_IRQHandler
                0x0000000008001844                PVD_IRQHandler
                0x0000000008001844                SDIO_IRQHandler
                0x0000000008001844                PendSV_Handler
                0x0000000008001844                NMI_Handler
                0x0000000008001844                USB_HP_CAN_TX_IRQHandler
                0x0000000008001844                I2C2_EV_IRQHandler
                0x0000000008001844                UsageFault_Handler
                0x0000000008001844                ADC1_2_IRQHandler
                0x0000000008001844                CAN_SCE_IRQHandler
                0x0000000008001844                TAMPER_IRQHandler
                0x0000000008001844                TIM8_UP_IRQHandler
                0x0000000008001844                DMA2_Channel2_IRQHandler
                0x0000000008001844                DMA1_Channel4_IRQHandler
                0x0000000008001844                USART3_IRQHandler
                0x0000000008001844                RTC_IRQHandler
                0x0000000008001844                DMA1_Channel7_IRQHandler
                0x0000000008001844                UART5_IRQHandler
                0x0000000008001844                ADC3_IRQHandler
                0x0000000008001844                TIM4_IRQHandler
                0x0000000008001844                CAN_RX1_IRQHandler
                0x0000000008001844                DMA2_Channel1_IRQHandler
                0x0000000008001844                I2C1_EV_IRQHandler
                0x0000000008001844                DMA1_Channel6_IRQHandler
                0x0000000008001844                UART4_IRQHandler
                0x0000000008001844                TIM3_IRQHandler
                0x0000000008001844                RCC_IRQHandler
                0x0000000008001844                TIM1_TRG_COM_IRQHandler
                0x0000000008001844                DMA1_Channel1_IRQHandler
                0x0000000008001844                Default_Handler
                0x0000000008001844                EXTI15_10_IRQHandler
                0x0000000008001844                TIM7_IRQHandler
                0x0000000008001844                TIM5_IRQHandler
                0x0000000008001844                EXTI9_5_IRQHandler
                0x0000000008001844                USB_LP_CAN_RX0_IRQHandler
                0x0000000008001844                MemManage_Handler
                0x0000000008001844                SVC_Handler
                0x0000000008001844                DMA1_Channel5_IRQHandler
                0x0000000008001844                EXTI4_IRQHandler
                0x0000000008001844                DMA1_Channel3_IRQHandler
                0x0000000008001844                FSMC_IRQHandler
                0x0000000008001844                TIM1_UP_IRQHandler
                0x0000000008001844                WWDG_IRQHandler
                0x0000000008001844                TIM2_IRQHandler
                0x0000000008001844                TIM1_BRK_IRQHandler
                0x0000000008001844                RTCAlarm_IRQHandler
                0x0000000008001844                DMA2_Channel4_5_IRQHandler
                0x0000000008001844                USART2_IRQHandler
                0x0000000008001844                I2C2_ER_IRQHandler
                0x0000000008001844                DMA1_Channel2_IRQHandler
                0x0000000008001844                TIM8_BRK_IRQHandler
                0x0000000008001844                FLASH_IRQHandler
                0x0000000008001844                BusFault_Handler
                0x0000000008001844                USART1_IRQHandler
                0x0000000008001844                I2C1_ER_IRQHandler
                0x0000000008001844                DMA2_Channel3_IRQHandler
 *fill*         0x0000000008001846        0x2 
 .text.__libc_init_array
                0x0000000008001848       0x48 c:/st/stm32cubeide_1.12.1/stm32cubeide/plugins/com.st.stm32cube.ide.mcu.externaltools.gnu-tools-for-stm32.10.3-2021.10.win32_1.0.200.202301161003/tools/bin/../lib/gcc/arm-none-eabi/10.3.1/../../../../arm-none-eabi/lib/thumb/v7-m/nofp\libc_nano.a(lib_a-init.o)
                0x0000000008001848                __libc_init_array
 *(.glue_7)
 .glue_7        0x0000000008001890        0x0 linker stubs
 *(.glue_7t)
 .glue_7t       0x0000000008001890        0x0 linker stubs
 *(.eh_frame)
 .eh_frame      0x0000000008001890        0x0 c:/st/stm32cubeide_1.12.1/stm32cubeide/plugins/com.st.stm32cube.ide.mcu.externaltools.gnu-tools-for-stm32.10.3-2021.10.win32_1.0.200.202301161003/tools/bin/../lib/gcc/arm-none-eabi/10.3.1/thumb/v7-m/nofp/crtbegin.o
 *(.init)
 .init          0x0000000008001890        0x4 c:/st/stm32cubeide_1.12.1/stm32cubeide/plugins/com.st.stm32cube.ide.mcu.externaltools.gnu-tools-for-stm32.10.3-2021.10.win32_1.0.200.202301161003/tools/bin/../lib/gcc/arm-none-eabi/10.3.1/thumb/v7-m/nofp/crti.o
                0x0000000008001890                _init
 .init          0x0000000008001894        0x8 c:/st/stm32cubeide_1.12.1/stm32cubeide/plugins/com.st.stm32cube.ide.mcu.externaltools.gnu-tools-for-stm32.10.3-2021.10.win32_1.0.200.202301161003/tools/bin/../lib/gcc/arm-none-eabi/10.3.1/thumb/v7-m/nofp/crtn.o
 *(.fini)
 .fini          0x000000000800189c        0x4 c:/st/stm32cubeide_1.12.1/stm32cubeide/plugins/com.st.stm32cube.ide.mcu.externaltools.gnu-tools-for-stm32.10.3-2021.10.win32_1.0.200.202301161003/tools/bin/../lib/gcc/arm-none-eabi/10.3.1/thumb/v7-m/nofp/crti.o
                0x000000000800189c                _fini
 .fini          0x00000000080018a0        0x8 c:/st/stm32cubeide_1.12.1/stm32cubeide/plugins/com.st.stm32cube.ide.mcu.externaltools.gnu-tools-for-stm32.10.3-2021.10.win32_1.0.200.202301161003/tools/bin/../lib/gcc/arm-none-eabi/10.3.1/thumb/v7-m/nofp/crtn.o
                0x00000000080018a8                . = ALIGN (0x4)
                0x00000000080018a8                _etext = .

.vfp11_veneer   0x00000000080018a8        0x0
 .vfp11_veneer  0x00000000080018a8        0x0 linker stubs

.v4_bx          0x00000000080018a8        0x0
 .v4_bx         0x00000000080018a8        0x0 linker stubs

.iplt           0x00000000080018a8        0x0
 .iplt          0x00000000080018a8        0x0 c:/st/stm32cubeide_1.12.1/stm32cubeide/plugins/com.st.stm32cube.ide.mcu.externaltools.gnu-tools-for-stm32.10.3-2021.10.win32_1.0.200.202301161003/tools/bin/../lib/gcc/arm-none-eabi/10.3.1/thumb/v7-m/nofp/crtbegin.o

.rodata         0x00000000080018a8       0x38
                0x00000000080018a8                . = ALIGN (0x4)
 *(.rodata)
 .rodata        0x00000000080018a8       0x35 ./Src/Services/APP_Services.o
 *(.rodata*)
                0x00000000080018e0                . = ALIGN (0x4)
 *fill*         0x00000000080018dd        0x3 

.rel.dyn        0x00000000080018e0        0x0
 .rel.iplt      0x00000000080018e0        0x0 c:/st/stm32cubeide_1.12.1/stm32cubeide/plugins/com.st.stm32cube.ide.mcu.externaltools.gnu-tools-for-stm32.10.3-2021.10.win32_1.0.200.202301161003/tools/bin/../lib/gcc/arm-none-eabi/10.3.1/thumb/v7-m/nofp/crtbegin.o

.ARM.extab      0x00000000080018e0        0x0
                0x00000000080018e0                . = ALIGN (0x4)
 *(.ARM.extab* .gnu.linkonce.armextab.*)
                0x00000000080018e0                . = ALIGN (0x4)

.ARM            0x00000000080018e0        0x0
                0x00000000080018e0                . = ALIGN (0x4)
                0x00000000080018e0                __exidx_start = .
 *(.ARM.exidx*)
                0x00000000080018e0                __exidx_end = .
                0x00000000080018e0                . = ALIGN (0x4)

.preinit_array  0x00000000080018e0        0x0
                0x00000000080018e0                . = ALIGN (0x4)
                0x00000000080018e0                PROVIDE (__preinit_array_start = .)
 *(.preinit_array*)
                0x00000000080018e0                PROVIDE (__preinit_array_end = .)
                0x00000000080018e0                . = ALIGN (0x4)

.init_array     0x00000000080018e0        0x4
                0x00000000080018e0                . = ALIGN (0x4)
                0x00000000080018e0                PROVIDE (__init_array_start = .)
 *(SORT_BY_NAME(.init_array.*))
 *(.init_array*)
 .init_array    0x00000000080018e0        0x4 c:/st/stm32cubeide_1.12.1/stm32cubeide/plugins/com.st.stm32cube.ide.mcu.externaltools.gnu-tools-for-stm32.10.3-2021.10.win32_1.0.200.202301161003/tools/bin/../lib/gcc/arm-none-eabi/10.3.1/thumb/v7-m/nofp/crtbegin.o
                0x00000000080018e4                PROVIDE (__init_array_end = .)
                0x00000000080018e4                . = ALIGN (0x4)

.fini_array     0x00000000080018e4        0x4
                0x00000000080018e4                . = ALIGN (0x4)
                [!provide]                        PROVIDE (__fini_array_start = .)
 *(SORT_BY_NAME(.fini_array.*))
 *(.fini_array*)
 .fini_array    0x00000000080018e4        0x4 c:/st/stm32cubeide_1.12.1/stm32cubeide/plugins/com.st.stm32cube.ide.mcu.externaltools.gnu-tools-for-stm32.10.3-2021.10.win32_1.0.200.202301161003/tools/bin/../lib/gcc/arm-none-eabi/10.3.1/thumb/v7-m/nofp/crtbegin.o
                [!provide]                        PROVIDE (__fini_array_end = .)
                0x00000000080018e8                . = ALIGN (0x4)
                0x00000000080018e8                _sidata = LOADADDR (.data)

.data           0x0000000020000000       0xac load address 0x00000000080018e8
                0x0000000020000000                . = ALIGN (0x4)
                0x0000000020000000                _sdata = .
 *(.data)
 *(.data*)
 .data.LCD_RS   0x0000000020000000        0x7 ./Src/HAL/LCD_cfg.o
                0x0000000020000000                LCD_RS
 *fill*         0x0000000020000007        0x1 
 .data.LCD_EN   0x0000000020000008        0x7 ./Src/HAL/LCD_cfg.o
                0x0000000020000008                LCD_EN
 *fill*         0x000000002000000f        0x1 
 .data.LCD_D4   0x0000000020000010        0x7 ./Src/HAL/LCD_cfg.o
                0x0000000020000010                LCD_D4
 *fill*         0x0000000020000017        0x1 
 .data.LCD_D5   0x0000000020000018        0x7 ./Src/HAL/LCD_cfg.o
                0x0000000020000018                LCD_D5
 *fill*         0x000000002000001f        0x1 
 .data.LCD_D6   0x0000000020000020        0x7 ./Src/HAL/LCD_cfg.o
                0x0000000020000020                LCD_D6
 *fill*         0x0000000020000027        0x1 
 .data.LCD_D7   0x0000000020000028        0x7 ./Src/HAL/LCD_cfg.o
                0x0000000020000028                LCD_D7
 *fill*         0x000000002000002f        0x1 
 .data.ourEXTI  0x0000000020000030        0x8 ./Src/MCAL/EXTI_cfg.o
                0x0000000020000030                ourEXTI
 .data.GPIO_RED_LED
                0x0000000020000038        0x7 ./Src/MCAL/GPIO_cfg.o
                0x0000000020000038                GPIO_RED_LED
 *fill*         0x000000002000003f        0x1 
 .data.GPIO_GREEN_LED
                0x0000000020000040        0x7 ./Src/MCAL/GPIO_cfg.o
                0x0000000020000040                GPIO_GREEN_LED
 *fill*         0x0000000020000047        0x1 
 .data.GPIO_BLUE_LED
                0x0000000020000048        0x7 ./Src/MCAL/GPIO_cfg.o
                0x0000000020000048                GPIO_BLUE_LED
 *fill*         0x000000002000004f        0x1 
 .data.GPIO_BUZZER
                0x0000000020000050        0x7 ./Src/MCAL/GPIO_cfg.o
                0x0000000020000050                GPIO_BUZZER
 *fill*         0x0000000020000057        0x1 
 .data.GPIO_PORT
                0x0000000020000058       0x1c ./Src/MCAL/GPIO_prg.o
 .data.PinMOSI  0x0000000020000074        0x7 ./Src/MCAL/SPI_cfg.o
                0x0000000020000074                PinMOSI
 *fill*         0x000000002000007b        0x1 
 .data.PinMISO  0x000000002000007c        0x7 ./Src/MCAL/SPI_cfg.o
                0x000000002000007c                PinMISO
 *fill*         0x0000000020000083        0x1 
 .data.PinSCK   0x0000000020000084        0x7 ./Src/MCAL/SPI_cfg.o
                0x0000000020000084                PinSCK
 *fill*         0x000000002000008b        0x1 
 .data.SPI_ourSPI
                0x000000002000008c        0xd ./Src/MCAL/SPI_cfg.o
                0x000000002000008c                SPI_ourSPI
 *fill*         0x0000000020000099        0x3 
 .data.SPIPeripheral
                0x000000002000009c        0xc ./Src/MCAL/SPI_prg.o
                0x000000002000009c                SPIPeripheral
 .data.i.5      0x00000000200000a8        0x1 ./Src/Services/SPI_Services.o
 *(.RamFunc)
 *(.RamFunc*)
                0x00000000200000ac                . = ALIGN (0x4)
 *fill*         0x00000000200000a9        0x3 
                0x00000000200000ac                _edata = .

.igot.plt       0x00000000200000ac        0x0 load address 0x0000000008001994
 .igot.plt      0x00000000200000ac        0x0 c:/st/stm32cubeide_1.12.1/stm32cubeide/plugins/com.st.stm32cube.ide.mcu.externaltools.gnu-tools-for-stm32.10.3-2021.10.win32_1.0.200.202301161003/tools/bin/../lib/gcc/arm-none-eabi/10.3.1/thumb/v7-m/nofp/crtbegin.o
                0x00000000200000ac                . = ALIGN (0x4)

.bss            0x00000000200000ac       0xc0 load address 0x0000000008001994
                0x00000000200000ac                _sbss = .
                0x00000000200000ac                __bss_start__ = _sbss
 *(.bss)
 .bss           0x00000000200000ac       0x1c c:/st/stm32cubeide_1.12.1/stm32cubeide/plugins/com.st.stm32cube.ide.mcu.externaltools.gnu-tools-for-stm32.10.3-2021.10.win32_1.0.200.202301161003/tools/bin/../lib/gcc/arm-none-eabi/10.3.1/thumb/v7-m/nofp/crtbegin.o
 *(.bss*)
 .bss.Globalarr_EXTICallBack
                0x00000000200000c8       0x50 ./Src/MCAL/EXTI_prg.o
                0x00000000200000c8                Globalarr_EXTICallBack
 .bss.Global_SysTickCallback
                0x0000000020000118        0x4 ./Src/MCAL/SysTick_prg.o
                0x0000000020000118                Global_SysTickCallback
 .bss.Global_Interval
                0x000000002000011c        0x1 ./Src/MCAL/SysTick_prg.o
                0x000000002000011c                Global_Interval
 *fill*         0x000000002000011d        0x3 
 .bss.SPIRecDataFromNucleo
                0x0000000020000120       0x14 ./Src/Services/APP_Services.o
                0x0000000020000120                SPIRecDataFromNucleo
 .bss.Global_u8TimeTakenFromNucleo
                0x0000000020000134        0x1 ./Src/Services/APP_Services.o
                0x0000000020000134                Global_u8TimeTakenFromNucleo
 *fill*         0x0000000020000135        0x3 
 .bss.BluePillTime
                0x0000000020000138        0xa ./Src/Services/APP_Services.o
                0x0000000020000138                BluePillTime
 .bss.SPI_IRQ_Reason
                0x0000000020000142        0x1 ./Src/Services/SPI_Services.o
                0x0000000020000142                SPI_IRQ_Reason
 *fill*         0x0000000020000143        0x1 
 .bss.GlobalSPI_pu8SendData
                0x0000000020000144        0xc ./Src/Services/SPI_Services.o
                0x0000000020000144                GlobalSPI_pu8SendData
 .bss.GlobalSPI_u8SizeSendData
                0x0000000020000150        0x3 ./Src/Services/SPI_Services.o
                0x0000000020000150                GlobalSPI_u8SizeSendData
 .bss.GlobalSPI_u8CalledTimes
                0x0000000020000153        0x1 ./Src/Services/SPI_Services.o
                0x0000000020000153                GlobalSPI_u8CalledTimes
 .bss.GlobalSPI_u8NoOfRecFrames
                0x0000000020000154        0x1 ./Src/Services/SPI_Services.o
                0x0000000020000154                GlobalSPI_u8NoOfRecFrames
 *fill*         0x0000000020000155        0x3 
 .bss.GlobalSPI_u8SizeReceiveData
                0x0000000020000158        0x3 ./Src/Services/SPI_Services.o
                0x0000000020000158                GlobalSPI_u8SizeReceiveData
 *fill*         0x000000002000015b        0x1 
 .bss.GlobalSPI_pu8ReceiveData
                0x000000002000015c        0xc ./Src/Services/SPI_Services.o
                0x000000002000015c                GlobalSPI_pu8ReceiveData
 .bss.SBufferNumbberCB.6
                0x0000000020000168        0x1 ./Src/Services/SPI_Services.o
 .bss.RBufferNumbberCB.4
                0x0000000020000169        0x1 ./Src/Services/SPI_Services.o
 .bss.i.3       0x000000002000016a        0x1 ./Src/Services/SPI_Services.o
 .bss.BufferNumbber.0
                0x000000002000016b        0x1 ./Src/Services/SPI_Services.o
 *(COMMON)
                0x000000002000016c                . = ALIGN (0x4)
                0x000000002000016c                _ebss = .
                0x000000002000016c                __bss_end__ = _ebss

._user_heap_stack
                0x000000002000016c      0x604 load address 0x0000000008001994
                0x0000000020000170                . = ALIGN (0x8)
 *fill*         0x000000002000016c        0x4 
                [!provide]                        PROVIDE (end = .)
                0x0000000020000170                PROVIDE (_end = .)
                0x0000000020000370                . = (. + _Min_Heap_Size)
 *fill*         0x0000000020000170      0x200 
                0x0000000020000770                . = (. + _Min_Stack_Size)
 *fill*         0x0000000020000370      0x400 
                0x0000000020000770                . = ALIGN (0x8)

/DISCARD/
 libc.a(*)
 libm.a(*)
 libgcc.a(*)

.ARM.attributes
                0x0000000000000000       0x29
 *(.ARM.attributes)
 .ARM.attributes
                0x0000000000000000       0x1d c:/st/stm32cubeide_1.12.1/stm32cubeide/plugins/com.st.stm32cube.ide.mcu.externaltools.gnu-tools-for-stm32.10.3-2021.10.win32_1.0.200.202301161003/tools/bin/../lib/gcc/arm-none-eabi/10.3.1/thumb/v7-m/nofp/crti.o
 .ARM.attributes
                0x000000000000001d       0x2d c:/st/stm32cubeide_1.12.1/stm32cubeide/plugins/com.st.stm32cube.ide.mcu.externaltools.gnu-tools-for-stm32.10.3-2021.10.win32_1.0.200.202301161003/tools/bin/../lib/gcc/arm-none-eabi/10.3.1/thumb/v7-m/nofp/crtbegin.o
 .ARM.attributes
                0x000000000000004a       0x2d ./Src/HAL/LCD.o
 .ARM.attributes
                0x0000000000000077       0x2d ./Src/HAL/LCD_cfg.o
 .ARM.attributes
                0x00000000000000a4       0x2d ./Src/MCAL/EXTI_cfg.o
 .ARM.attributes
                0x00000000000000d1       0x2d ./Src/MCAL/EXTI_prg.o
 .ARM.attributes
                0x00000000000000fe       0x2d ./Src/MCAL/GPIO_cfg.o
 .ARM.attributes
                0x000000000000012b       0x2d ./Src/MCAL/GPIO_prg.o
 .ARM.attributes
                0x0000000000000158       0x2d ./Src/MCAL/NVIC_prg.o
 .ARM.attributes
                0x0000000000000185       0x2d ./Src/MCAL/RCC_prg.o
 .ARM.attributes
                0x00000000000001b2       0x2d ./Src/MCAL/SPI_cfg.o
 .ARM.attributes
                0x00000000000001df       0x2d ./Src/MCAL/SPI_prg.o
 .ARM.attributes
                0x000000000000020c       0x2d ./Src/MCAL/SysTick_prg.o
 .ARM.attributes
                0x0000000000000239       0x2d ./Src/Services/APP_Services.o
 .ARM.attributes
                0x0000000000000266       0x2d ./Src/Services/SPI_Services.o
 .ARM.attributes
                0x0000000000000293       0x2d ./Src/main.o
 .ARM.attributes
                0x00000000000002c0       0x21 ./Startup/startup_stm32f103c8tx.o
 .ARM.attributes
                0x00000000000002e1       0x2d c:/st/stm32cubeide_1.12.1/stm32cubeide/plugins/com.st.stm32cube.ide.mcu.externaltools.gnu-tools-for-stm32.10.3-2021.10.win32_1.0.200.202301161003/tools/bin/../lib/gcc/arm-none-eabi/10.3.1/../../../../arm-none-eabi/lib/thumb/v7-m/nofp\libc_nano.a(lib_a-init.o)
 .ARM.attributes
                0x000000000000030e       0x1d c:/st/stm32cubeide_1.12.1/stm32cubeide/plugins/com.st.stm32cube.ide.mcu.externaltools.gnu-tools-for-stm32.10.3-2021.10.win32_1.0.200.202301161003/tools/bin/../lib/gcc/arm-none-eabi/10.3.1/thumb/v7-m/nofp/crtn.o
OUTPUT(AlarmProject_STM32F103.elf elf32-littlearm)
LOAD linker stubs
LOAD c:/st/stm32cubeide_1.12.1/stm32cubeide/plugins/com.st.stm32cube.ide.mcu.externaltools.gnu-tools-for-stm32.10.3-2021.10.win32_1.0.200.202301161003/tools/bin/../lib/gcc/arm-none-eabi/10.3.1/../../../../arm-none-eabi/lib/thumb/v7-m/nofp\libc.a
LOAD c:/st/stm32cubeide_1.12.1/stm32cubeide/plugins/com.st.stm32cube.ide.mcu.externaltools.gnu-tools-for-stm32.10.3-2021.10.win32_1.0.200.202301161003/tools/bin/../lib/gcc/arm-none-eabi/10.3.1/../../../../arm-none-eabi/lib/thumb/v7-m/nofp\libm.a
LOAD c:/st/stm32cubeide_1.12.1/stm32cubeide/plugins/com.st.stm32cube.ide.mcu.externaltools.gnu-tools-for-stm32.10.3-2021.10.win32_1.0.200.202301161003/tools/bin/../lib/gcc/arm-none-eabi/10.3.1/thumb/v7-m/nofp\libgcc.a

.debug_info     0x0000000000000000     0x4e81
 .debug_info    0x0000000000000000      0x674 ./Src/HAL/LCD.o
 .debug_info    0x0000000000000674      0x300 ./Src/HAL/LCD_cfg.o
 .debug_info    0x0000000000000974      0x4a6 ./Src/MCAL/EXTI_cfg.o
 .debug_info    0x0000000000000e1a      0x551 ./Src/MCAL/EXTI_prg.o
 .debug_info    0x000000000000136b      0x2dc ./Src/MCAL/GPIO_cfg.o
 .debug_info    0x0000000000001647      0x4be ./Src/MCAL/GPIO_prg.o
 .debug_info    0x0000000000001b05      0x5c0 ./Src/MCAL/NVIC_prg.o
 .debug_info    0x00000000000020c5      0x5c3 ./Src/MCAL/RCC_prg.o
 .debug_info    0x0000000000002688      0x572 ./Src/MCAL/SPI_cfg.o
 .debug_info    0x0000000000002bfa      0x889 ./Src/MCAL/SPI_prg.o
 .debug_info    0x0000000000003483      0x2ce ./Src/MCAL/SysTick_prg.o
 .debug_info    0x0000000000003751      0xd76 ./Src/Services/APP_Services.o
 .debug_info    0x00000000000044c7      0x8da ./Src/Services/SPI_Services.o
 .debug_info    0x0000000000004da1       0xbe ./Src/main.o
 .debug_info    0x0000000000004e5f       0x22 ./Startup/startup_stm32f103c8tx.o

.debug_abbrev   0x0000000000000000      0xe16
 .debug_abbrev  0x0000000000000000      0x15c ./Src/HAL/LCD.o
 .debug_abbrev  0x000000000000015c       0x87 ./Src/HAL/LCD_cfg.o
 .debug_abbrev  0x00000000000001e3       0xe4 ./Src/MCAL/EXTI_cfg.o
 .debug_abbrev  0x00000000000002c7      0x115 ./Src/MCAL/EXTI_prg.o
 .debug_abbrev  0x00000000000003dc       0x87 ./Src/MCAL/GPIO_cfg.o
 .debug_abbrev  0x0000000000000463       0xf2 ./Src/MCAL/GPIO_prg.o
 .debug_abbrev  0x0000000000000555      0x113 ./Src/MCAL/NVIC_prg.o
 .debug_abbrev  0x0000000000000668       0xd7 ./Src/MCAL/RCC_prg.o
 .debug_abbrev  0x000000000000073f       0x87 ./Src/MCAL/SPI_cfg.o
 .debug_abbrev  0x00000000000007c6      0x148 ./Src/MCAL/SPI_prg.o
 .debug_abbrev  0x000000000000090e      0x137 ./Src/MCAL/SysTick_prg.o
 .debug_abbrev  0x0000000000000a45      0x1b0 ./Src/Services/APP_Services.o
 .debug_abbrev  0x0000000000000bf5      0x1ae ./Src/Services/SPI_Services.o
 .debug_abbrev  0x0000000000000da3       0x61 ./Src/main.o
 .debug_abbrev  0x0000000000000e04       0x12 ./Startup/startup_stm32f103c8tx.o

.debug_aranges  0x0000000000000000      0x4c0
 .debug_aranges
                0x0000000000000000       0x88 ./Src/HAL/LCD.o
 .debug_aranges
                0x0000000000000088       0x18 ./Src/HAL/LCD_cfg.o
 .debug_aranges
                0x00000000000000a0       0x20 ./Src/MCAL/EXTI_cfg.o
 .debug_aranges
                0x00000000000000c0       0x90 ./Src/MCAL/EXTI_prg.o
 .debug_aranges
                0x0000000000000150       0x18 ./Src/MCAL/GPIO_cfg.o
 .debug_aranges
                0x0000000000000168       0x38 ./Src/MCAL/GPIO_prg.o
 .debug_aranges
                0x00000000000001a0       0x50 ./Src/MCAL/NVIC_prg.o
 .debug_aranges
                0x00000000000001f0       0x78 ./Src/MCAL/RCC_prg.o
 .debug_aranges
                0x0000000000000268       0x18 ./Src/MCAL/SPI_cfg.o
 .debug_aranges
                0x0000000000000280       0xa0 ./Src/MCAL/SPI_prg.o
 .debug_aranges
                0x0000000000000320       0x70 ./Src/MCAL/SysTick_prg.o
 .debug_aranges
                0x0000000000000390       0x98 ./Src/Services/APP_Services.o
 .debug_aranges
                0x0000000000000428       0x50 ./Src/Services/SPI_Services.o
 .debug_aranges
                0x0000000000000478       0x20 ./Src/main.o
 .debug_aranges
                0x0000000000000498       0x28 ./Startup/startup_stm32f103c8tx.o

.debug_ranges   0x0000000000000000      0x3f8
 .debug_ranges  0x0000000000000000       0x78 ./Src/HAL/LCD.o
 .debug_ranges  0x0000000000000078       0x10 ./Src/MCAL/EXTI_cfg.o
 .debug_ranges  0x0000000000000088       0x80 ./Src/MCAL/EXTI_prg.o
 .debug_ranges  0x0000000000000108       0x28 ./Src/MCAL/GPIO_prg.o
 .debug_ranges  0x0000000000000130       0x40 ./Src/MCAL/NVIC_prg.o
 .debug_ranges  0x0000000000000170       0x68 ./Src/MCAL/RCC_prg.o
 .debug_ranges  0x00000000000001d8       0x90 ./Src/MCAL/SPI_prg.o
 .debug_ranges  0x0000000000000268       0x60 ./Src/MCAL/SysTick_prg.o
 .debug_ranges  0x00000000000002c8       0x88 ./Src/Services/APP_Services.o
 .debug_ranges  0x0000000000000350       0x78 ./Src/Services/SPI_Services.o
 .debug_ranges  0x00000000000003c8       0x10 ./Src/main.o
 .debug_ranges  0x00000000000003d8       0x20 ./Startup/startup_stm32f103c8tx.o

.debug_macro    0x0000000000000000     0x3a87
 .debug_macro   0x0000000000000000      0x20f ./Src/HAL/LCD.o
 .debug_macro   0x000000000000020f      0xa72 ./Src/HAL/LCD.o
 .debug_macro   0x0000000000000c81       0x40 ./Src/HAL/LCD.o
 .debug_macro   0x0000000000000cc1       0x22 ./Src/HAL/LCD.o
 .debug_macro   0x0000000000000ce3       0x4c ./Src/HAL/LCD.o
 .debug_macro   0x0000000000000d2f       0x18 ./Src/HAL/LCD.o
 .debug_macro   0x0000000000000d47       0x94 ./Src/HAL/LCD.o
 .debug_macro   0x0000000000000ddb       0x3c ./Src/HAL/LCD.o
 .debug_macro   0x0000000000000e17       0x34 ./Src/HAL/LCD.o
 .debug_macro   0x0000000000000e4b       0x16 ./Src/HAL/LCD.o
 .debug_macro   0x0000000000000e61       0x57 ./Src/HAL/LCD.o
 .debug_macro   0x0000000000000eb8       0x97 ./Src/HAL/LCD.o
 .debug_macro   0x0000000000000f4f      0x341 ./Src/HAL/LCD.o
 .debug_macro   0x0000000000001290       0xfd ./Src/HAL/LCD.o
 .debug_macro   0x000000000000138d       0x10 ./Src/HAL/LCD.o
 .debug_macro   0x000000000000139d       0x16 ./Src/HAL/LCD.o
 .debug_macro   0x00000000000013b3       0x43 ./Src/HAL/LCD.o
 .debug_macro   0x00000000000013f6       0x34 ./Src/HAL/LCD.o
 .debug_macro   0x000000000000142a       0x10 ./Src/HAL/LCD.o
 .debug_macro   0x000000000000143a       0x58 ./Src/HAL/LCD.o
 .debug_macro   0x0000000000001492       0x71 ./Src/HAL/LCD.o
 .debug_macro   0x0000000000001503       0x1c ./Src/HAL/LCD.o
 .debug_macro   0x000000000000151f      0x12a ./Src/HAL/LCD.o
 .debug_macro   0x0000000000001649       0x10 ./Src/HAL/LCD.o
 .debug_macro   0x0000000000001659       0x6a ./Src/HAL/LCD.o
 .debug_macro   0x00000000000016c3       0x1c ./Src/HAL/LCD.o
 .debug_macro   0x00000000000016df       0x52 ./Src/HAL/LCD.o
 .debug_macro   0x0000000000001731       0x22 ./Src/HAL/LCD.o
 .debug_macro   0x0000000000001753       0x10 ./Src/HAL/LCD.o
 .debug_macro   0x0000000000001763       0x52 ./Src/HAL/LCD.o
 .debug_macro   0x00000000000017b5       0xd5 ./Src/HAL/LCD.o
 .debug_macro   0x000000000000188a       0x1c ./Src/HAL/LCD.o
 .debug_macro   0x00000000000018a6       0x3d ./Src/HAL/LCD.o
 .debug_macro   0x00000000000018e3       0x16 ./Src/HAL/LCD.o
 .debug_macro   0x00000000000018f9      0x145 ./Src/HAL/LCD.o
 .debug_macro   0x0000000000001a3e      0x103 ./Src/HAL/LCD.o
 .debug_macro   0x0000000000001b41      0x1df ./Src/HAL/LCD.o
 .debug_macro   0x0000000000001d20       0x22 ./Src/HAL/LCD.o
 .debug_macro   0x0000000000001d42       0xe6 ./Src/HAL/LCD.o
 .debug_macro   0x0000000000001e28       0x10 ./Src/HAL/LCD.o
 .debug_macro   0x0000000000001e38      0x1b2 ./Src/HAL/LCD_cfg.o
 .debug_macro   0x0000000000001fea      0x21a ./Src/MCAL/EXTI_cfg.o
 .debug_macro   0x0000000000002204       0x8e ./Src/MCAL/EXTI_cfg.o
 .debug_macro   0x0000000000002292       0x51 ./Src/MCAL/EXTI_cfg.o
 .debug_macro   0x00000000000022e3       0x52 ./Src/MCAL/EXTI_cfg.o
 .debug_macro   0x0000000000002335      0x202 ./Src/MCAL/EXTI_prg.o
 .debug_macro   0x0000000000002537       0x1c ./Src/MCAL/EXTI_prg.o
 .debug_macro   0x0000000000002553      0x1b2 ./Src/MCAL/GPIO_cfg.o
 .debug_macro   0x0000000000002705      0x203 ./Src/MCAL/GPIO_prg.o
 .debug_macro   0x0000000000002908      0x1f8 ./Src/MCAL/NVIC_prg.o
 .debug_macro   0x0000000000002b00       0x10 ./Src/MCAL/NVIC_prg.o
 .debug_macro   0x0000000000002b10      0x1c1 ./Src/MCAL/RCC_prg.o
 .debug_macro   0x0000000000002cd1      0x206 ./Src/MCAL/SPI_cfg.o
 .debug_macro   0x0000000000002ed7      0x202 ./Src/MCAL/SPI_prg.o
 .debug_macro   0x00000000000030d9      0x1f7 ./Src/MCAL/SysTick_prg.o
 .debug_macro   0x00000000000032d0      0x283 ./Src/Services/APP_Services.o
 .debug_macro   0x0000000000003553       0x58 ./Src/Services/APP_Services.o
 .debug_macro   0x00000000000035ab      0x25f ./Src/Services/SPI_Services.o
 .debug_macro   0x000000000000380a      0x27d ./Src/main.o

.debug_line     0x0000000000000000     0x64bd
 .debug_line    0x0000000000000000      0x90f ./Src/HAL/LCD.o
 .debug_line    0x000000000000090f      0x55b ./Src/HAL/LCD_cfg.o
 .debug_line    0x0000000000000e6a      0x5f0 ./Src/MCAL/EXTI_cfg.o
 .debug_line    0x000000000000145a      0x7fa ./Src/MCAL/EXTI_prg.o
 .debug_line    0x0000000000001c54      0x55d ./Src/MCAL/GPIO_cfg.o
 .debug_line    0x00000000000021b1      0x835 ./Src/MCAL/GPIO_prg.o
 .debug_line    0x00000000000029e6      0x696 ./Src/MCAL/NVIC_prg.o
 .debug_line    0x000000000000307c      0x669 ./Src/MCAL/RCC_prg.o
 .debug_line    0x00000000000036e5      0x5b5 ./Src/MCAL/SPI_cfg.o
 .debug_line    0x0000000000003c9a      0x942 ./Src/MCAL/SPI_prg.o
 .debug_line    0x00000000000045dc      0x712 ./Src/MCAL/SysTick_prg.o
 .debug_line    0x0000000000004cee      0x8f8 ./Src/Services/APP_Services.o
 .debug_line    0x00000000000055e6      0x7f6 ./Src/Services/SPI_Services.o
 .debug_line    0x0000000000005ddc      0x65d ./Src/main.o
 .debug_line    0x0000000000006439       0x84 ./Startup/startup_stm32f103c8tx.o

.debug_str      0x0000000000000000     0xa85a
 .debug_str     0x0000000000000000     0x84ee ./Src/HAL/LCD.o
                                       0x8723 (size before relaxing)
 .debug_str     0x00000000000084ee       0x15 ./Src/HAL/LCD_cfg.o
                                       0x75ea (size before relaxing)
 .debug_str     0x0000000000008503      0x28c ./Src/MCAL/EXTI_cfg.o
                                       0x87ed (size before relaxing)
 .debug_str     0x000000000000878f      0x28c ./Src/MCAL/EXTI_prg.o
                                       0x86bd (size before relaxing)
 .debug_str     0x0000000000008a1b       0x33 ./Src/MCAL/GPIO_cfg.o
                                       0x75f8 (size before relaxing)
 .debug_str     0x0000000000008a4e       0xda ./Src/MCAL/GPIO_prg.o
                                       0x864d (size before relaxing)
 .debug_str     0x0000000000008b28      0x698 ./Src/MCAL/NVIC_prg.o
                                       0x8885 (size before relaxing)
 .debug_str     0x00000000000091c0      0x51a ./Src/MCAL/RCC_prg.o
                                       0x7d24 (size before relaxing)
 .debug_str     0x00000000000096da      0x37c ./Src/MCAL/SPI_cfg.o
                                       0x88b1 (size before relaxing)
 .debug_str     0x0000000000009a56      0x4d0 ./Src/MCAL/SPI_prg.o
                                       0x8a51 (size before relaxing)
 .debug_str     0x0000000000009f26      0x1c0 ./Src/MCAL/SysTick_prg.o
                                       0x83d2 (size before relaxing)
 .debug_str     0x000000000000a0e6      0x5a5 ./Src/Services/APP_Services.o
                                       0x96fd (size before relaxing)
 .debug_str     0x000000000000a68b      0x18b ./Src/Services/SPI_Services.o
                                       0x8dad (size before relaxing)
 .debug_str     0x000000000000a816       0x13 ./Src/main.o
                                       0x8614 (size before relaxing)
 .debug_str     0x000000000000a829       0x31 ./Startup/startup_stm32f103c8tx.o
                                         0x82 (size before relaxing)

.comment        0x0000000000000000       0x50
 .comment       0x0000000000000000       0x50 ./Src/HAL/LCD.o
                                         0x51 (size before relaxing)
 .comment       0x0000000000000050       0x51 ./Src/HAL/LCD_cfg.o
 .comment       0x0000000000000050       0x51 ./Src/MCAL/EXTI_cfg.o
 .comment       0x0000000000000050       0x51 ./Src/MCAL/EXTI_prg.o
 .comment       0x0000000000000050       0x51 ./Src/MCAL/GPIO_cfg.o
 .comment       0x0000000000000050       0x51 ./Src/MCAL/GPIO_prg.o
 .comment       0x0000000000000050       0x51 ./Src/MCAL/NVIC_prg.o
 .comment       0x0000000000000050       0x51 ./Src/MCAL/RCC_prg.o
 .comment       0x0000000000000050       0x51 ./Src/MCAL/SPI_cfg.o
 .comment       0x0000000000000050       0x51 ./Src/MCAL/SPI_prg.o
 .comment       0x0000000000000050       0x51 ./Src/MCAL/SysTick_prg.o
 .comment       0x0000000000000050       0x51 ./Src/Services/APP_Services.o
 .comment       0x0000000000000050       0x51 ./Src/Services/SPI_Services.o
 .comment       0x0000000000000050       0x51 ./Src/main.o

.debug_frame    0x0000000000000000      0xf84
 .debug_frame   0x0000000000000000      0x1f8 ./Src/HAL/LCD.o
 .debug_frame   0x00000000000001f8       0x2c ./Src/MCAL/EXTI_cfg.o
 .debug_frame   0x0000000000000224      0x234 ./Src/MCAL/EXTI_prg.o
 .debug_frame   0x0000000000000458       0xb0 ./Src/MCAL/GPIO_prg.o
 .debug_frame   0x0000000000000508      0x128 ./Src/MCAL/NVIC_prg.o
 .debug_frame   0x0000000000000630      0x1f0 ./Src/MCAL/RCC_prg.o
 .debug_frame   0x0000000000000820      0x2a8 ./Src/MCAL/SPI_prg.o
 .debug_frame   0x0000000000000ac8      0x194 ./Src/MCAL/SysTick_prg.o
 .debug_frame   0x0000000000000c5c      0x1d8 ./Src/Services/APP_Services.o
 .debug_frame   0x0000000000000e34       0xf8 ./Src/Services/SPI_Services.o
 .debug_frame   0x0000000000000f2c       0x2c ./Src/main.o
 .debug_frame   0x0000000000000f58       0x2c c:/st/stm32cubeide_1.12.1/stm32cubeide/plugins/com.st.stm32cube.ide.mcu.externaltools.gnu-tools-for-stm32.10.3-2021.10.win32_1.0.200.202301161003/tools/bin/../lib/gcc/arm-none-eabi/10.3.1/../../../../arm-none-eabi/lib/thumb/v7-m/nofp\libc_nano.a(lib_a-init.o)
