Archive member included to satisfy reference by file (symbol)

c:/st/stm32cubeide_1.12.1/stm32cubeide/plugins/com.st.stm32cube.ide.mcu.externaltools.gnu-tools-for-stm32.10.3-2021.10.win32_1.0.200.202301161003/tools/bin/../lib/gcc/arm-none-eabi/10.3.1/../../../../arm-none-eabi/lib/thumb/v7e-m+fp/hard\libc_nano.a(lib_a-errno.o)
                              ./Src/syscalls.o (__errno)
c:/st/stm32cubeide_1.12.1/stm32cubeide/plugins/com.st.stm32cube.ide.mcu.externaltools.gnu-tools-for-stm32.10.3-2021.10.win32_1.0.200.202301161003/tools/bin/../lib/gcc/arm-none-eabi/10.3.1/../../../../arm-none-eabi/lib/thumb/v7e-m+fp/hard\libc_nano.a(lib_a-exit.o)
                              c:/st/stm32cubeide_1.12.1/stm32cubeide/plugins/com.st.stm32cube.ide.mcu.externaltools.gnu-tools-for-stm32.10.3-2021.10.win32_1.0.200.202301161003/tools/bin/../lib/gcc/arm-none-eabi/10.3.1/../../../../arm-none-eabi/lib/thumb/v7e-m+fp/hard/crt0.o (exit)
c:/st/stm32cubeide_1.12.1/stm32cubeide/plugins/com.st.stm32cube.ide.mcu.externaltools.gnu-tools-for-stm32.10.3-2021.10.win32_1.0.200.202301161003/tools/bin/../lib/gcc/arm-none-eabi/10.3.1/../../../../arm-none-eabi/lib/thumb/v7e-m+fp/hard\libc_nano.a(lib_a-impure.o)
                              c:/st/stm32cubeide_1.12.1/stm32cubeide/plugins/com.st.stm32cube.ide.mcu.externaltools.gnu-tools-for-stm32.10.3-2021.10.win32_1.0.200.202301161003/tools/bin/../lib/gcc/arm-none-eabi/10.3.1/../../../../arm-none-eabi/lib/thumb/v7e-m+fp/hard\libc_nano.a(lib_a-exit.o) (_global_impure_ptr)
c:/st/stm32cubeide_1.12.1/stm32cubeide/plugins/com.st.stm32cube.ide.mcu.externaltools.gnu-tools-for-stm32.10.3-2021.10.win32_1.0.200.202301161003/tools/bin/../lib/gcc/arm-none-eabi/10.3.1/../../../../arm-none-eabi/lib/thumb/v7e-m+fp/hard\libc_nano.a(lib_a-init.o)
                              c:/st/stm32cubeide_1.12.1/stm32cubeide/plugins/com.st.stm32cube.ide.mcu.externaltools.gnu-tools-for-stm32.10.3-2021.10.win32_1.0.200.202301161003/tools/bin/../lib/gcc/arm-none-eabi/10.3.1/../../../../arm-none-eabi/lib/thumb/v7e-m+fp/hard/crt0.o (__libc_init_array)
c:/st/stm32cubeide_1.12.1/stm32cubeide/plugins/com.st.stm32cube.ide.mcu.externaltools.gnu-tools-for-stm32.10.3-2021.10.win32_1.0.200.202301161003/tools/bin/../lib/gcc/arm-none-eabi/10.3.1/../../../../arm-none-eabi/lib/thumb/v7e-m+fp/hard\libc_nano.a(lib_a-memset.o)
                              c:/st/stm32cubeide_1.12.1/stm32cubeide/plugins/com.st.stm32cube.ide.mcu.externaltools.gnu-tools-for-stm32.10.3-2021.10.win32_1.0.200.202301161003/tools/bin/../lib/gcc/arm-none-eabi/10.3.1/../../../../arm-none-eabi/lib/thumb/v7e-m+fp/hard/crt0.o (memset)

Discarded input sections

 .text          0x0000000000000000        0x0 c:/st/stm32cubeide_1.12.1/stm32cubeide/plugins/com.st.stm32cube.ide.mcu.externaltools.gnu-tools-for-stm32.10.3-2021.10.win32_1.0.200.202301161003/tools/bin/../lib/gcc/arm-none-eabi/10.3.1/thumb/v7e-m+fp/hard/crti.o
 .data          0x0000000000000000        0x0 c:/st/stm32cubeide_1.12.1/stm32cubeide/plugins/com.st.stm32cube.ide.mcu.externaltools.gnu-tools-for-stm32.10.3-2021.10.win32_1.0.200.202301161003/tools/bin/../lib/gcc/arm-none-eabi/10.3.1/thumb/v7e-m+fp/hard/crti.o
 .bss           0x0000000000000000        0x0 c:/st/stm32cubeide_1.12.1/stm32cubeide/plugins/com.st.stm32cube.ide.mcu.externaltools.gnu-tools-for-stm32.10.3-2021.10.win32_1.0.200.202301161003/tools/bin/../lib/gcc/arm-none-eabi/10.3.1/thumb/v7e-m+fp/hard/crti.o
 .data          0x0000000000000000        0x4 c:/st/stm32cubeide_1.12.1/stm32cubeide/plugins/com.st.stm32cube.ide.mcu.externaltools.gnu-tools-for-stm32.10.3-2021.10.win32_1.0.200.202301161003/tools/bin/../lib/gcc/arm-none-eabi/10.3.1/thumb/v7e-m+fp/hard/crtbegin.o
 .rodata        0x0000000000000000       0x24 c:/st/stm32cubeide_1.12.1/stm32cubeide/plugins/com.st.stm32cube.ide.mcu.externaltools.gnu-tools-for-stm32.10.3-2021.10.win32_1.0.200.202301161003/tools/bin/../lib/gcc/arm-none-eabi/10.3.1/thumb/v7e-m+fp/hard/crtbegin.o
 .text          0x0000000000000000       0x7c c:/st/stm32cubeide_1.12.1/stm32cubeide/plugins/com.st.stm32cube.ide.mcu.externaltools.gnu-tools-for-stm32.10.3-2021.10.win32_1.0.200.202301161003/tools/bin/../lib/gcc/arm-none-eabi/10.3.1/../../../../arm-none-eabi/lib/thumb/v7e-m+fp/hard/crt0.o
 .data          0x0000000000000000        0x0 c:/st/stm32cubeide_1.12.1/stm32cubeide/plugins/com.st.stm32cube.ide.mcu.externaltools.gnu-tools-for-stm32.10.3-2021.10.win32_1.0.200.202301161003/tools/bin/../lib/gcc/arm-none-eabi/10.3.1/../../../../arm-none-eabi/lib/thumb/v7e-m+fp/hard/crt0.o
 .bss           0x0000000000000000        0x0 c:/st/stm32cubeide_1.12.1/stm32cubeide/plugins/com.st.stm32cube.ide.mcu.externaltools.gnu-tools-for-stm32.10.3-2021.10.win32_1.0.200.202301161003/tools/bin/../lib/gcc/arm-none-eabi/10.3.1/../../../../arm-none-eabi/lib/thumb/v7e-m+fp/hard/crt0.o
[...]
Memory Configuration

Name             Origin             Length             Attributes
RAM              0x0000000020000000 0x0000000000020000 xrw
FLASH            0x0000000008000000 0x0000000000080000 xr
*default*        0x0000000000000000 0xffffffffffffffff

Linker script and memory map

LOAD c:/st/stm32cubeide_1.12.1/stm32cubeide/plugins/com.st.stm32cube.ide.mcu.externaltools.gnu-tools-for-stm32.10.3-2021.10.win32_1.0.200.202301161003/tools/bin/../lib/gcc/arm-none-eabi/10.3.1/thumb/v7e-m+fp/hard/crti.o
LOAD c:/st/stm32cubeide_1.12.1/stm32cubeide/plugins/com.st.stm32cube.ide.mcu.externaltools.gnu-tools-for-stm32.10.3-2021.10.win32_1.0.200.202301161003/tools/bin/../lib/gcc/arm-none-eabi/10.3.1/thumb/v7e-m+fp/hard/crtbegin.o
LOAD c:/st/stm32cubeide_1.12.1/stm32cubeide/plugins/com.st.stm32cube.ide.mcu.externaltools.gnu-tools-for-stm32.10.3-2021.10.win32_1.0.200.202301161003/tools/bin/../lib/gcc/arm-none-eabi/10.3.1/../../../../arm-none-eabi/lib/thumb/v7e-m+fp/hard/crt0.o
LOAD ./Src/DMA_prg.o
LOAD ./Src/GPIO_prg.o
LOAD ./Src/I2C_prg.o
LOAD ./Src/NVIC_prg.o
LOAD ./Src/RCC_prg.o
LOAD ./Src/RTC.o
LOAD ./Src/main.o
LOAD ./Src/syscalls.o
LOAD ./Src/sysmem.o
LOAD ./Startup/startup_stm32f446retx.o
START GROUP
LOAD c:/st/stm32cubeide_1.12.1/stm32cubeide/plugins/com.st.stm32cube.ide.mcu.externaltools.gnu-tools-for-stm32.10.3-2021.10.win32_1.0.200.202301161003/tools/bin/../lib/gcc/arm-none-eabi/10.3.1/../../../../arm-none-eabi/lib/thumb/v7e-m+fp/hard\libc_nano.a
LOAD c:/st/stm32cubeide_1.12.1/stm32cubeide/plugins/com.st.stm32cube.ide.mcu.externaltools.gnu-tools-for-stm32.10.3-2021.10.win32_1.0.200.202301161003/tools/bin/../lib/gcc/arm-none-eabi/10.3.1/../../../../arm-none-eabi/lib/thumb/v7e-m+fp/hard\libm.a
END GROUP
START GROUP
LOAD c:/st/stm32cubeide_1.12.1/stm32cubeide/plugins/com.st.stm32cube.ide.mcu.externaltools.gnu-tools-for-stm32.10.3-2021.10.win32_1.0.200.202301161003/tools/bin/../lib/gcc/arm-none-eabi/10.3.1/thumb/v7e-m+fp/hard\libgcc.a
LOAD c:/st/stm32cubeide_1.12.1/stm32cubeide/plugins/com.st.stm32cube.ide.mcu.externaltools.gnu-tools-for-stm32.10.3-2021.10.win32_1.0.200.202301161003/tools/bin/../lib/gcc/arm-none-eabi/10.3.1/../../../../arm-none-eabi/lib/thumb/v7e-m+fp/hard\libc_nano.a
END GROUP
START GROUP
LOAD c:/st/stm32cubeide_1.12.1/stm32cubeide/plugins/com.st.stm32cube.ide.mcu.externaltools.gnu-tools-for-stm32.10.3-2021.10.win32_1.0.200.202301161003/tools/bin/../lib/gcc/arm-none-eabi/10.3.1/thumb/v7e-m+fp/hard\libgcc.a
LOAD c:/st/stm32cubeide_1.12.1/stm32cubeide/plugins/com.st.stm32cube.ide.mcu.externaltools.gnu-tools-for-stm32.10.3-2021.10.win32_1.0.200.202301161003/tools/bin/../lib/gcc/arm-none-eabi/10.3.1/../../../../arm-none-eabi/lib/thumb/v7e-m+fp/hard\libc_nano.a
LOAD c:/st/stm32cubeide_1.12.1/stm32cubeide/plugins/com.st.stm32cube.ide.mcu.externaltools.gnu-tools-for-stm32.10.3-2021.10.win32_1.0.200.202301161003/tools/bin/../lib/gcc/arm-none-eabi/10.3.1/../../../../arm-none-eabi/lib/thumb/v7e-m+fp/hard\libnosys.a
END GROUP
START GROUP
LOAD c:/st/stm32cubeide_1.12.1/stm32cubeide/plugins/com.st.stm32cube.ide.mcu.externaltools.gnu-tools-for-stm32.10.3-2021.10.win32_1.0.200.202301161003/tools/bin/../lib/gcc/arm-none-eabi/10.3.1/thumb/v7e-m+fp/hard\libgcc.a
LOAD c:/st/stm32cubeide_1.12.1/stm32cubeide/plugins/com.st.stm32cube.ide.mcu.externaltools.gnu-tools-for-stm32.10.3-2021.10.win32_1.0.200.202301161003/tools/bin/../lib/gcc/arm-none-eabi/10.3.1/../../../../arm-none-eabi/lib/thumb/v7e-m+fp/hard\libc_nano.a
LOAD c:/st/stm32cubeide_1.12.1/stm32cubeide/plugins/com.st.stm32cube.ide.mcu.externaltools.gnu-tools-for-stm32.10.3-2021.10.win32_1.0.200.202301161003/tools/bin/../lib/gcc/arm-none-eabi/10.3.1/../../../../arm-none-eabi/lib/thumb/v7e-m+fp/hard\libnosys.a
END GROUP
LOAD c:/st/stm32cubeide_1.12.1/stm32cubeide/plugins/com.st.stm32cube.ide.mcu.externaltools.gnu-tools-for-stm32.10.3-2021.10.win32_1.0.200.202301161003/tools/bin/../lib/gcc/arm-none-eabi/10.3.1/thumb/v7e-m+fp/hard/crtend.o
LOAD c:/st/stm32cubeide_1.12.1/stm32cubeide/plugins/com.st.stm32cube.ide.mcu.externaltools.gnu-tools-for-stm32.10.3-2021.10.win32_1.0.200.202301161003/tools/bin/../lib/gcc/arm-none-eabi/10.3.1/thumb/v7e-m+fp/hard/crtn.o
                0x0000000020020000                _estack = (ORIGIN (RAM) + LENGTH (RAM))
                0x0000000000000200                _Min_Heap_Size = 0x200
                0x0000000000000400                _Min_Stack_Size = 0x400

.isr_vector     0x0000000008000000      0x1c4
                0x0000000008000000                . = ALIGN (0x4)
 *(.isr_vector)
 .isr_vector    0x0000000008000000      0x1c4 ./Startup/startup_stm32f446retx.o
                0x0000000008000000                g_pfnVectors
                0x00000000080001c4                . = ALIGN (0x4)

.text           0x00000000080001c4     0x1c98
                0x00000000080001c4                . = ALIGN (0x4)
 *(.text)
 .text          0x00000000080001c4       0x40 c:/st/stm32cubeide_1.12.1/stm32cubeide/plugins/com.st.stm32cube.ide.mcu.externaltools.gnu-tools-for-stm32.10.3-2021.10.win32_1.0.200.202301161003/tools/bin/../lib/gcc/arm-none-eabi/10.3.1/thumb/v7e-m+fp/hard/crtbegin.o
 *(.text*)
 .text.DMA_vInit
                0x0000000008000204      0x18a ./Src/DMA_prg.o
                0x0000000008000204                DMA_vInit
 *fill*         0x000000000800038e        0x2 
 .text.DMA_vSetDMAStreamChannelSelection
                0x0000000008000390       0x90 ./Src/DMA_prg.o
                0x0000000008000390                DMA_vSetDMAStreamChannelSelection
 .text.DMA_vSetDMAStreamMemoryBurstTransferSelection
                0x0000000008000420       0x90 ./Src/DMA_prg.o
                0x0000000008000420                DMA_vSetDMAStreamMemoryBurstTransferSelection
 .text.DMA_vSetDMAStreamPeripheralBurstTransferSelection
                0x00000000080004b0       0x90 ./Src/DMA_prg.o
                0x00000000080004b0                DMA_vSetDMAStreamPeripheralBurstTransferSelection
 .text.DMA_vSetDMAStreamCurrentMemoryTarget
                0x0000000008000540       0x90 ./Src/DMA_prg.o
                0x0000000008000540                DMA_vSetDMAStreamCurrentMemoryTarget
 .text.DMA_vSetDMAStreamDoubleBufferMode
                0x00000000080005d0       0x90 ./Src/DMA_prg.o
                0x00000000080005d0                DMA_vSetDMAStreamDoubleBufferMode
 .text.DMA_vSetDMAStreamPriorityLevel
                0x0000000008000660       0x90 ./Src/DMA_prg.o
                0x0000000008000660                DMA_vSetDMAStreamPriorityLevel
 .text.DMA_vSetDMAStreamIncreamentalOffset
                0x00000000080006f0       0x90 ./Src/DMA_prg.o
                0x00000000080006f0                DMA_vSetDMAStreamIncreamentalOffset
 .text.DMA_vSetDMAStreamMemorySize
                0x0000000008000780       0x90 ./Src/DMA_prg.o
                0x0000000008000780                DMA_vSetDMAStreamMemorySize
 .text.DMA_vSetDMAStreamPeripheralSize
                0x0000000008000810       0x90 ./Src/DMA_prg.o
                0x0000000008000810                DMA_vSetDMAStreamPeripheralSize
 .text.DMA_vSetDMAMemoryIncrementMode
                0x00000000080008a0       0x90 ./Src/DMA_prg.o
                0x00000000080008a0                DMA_vSetDMAMemoryIncrementMode
 .text.DMA_vSetDMAPeripheralIncrementMode
                0x0000000008000930       0x90 ./Src/DMA_prg.o
                0x0000000008000930                DMA_vSetDMAPeripheralIncrementMode
 .text.DMA_vSetDMACircularMode
                0x00000000080009c0       0x90 ./Src/DMA_prg.o
                0x00000000080009c0                DMA_vSetDMACircularMode
 .text.DMA_vSetDMAStreamDataTransferDirection
                0x0000000008000a50       0x90 ./Src/DMA_prg.o
                0x0000000008000a50                DMA_vSetDMAStreamDataTransferDirection
 .text.DMA_vSetDMAStreamPeripheralFlowController
                0x0000000008000ae0       0x90 ./Src/DMA_prg.o
                0x0000000008000ae0                DMA_vSetDMAStreamPeripheralFlowController
 .text.DMA_vSetTransferCompleteInterrupt
                0x0000000008000b70       0x90 ./Src/DMA_prg.o
                0x0000000008000b70                DMA_vSetTransferCompleteInterrupt
 .text.DMA_vSetHalfTransferCompleteInterrupt
                0x0000000008000c00       0x90 ./Src/DMA_prg.o
                0x0000000008000c00                DMA_vSetHalfTransferCompleteInterrupt
 .text.DMA_vSetTransferErrorInterrupt
                0x0000000008000c90       0x90 ./Src/DMA_prg.o
                0x0000000008000c90                DMA_vSetTransferErrorInterrupt
 .text.DMA_vSetDirectModeErrorInterrupt
                0x0000000008000d20       0x90 ./Src/DMA_prg.o
                0x0000000008000d20                DMA_vSetDirectModeErrorInterrupt
 .text.DMA_vEnableStream
                0x0000000008000db0       0x8c ./Src/DMA_prg.o
                0x0000000008000db0                DMA_vEnableStream
 .text.DMA_vSetNumberOfDataToBeTransefered
                0x0000000008000e3c       0x3c ./Src/DMA_prg.o
                0x0000000008000e3c                DMA_vSetNumberOfDataToBeTransefered
 .text.DMA_vSetAddressOfPeripheral
                0x0000000008000e78       0x3c ./Src/DMA_prg.o
                0x0000000008000e78                DMA_vSetAddressOfPeripheral
 .text.DMA_vSetAddressOfMemory0
                0x0000000008000eb4       0x3c ./Src/DMA_prg.o
                0x0000000008000eb4                DMA_vSetAddressOfMemory0
 .text.DMA_vSetFIFOErrorInterrupt
                0x0000000008000ef0       0x90 ./Src/DMA_prg.o
                0x0000000008000ef0                DMA_vSetFIFOErrorInterrupt
 .text.DMA_vSetDirectModeStatus
                0x0000000008000f80       0x90 ./Src/DMA_prg.o
                0x0000000008000f80                DMA_vSetDirectModeStatus
 .text.DMA_vSetFIFOThresholdSelection
                0x0000000008001010       0x8c ./Src/DMA_prg.o
                0x0000000008001010                DMA_vSetFIFOThresholdSelection
 .text.DMA_vStart_IT
                0x000000000800109c       0x92 ./Src/DMA_prg.o
                0x000000000800109c                DMA_vStart_IT
 *fill*         0x000000000800112e        0x2 
 .text.DMA_vReadFlagStatus
                0x0000000008001130       0x74 ./Src/DMA_prg.o
                0x0000000008001130                DMA_vReadFlagStatus
 .text.DMA_vClearFlagStatus
                0x00000000080011a4       0x6c ./Src/DMA_prg.o
                0x00000000080011a4                DMA_vClearFlagStatus
 .text.DMA_vIRQHandler
                0x0000000008001210       0xcc ./Src/DMA_prg.o
                0x0000000008001210                DMA_vIRQHandler
 .text.DMA_vSetCallBack
                0x00000000080012dc       0x68 ./Src/DMA_prg.o
                0x00000000080012dc                DMA_vSetCallBack
 .text.DMA1_Stream0_IRQHandler
                0x0000000008001344       0x10 ./Src/DMA_prg.o
                0x0000000008001344                DMA1_Stream0_IRQHandler
 .text.DMA1_Stream1_IRQHandler
                0x0000000008001354       0x10 ./Src/DMA_prg.o
                0x0000000008001354                DMA1_Stream1_IRQHandler
 .text.DMA1_Stream3_IRQHandler
                0x0000000008001364       0x10 ./Src/DMA_prg.o
                0x0000000008001364                DMA1_Stream3_IRQHandler
 .text.DMA1_Stream4_IRQHandler
                0x0000000008001374       0x10 ./Src/DMA_prg.o
                0x0000000008001374                DMA1_Stream4_IRQHandler
 .text.DMA1_Stream5_IRQHandler
                0x0000000008001384       0x10 ./Src/DMA_prg.o
                0x0000000008001384                DMA1_Stream5_IRQHandler
 .text.DMA1_Stream6_IRQHandler
                0x0000000008001394       0x10 ./Src/DMA_prg.o
                0x0000000008001394                DMA1_Stream6_IRQHandler
 .text.DMA1_Stream7_IRQHandler
                0x00000000080013a4       0x10 ./Src/DMA_prg.o
                0x00000000080013a4                DMA1_Stream7_IRQHandler
 .text.DMA2_Stream0_IRQHandler
                0x00000000080013b4       0x10 ./Src/DMA_prg.o
                0x00000000080013b4                DMA2_Stream0_IRQHandler
 .text.DMA2_Stream1_IRQHandler
                0x00000000080013c4       0x10 ./Src/DMA_prg.o
                0x00000000080013c4                DMA2_Stream1_IRQHandler
 .text.DMA2_Stream2_IRQHandler
                0x00000000080013d4       0x10 ./Src/DMA_prg.o
                0x00000000080013d4                DMA2_Stream2_IRQHandler
 .text.DMA2_Stream3_IRQHandler
                0x00000000080013e4       0x10 ./Src/DMA_prg.o
                0x00000000080013e4                DMA2_Stream3_IRQHandler
 .text.DMA2_Stream4_IRQHandler
                0x00000000080013f4       0x10 ./Src/DMA_prg.o
                0x00000000080013f4                DMA2_Stream4_IRQHandler
 .text.DMA2_Stream5_IRQHandler
                0x0000000008001404       0x10 ./Src/DMA_prg.o
                0x0000000008001404                DMA2_Stream5_IRQHandler
 .text.DMA2_Stream6_IRQHandler
                0x0000000008001414       0x10 ./Src/DMA_prg.o
                0x0000000008001414                DMA2_Stream6_IRQHandler
 .text.DMA2_Stream7_IRQHandler
                0x0000000008001424       0x10 ./Src/DMA_prg.o
                0x0000000008001424                DMA2_Stream7_IRQHandler
 .text.GPIO_u8PinInit
                0x0000000008001434      0x25c ./Src/GPIO_prg.o
                0x0000000008001434                GPIO_u8PinInit
 .text.I2C_vInit
                0x0000000008001690       0x44 ./Src/I2C_prg.o
                0x0000000008001690                I2C_vInit
 .text.I2C_SendDataToSlave_DMA
                0x00000000080016d4       0xb4 ./Src/I2C_prg.o
                0x00000000080016d4                I2C_SendDataToSlave_DMA
 .text.I2C_ReadStatusFlag
                0x0000000008001788       0x60 ./Src/I2C_prg.o
 .text.I2C_DMA_TxCRxC_CallBack
                0x00000000080017e8       0x58 ./Src/I2C_prg.o
 .text.I2C_SetPeripheralEnable
                0x0000000008001840       0x5c ./Src/I2C_prg.o
 .text.I2C_ClkStretchingEnable
                0x000000000800189c       0x60 ./Src/I2C_prg.o
 .text.I2C_SetStartCondition
                0x00000000080018fc       0x60 ./Src/I2C_prg.o
 .text.I2C_SetStopCondition
                0x000000000800195c       0x54 ./Src/I2C_prg.o
 .text.I2C_AckEnable
                0x00000000080019b0       0x60 ./Src/I2C_prg.o
 .text.I2C_SetI2CFreq
                0x0000000008001a10       0x5c ./Src/I2C_prg.o
 .text.I2C_I2cDMAEnable
                0x0000000008001a6c       0x60 ./Src/I2C_prg.o
 .text.I2C_SetDataRegister
                0x0000000008001acc       0x2c ./Src/I2C_prg.o
 .text.I2C_SetI2CMasterModer
                0x0000000008001af8       0x60 ./Src/I2C_prg.o
 .text.I2C_SetCCRRegister
                0x0000000008001b58       0xa0 ./Src/I2C_prg.o
 .text.I2C_ClearAddrBit
                0x0000000008001bf8       0x40 ./Src/I2C_prg.o
 .text.I2C_SetAddress
                0x0000000008001c38       0x3c ./Src/I2C_prg.o
 .text.NVIC_vEnableInterrupt
                0x0000000008001c74       0x4c ./Src/NVIC_prg.o
                0x0000000008001c74                NVIC_vEnableInterrupt
 .text.RCC_AHB1EnableCLK
                0x0000000008001cc0       0x30 ./Src/RCC_prg.o
                0x0000000008001cc0                RCC_AHB1EnableCLK
 .text.RCC_APB1EnableCLK
                0x0000000008001cf0       0x30 ./Src/RCC_prg.o
                0x0000000008001cf0                RCC_APB1EnableCLK
 .text.main     0x0000000008001d20       0x88 ./Src/main.o
                0x0000000008001d20                main
 .text.Reset_Handler
                0x0000000008001da8       0x50 ./Startup/startup_stm32f446retx.o
                0x0000000008001da8                Reset_Handler
 .text.Default_Handler
                0x0000000008001df8        0x2 ./Startup/startup_stm32f446retx.o
                0x0000000008001df8                RTC_Alarm_IRQHandler
                0x0000000008001df8                EXTI2_IRQHandler
                0x0000000008001df8                TIM8_CC_IRQHandler
                0x0000000008001df8                SPDIF_Rx_IRQHandler
                0x0000000008001df8                DebugMon_Handler
                0x0000000008001df8                SPI4_IRQHandler
                0x0000000008001df8                TIM1_CC_IRQHandler
                0x0000000008001df8                QuadSPI_IRQHandler
                0x0000000008001df8                HardFault_Handler
                0x0000000008001df8                SysTick_Handler
                0x0000000008001df8                PVD_IRQHandler
                0x0000000008001df8                SDIO_IRQHandler
                0x0000000008001df8                TAMP_STAMP_IRQHandler
                0x0000000008001df8                PendSV_Handler
                0x0000000008001df8                NMI_Handler
                0x0000000008001df8                CAN2_RX1_IRQHandler
                0x0000000008001df8                EXTI3_IRQHandler
                0x0000000008001df8                TIM8_TRG_COM_TIM14_IRQHandler
                0x0000000008001df8                TIM1_UP_TIM10_IRQHandler
                0x0000000008001df8                FMPI2C1_error_IRQHandler
                0x0000000008001df8                TIM8_UP_TIM13_IRQHandler
                0x0000000008001df8                I2C3_ER_IRQHandler
                0x0000000008001df8                EXTI0_IRQHandler
                0x0000000008001df8                I2C2_EV_IRQHandler
                0x0000000008001df8                DMA1_Stream2_IRQHandler
                0x0000000008001df8                CAN1_RX0_IRQHandler
                0x0000000008001df8                OTG_HS_WKUP_IRQHandler
                0x0000000008001df8                UsageFault_Handler
                0x0000000008001df8                CAN2_SCE_IRQHandler
                0x0000000008001df8                SPI1_IRQHandler
                0x0000000008001df8                TIM6_DAC_IRQHandler
                0x0000000008001df8                TIM1_BRK_TIM9_IRQHandler
                0x0000000008001df8                DCMI_IRQHandler
                0x0000000008001df8                CAN2_RX0_IRQHandler
                0x0000000008001df8                FMPI2C1_IRQHandler
                0x0000000008001df8                SAI2_IRQHandler
                0x0000000008001df8                USART6_IRQHandler
                0x0000000008001df8                USART3_IRQHandler
                0x0000000008001df8                CAN1_RX1_IRQHandler
                0x0000000008001df8                UART5_IRQHandler
                0x0000000008001df8                TIM4_IRQHandler
                0x0000000008001df8                I2C1_EV_IRQHandler
                0x0000000008001df8                HDMI_CEC_IRQHandler
                0x0000000008001df8                UART4_IRQHandler
                0x0000000008001df8                TIM3_IRQHandler
                0x0000000008001df8                RCC_IRQHandler
                0x0000000008001df8                TIM8_BRK_TIM12_IRQHandler
                0x0000000008001df8                Default_Handler
                0x0000000008001df8                EXTI15_10_IRQHandler
                0x0000000008001df8                ADC_IRQHandler
                0x0000000008001df8                TIM7_IRQHandler
                0x0000000008001df8                CAN2_TX_IRQHandler
                0x0000000008001df8                TIM5_IRQHandler
                0x0000000008001df8                I2C3_EV_IRQHandler
                0x0000000008001df8                EXTI9_5_IRQHandler
                0x0000000008001df8                RTC_WKUP_IRQHandler
                0x0000000008001df8                SPI2_IRQHandler
                0x0000000008001df8                OTG_HS_EP1_IN_IRQHandler
                0x0000000008001df8                MemManage_Handler
                0x0000000008001df8                CAN1_TX_IRQHandler
                0x0000000008001df8                SVC_Handler
                0x0000000008001df8                EXTI4_IRQHandler
                0x0000000008001df8                OTG_HS_EP1_OUT_IRQHandler
                0x0000000008001df8                WWDG_IRQHandler
                0x0000000008001df8                TIM2_IRQHandler
                0x0000000008001df8                OTG_FS_WKUP_IRQHandler
                0x0000000008001df8                TIM1_TRG_COM_TIM11_IRQHandler
                0x0000000008001df8                OTG_HS_IRQHandler
                0x0000000008001df8                EXTI1_IRQHandler
                0x0000000008001df8                USART2_IRQHandler
                0x0000000008001df8                I2C2_ER_IRQHandler
                0x0000000008001df8                CAN1_SCE_IRQHandler
                0x0000000008001df8                FLASH_IRQHandler
                0x0000000008001df8                BusFault_Handler
                0x0000000008001df8                USART1_IRQHandler
                0x0000000008001df8                OTG_FS_IRQHandler
                0x0000000008001df8                SPI3_IRQHandler
                0x0000000008001df8                I2C1_ER_IRQHandler
                0x0000000008001df8                FMC_IRQHandler
                0x0000000008001df8                SAI1_IRQHandler
 *fill*         0x0000000008001dfa        0x2 
 .text.__libc_init_array
                0x0000000008001dfc       0x48 c:/st/stm32cubeide_1.12.1/stm32cubeide/plugins/com.st.stm32cube.ide.mcu.externaltools.gnu-tools-for-stm32.10.3-2021.10.win32_1.0.200.202301161003/tools/bin/../lib/gcc/arm-none-eabi/10.3.1/../../../../arm-none-eabi/lib/thumb/v7e-m+fp/hard\libc_nano.a(lib_a-init.o)
                0x0000000008001dfc                __libc_init_array
 *(.glue_7)
 .glue_7        0x0000000008001e44        0x0 linker stubs
 *(.glue_7t)
 .glue_7t       0x0000000008001e44        0x0 linker stubs
 *(.eh_frame)
 .eh_frame      0x0000000008001e44        0x0 c:/st/stm32cubeide_1.12.1/stm32cubeide/plugins/com.st.stm32cube.ide.mcu.externaltools.gnu-tools-for-stm32.10.3-2021.10.win32_1.0.200.202301161003/tools/bin/../lib/gcc/arm-none-eabi/10.3.1/thumb/v7e-m+fp/hard/crtbegin.o
 *(.init)
 .init          0x0000000008001e44        0x4 c:/st/stm32cubeide_1.12.1/stm32cubeide/plugins/com.st.stm32cube.ide.mcu.externaltools.gnu-tools-for-stm32.10.3-2021.10.win32_1.0.200.202301161003/tools/bin/../lib/gcc/arm-none-eabi/10.3.1/thumb/v7e-m+fp/hard/crti.o
                0x0000000008001e44                _init
 .init          0x0000000008001e48        0x8 c:/st/stm32cubeide_1.12.1/stm32cubeide/plugins/com.st.stm32cube.ide.mcu.externaltools.gnu-tools-for-stm32.10.3-2021.10.win32_1.0.200.202301161003/tools/bin/../lib/gcc/arm-none-eabi/10.3.1/thumb/v7e-m+fp/hard/crtn.o
 *(.fini)
 .fini          0x0000000008001e50        0x4 c:/st/stm32cubeide_1.12.1/stm32cubeide/plugins/com.st.stm32cube.ide.mcu.externaltools.gnu-tools-for-stm32.10.3-2021.10.win32_1.0.200.202301161003/tools/bin/../lib/gcc/arm-none-eabi/10.3.1/thumb/v7e-m+fp/hard/crti.o
                0x0000000008001e50                _fini
 .fini          0x0000000008001e54        0x8 c:/st/stm32cubeide_1.12.1/stm32cubeide/plugins/com.st.stm32cube.ide.mcu.externaltools.gnu-tools-for-stm32.10.3-2021.10.win32_1.0.200.202301161003/tools/bin/../lib/gcc/arm-none-eabi/10.3.1/thumb/v7e-m+fp/hard/crtn.o
                0x0000000008001e5c                . = ALIGN (0x4)
                0x0000000008001e5c                _etext = .

.vfp11_veneer   0x0000000008001e5c        0x0
 .vfp11_veneer  0x0000000008001e5c        0x0 linker stubs

.v4_bx          0x0000000008001e5c        0x0
 .v4_bx         0x0000000008001e5c        0x0 linker stubs

.iplt           0x0000000008001e5c        0x0
 .iplt          0x0000000008001e5c        0x0 c:/st/stm32cubeide_1.12.1/stm32cubeide/plugins/com.st.stm32cube.ide.mcu.externaltools.gnu-tools-for-stm32.10.3-2021.10.win32_1.0.200.202301161003/tools/bin/../lib/gcc/arm-none-eabi/10.3.1/thumb/v7e-m+fp/hard/crtbegin.o

.rodata         0x0000000008001e5c        0x8
                0x0000000008001e5c                . = ALIGN (0x4)
 *(.rodata)
 .rodata        0x0000000008001e5c        0x5 ./Src/main.o
 *(.rodata*)
                0x0000000008001e64                . = ALIGN (0x4)
 *fill*         0x0000000008001e61        0x3 

.rel.dyn        0x0000000008001e64        0x0
 .rel.iplt      0x0000000008001e64        0x0 c:/st/stm32cubeide_1.12.1/stm32cubeide/plugins/com.st.stm32cube.ide.mcu.externaltools.gnu-tools-for-stm32.10.3-2021.10.win32_1.0.200.202301161003/tools/bin/../lib/gcc/arm-none-eabi/10.3.1/thumb/v7e-m+fp/hard/crtbegin.o

.ARM.extab      0x0000000008001e64        0x0
                0x0000000008001e64                . = ALIGN (0x4)
 *(.ARM.extab* .gnu.linkonce.armextab.*)
                0x0000000008001e64                . = ALIGN (0x4)

.ARM            0x0000000008001e64        0x0
                0x0000000008001e64                . = ALIGN (0x4)
                0x0000000008001e64                __exidx_start = .
 *(.ARM.exidx*)
                0x0000000008001e64                __exidx_end = .
                0x0000000008001e64                . = ALIGN (0x4)

.preinit_array  0x0000000008001e64        0x0
                0x0000000008001e64                . = ALIGN (0x4)
                0x0000000008001e64                PROVIDE (__preinit_array_start = .)
 *(.preinit_array*)
                0x0000000008001e64                PROVIDE (__preinit_array_end = .)
                0x0000000008001e64                . = ALIGN (0x4)

.init_array     0x0000000008001e64        0x4
                0x0000000008001e64                . = ALIGN (0x4)
                0x0000000008001e64                PROVIDE (__init_array_start = .)
 *(SORT_BY_NAME(.init_array.*))
 *(.init_array*)
 .init_array    0x0000000008001e64        0x4 c:/st/stm32cubeide_1.12.1/stm32cubeide/plugins/com.st.stm32cube.ide.mcu.externaltools.gnu-tools-for-stm32.10.3-2021.10.win32_1.0.200.202301161003/tools/bin/../lib/gcc/arm-none-eabi/10.3.1/thumb/v7e-m+fp/hard/crtbegin.o
                0x0000000008001e68                PROVIDE (__init_array_end = .)
                0x0000000008001e68                . = ALIGN (0x4)

.fini_array     0x0000000008001e68        0x4
                0x0000000008001e68                . = ALIGN (0x4)
                [!provide]                        PROVIDE (__fini_array_start = .)
 *(SORT_BY_NAME(.fini_array.*))
 *(.fini_array*)
 .fini_array    0x0000000008001e68        0x4 c:/st/stm32cubeide_1.12.1/stm32cubeide/plugins/com.st.stm32cube.ide.mcu.externaltools.gnu-tools-for-stm32.10.3-2021.10.win32_1.0.200.202301161003/tools/bin/../lib/gcc/arm-none-eabi/10.3.1/thumb/v7e-m+fp/hard/crtbegin.o
                [!provide]                        PROVIDE (__fini_array_end = .)
                0x0000000008001e6c                . = ALIGN (0x4)
                0x0000000008001e6c                _sidata = LOADADDR (.data)

.data           0x0000000020000000       0xa4 load address 0x0000000008001e6c
                0x0000000020000000                . = ALIGN (0x4)
                0x0000000020000000                _sdata = .
 *(.data)
 *(.data*)
 .data.DMAPeripheral
                0x0000000020000000        0x8 ./Src/DMA_prg.o
                0x0000000020000000                DMAPeripheral
 .data.GPIO_PORT
                0x0000000020000008       0x20 ./Src/GPIO_prg.o
 .data.I2C_IntSrc
                0x0000000020000028        0x1 ./Src/I2C_prg.o
                0x0000000020000028                I2C_IntSrc
 *fill*         0x0000000020000029        0x3 
 .data.I2CPeripheral
                0x000000002000002c        0xc ./Src/I2C_prg.o
                0x000000002000002c                I2CPeripheral
 .data.DMA_I2C1_TX
                0x0000000020000038       0x28 ./Src/main.o
                0x0000000020000038                DMA_I2C1_TX
 .data.DMA_I2C1_RX
                0x0000000020000060       0x28 ./Src/main.o
                0x0000000020000060                DMA_I2C1_RX
 .data.ourI2C   0x0000000020000088        0x4 ./Src/main.o
                0x0000000020000088                ourI2C
 .data.PinSCK   0x000000002000008c        0x9 ./Src/main.o
                0x000000002000008c                PinSCK
 *fill*         0x0000000020000095        0x3 
 .data.PinSDA   0x0000000020000098        0x9 ./Src/main.o
                0x0000000020000098                PinSDA
 *(.RamFunc)
 *(.RamFunc*)
                0x00000000200000a4                . = ALIGN (0x4)
 *fill*         0x00000000200000a1        0x3 
                0x00000000200000a4                _edata = .

.igot.plt       0x00000000200000a4        0x0 load address 0x0000000008001f10
 .igot.plt      0x00000000200000a4        0x0 c:/st/stm32cubeide_1.12.1/stm32cubeide/plugins/com.st.stm32cube.ide.mcu.externaltools.gnu-tools-for-stm32.10.3-2021.10.win32_1.0.200.202301161003/tools/bin/../lib/gcc/arm-none-eabi/10.3.1/thumb/v7e-m+fp/hard/crtbegin.o
                0x00000000200000a4                . = ALIGN (0x4)

.bss            0x00000000200000a4      0x19c load address 0x0000000008001f10
                0x00000000200000a4                _sbss = .
                0x00000000200000a4                __bss_start__ = _sbss
 *(.bss)
 .bss           0x00000000200000a4       0x1c c:/st/stm32cubeide_1.12.1/stm32cubeide/plugins/com.st.stm32cube.ide.mcu.externaltools.gnu-tools-for-stm32.10.3-2021.10.win32_1.0.200.202301161003/tools/bin/../lib/gcc/arm-none-eabi/10.3.1/thumb/v7e-m+fp/hard/crtbegin.o
 *(.bss*)
 .bss.arrDMA1_PtrToFunction
                0x00000000200000c0       0xc0 ./Src/DMA_prg.o
 .bss.arrDMA2_PtrToFunction
                0x0000000020000180       0xc0 ./Src/DMA_prg.o
 *(COMMON)
                0x0000000020000240                . = ALIGN (0x4)
                0x0000000020000240                _ebss = .
                0x0000000020000240                __bss_end__ = _ebss

._user_heap_stack
                0x0000000020000240      0x600 load address 0x0000000008001f10
                0x0000000020000240                . = ALIGN (0x8)
                [!provide]                        PROVIDE (end = .)
                0x0000000020000240                PROVIDE (_end = .)
                0x0000000020000440                . = (. + _Min_Heap_Size)
 *fill*         0x0000000020000240      0x200 
                0x0000000020000840                . = (. + _Min_Stack_Size)
 *fill*         0x0000000020000440      0x400 
                0x0000000020000840                . = ALIGN (0x8)

/DISCARD/
 libc.a(*)
 libm.a(*)
 libgcc.a(*)

.ARM.attributes
                0x0000000000000000       0x30
 *(.ARM.attributes)
 .ARM.attributes
                0x0000000000000000       0x1e c:/st/stm32cubeide_1.12.1/stm32cubeide/plugins/com.st.stm32cube.ide.mcu.externaltools.gnu-tools-for-stm32.10.3-2021.10.win32_1.0.200.202301161003/tools/bin/../lib/gcc/arm-none-eabi/10.3.1/thumb/v7e-m+fp/hard/crti.o
 .ARM.attributes
                0x000000000000001e       0x34 c:/st/stm32cubeide_1.12.1/stm32cubeide/plugins/com.st.stm32cube.ide.mcu.externaltools.gnu-tools-for-stm32.10.3-2021.10.win32_1.0.200.202301161003/tools/bin/../lib/gcc/arm-none-eabi/10.3.1/thumb/v7e-m+fp/hard/crtbegin.o
 .ARM.attributes
                0x0000000000000052       0x34 ./Src/DMA_prg.o
 .ARM.attributes
                0x0000000000000086       0x34 ./Src/GPIO_prg.o
 .ARM.attributes
                0x00000000000000ba       0x34 ./Src/I2C_prg.o
 .ARM.attributes
                0x00000000000000ee       0x34 ./Src/NVIC_prg.o
 .ARM.attributes
                0x0000000000000122       0x34 ./Src/RCC_prg.o
 .ARM.attributes
                0x0000000000000156       0x34 ./Src/main.o
 .ARM.attributes
                0x000000000000018a       0x21 ./Startup/startup_stm32f446retx.o
 .ARM.attributes
                0x00000000000001ab       0x34 c:/st/stm32cubeide_1.12.1/stm32cubeide/plugins/com.st.stm32cube.ide.mcu.externaltools.gnu-tools-for-stm32.10.3-2021.10.win32_1.0.200.202301161003/tools/bin/../lib/gcc/arm-none-eabi/10.3.1/../../../../arm-none-eabi/lib/thumb/v7e-m+fp/hard\libc_nano.a(lib_a-init.o)
 .ARM.attributes
                0x00000000000001df       0x1e c:/st/stm32cubeide_1.12.1/stm32cubeide/plugins/com.st.stm32cube.ide.mcu.externaltools.gnu-tools-for-stm32.10.3-2021.10.win32_1.0.200.202301161003/tools/bin/../lib/gcc/arm-none-eabi/10.3.1/thumb/v7e-m+fp/hard/crtn.o
OUTPUT(F446RE_I2C.elf elf32-littlearm)
LOAD linker stubs
LOAD c:/st/stm32cubeide_1.12.1/stm32cubeide/plugins/com.st.stm32cube.ide.mcu.externaltools.gnu-tools-for-stm32.10.3-2021.10.win32_1.0.200.202301161003/tools/bin/../lib/gcc/arm-none-eabi/10.3.1/../../../../arm-none-eabi/lib/thumb/v7e-m+fp/hard\libc.a
LOAD c:/st/stm32cubeide_1.12.1/stm32cubeide/plugins/com.st.stm32cube.ide.mcu.externaltools.gnu-tools-for-stm32.10.3-2021.10.win32_1.0.200.202301161003/tools/bin/../lib/gcc/arm-none-eabi/10.3.1/../../../../arm-none-eabi/lib/thumb/v7e-m+fp/hard\libm.a
LOAD c:/st/stm32cubeide_1.12.1/stm32cubeide/plugins/com.st.stm32cube.ide.mcu.externaltools.gnu-tools-for-stm32.10.3-2021.10.win32_1.0.200.202301161003/tools/bin/../lib/gcc/arm-none-eabi/10.3.1/thumb/v7e-m+fp/hard\libgcc.a

.debug_info     0x0000000000000000     0x4617
 .debug_info    0x0000000000000000     0x1286 ./Src/DMA_prg.o
 .debug_info    0x0000000000001286      0x5bd ./Src/GPIO_prg.o
 .debug_info    0x0000000000001843     0x14f9 ./Src/I2C_prg.o
 .debug_info    0x0000000000002d3c      0x5f2 ./Src/NVIC_prg.o
 .debug_info    0x000000000000332e      0x4a3 ./Src/RCC_prg.o
 .debug_info    0x00000000000037d1      0xe24 ./Src/main.o
 .debug_info    0x00000000000045f5       0x22 ./Startup/startup_stm32f446retx.o

.debug_abbrev   0x0000000000000000      0x78c
 .debug_abbrev  0x0000000000000000      0x192 ./Src/DMA_prg.o
 .debug_abbrev  0x0000000000000192      0x104 ./Src/GPIO_prg.o
 .debug_abbrev  0x0000000000000296      0x1a8 ./Src/I2C_prg.o
 .debug_abbrev  0x000000000000043e      0x124 ./Src/NVIC_prg.o
 .debug_abbrev  0x0000000000000562       0xe9 ./Src/RCC_prg.o
 .debug_abbrev  0x000000000000064b      0x12f ./Src/main.o
 .debug_abbrev  0x000000000000077a       0x12 ./Startup/startup_stm32f446retx.o

.debug_aranges  0x0000000000000000      0x3e0
 .debug_aranges
                0x0000000000000000      0x198 ./Src/DMA_prg.o
 .debug_aranges
                0x0000000000000198       0x38 ./Src/GPIO_prg.o
 .debug_aranges
                0x00000000000001d0      0x130 ./Src/I2C_prg.o
 .debug_aranges
                0x0000000000000300       0x50 ./Src/NVIC_prg.o
 .debug_aranges
                0x0000000000000350       0x48 ./Src/RCC_prg.o
 .debug_aranges
                0x0000000000000398       0x20 ./Src/main.o
 .debug_aranges
                0x00000000000003b8       0x28 ./Startup/startup_stm32f446retx.o

.debug_ranges   0x0000000000000000      0x378
 .debug_ranges  0x0000000000000000      0x188 ./Src/DMA_prg.o
 .debug_ranges  0x0000000000000188       0x28 ./Src/GPIO_prg.o
 .debug_ranges  0x00000000000001b0      0x120 ./Src/I2C_prg.o
 .debug_ranges  0x00000000000002d0       0x40 ./Src/NVIC_prg.o
 .debug_ranges  0x0000000000000310       0x38 ./Src/RCC_prg.o
 .debug_ranges  0x0000000000000348       0x10 ./Src/main.o
 .debug_ranges  0x0000000000000358       0x20 ./Startup/startup_stm32f446retx.o

.debug_macro    0x0000000000000000     0x2c19
 .debug_macro   0x0000000000000000      0x202 ./Src/DMA_prg.o
 .debug_macro   0x0000000000000202      0xa84 ./Src/DMA_prg.o
 .debug_macro   0x0000000000000c86       0x22 ./Src/DMA_prg.o
 .debug_macro   0x0000000000000ca8       0x4c ./Src/DMA_prg.o
 .debug_macro   0x0000000000000cf4       0x1e ./Src/DMA_prg.o
 .debug_macro   0x0000000000000d12       0x94 ./Src/DMA_prg.o
 .debug_macro   0x0000000000000da6       0x3c ./Src/DMA_prg.o
 .debug_macro   0x0000000000000de2       0x34 ./Src/DMA_prg.o
 .debug_macro   0x0000000000000e16       0x16 ./Src/DMA_prg.o
 .debug_macro   0x0000000000000e2c       0x57 ./Src/DMA_prg.o
 .debug_macro   0x0000000000000e83       0x97 ./Src/DMA_prg.o
 .debug_macro   0x0000000000000f1a      0x341 ./Src/DMA_prg.o
 .debug_macro   0x000000000000125b       0xfd ./Src/DMA_prg.o
 .debug_macro   0x0000000000001358       0x10 ./Src/DMA_prg.o
 .debug_macro   0x0000000000001368       0x16 ./Src/DMA_prg.o
 .debug_macro   0x000000000000137e       0x43 ./Src/DMA_prg.o
 .debug_macro   0x00000000000013c1       0x34 ./Src/DMA_prg.o
 .debug_macro   0x00000000000013f5       0x10 ./Src/DMA_prg.o
 .debug_macro   0x0000000000001405       0x58 ./Src/DMA_prg.o
 .debug_macro   0x000000000000145d       0x71 ./Src/DMA_prg.o
 .debug_macro   0x00000000000014ce       0x1c ./Src/DMA_prg.o
 .debug_macro   0x00000000000014ea      0x12a ./Src/DMA_prg.o
 .debug_macro   0x0000000000001614       0x10 ./Src/DMA_prg.o
 .debug_macro   0x0000000000001624       0x6a ./Src/DMA_prg.o
 .debug_macro   0x000000000000168e       0x1c ./Src/DMA_prg.o
 .debug_macro   0x00000000000016aa       0x52 ./Src/DMA_prg.o
 .debug_macro   0x00000000000016fc       0x22 ./Src/DMA_prg.o
 .debug_macro   0x000000000000171e       0x10 ./Src/DMA_prg.o
 .debug_macro   0x000000000000172e       0x52 ./Src/DMA_prg.o
 .debug_macro   0x0000000000001780       0xd5 ./Src/DMA_prg.o
 .debug_macro   0x0000000000001855       0x1c ./Src/DMA_prg.o
 .debug_macro   0x0000000000001871       0x3d ./Src/DMA_prg.o
 .debug_macro   0x00000000000018ae       0x16 ./Src/DMA_prg.o
 .debug_macro   0x00000000000018c4      0x145 ./Src/DMA_prg.o
 .debug_macro   0x0000000000001a09      0x18f ./Src/DMA_prg.o
 .debug_macro   0x0000000000001b98      0x103 ./Src/DMA_prg.o
 .debug_macro   0x0000000000001c9b      0x1df ./Src/DMA_prg.o
 .debug_macro   0x0000000000001e7a       0x22 ./Src/DMA_prg.o
 .debug_macro   0x0000000000001e9c       0x1c ./Src/DMA_prg.o
 .debug_macro   0x0000000000001eb8      0x1fb ./Src/GPIO_prg.o
 .debug_macro   0x00000000000020b3       0x8e ./Src/GPIO_prg.o
 .debug_macro   0x0000000000002141       0x51 ./Src/GPIO_prg.o
 .debug_macro   0x0000000000002192       0x52 ./Src/GPIO_prg.o
 .debug_macro   0x00000000000021e4      0x18f ./Src/GPIO_prg.o
 .debug_macro   0x0000000000002373       0x4c ./Src/GPIO_prg.o
 .debug_macro   0x00000000000023bf      0x216 ./Src/I2C_prg.o
 .debug_macro   0x00000000000025d5      0x1f4 ./Src/NVIC_prg.o
 .debug_macro   0x00000000000027c9       0x10 ./Src/NVIC_prg.o
 .debug_macro   0x00000000000027d9      0x1f2 ./Src/RCC_prg.o
 .debug_macro   0x00000000000029cb      0x24e ./Src/main.o

.debug_line     0x0000000000000000     0x3712
 .debug_line    0x0000000000000000      0xd01 ./Src/DMA_prg.o
 .debug_line    0x0000000000000d01      0x7eb ./Src/GPIO_prg.o
 .debug_line    0x00000000000014ec      0xed7 ./Src/I2C_prg.o
 .debug_line    0x00000000000023c3      0x693 ./Src/NVIC_prg.o
 .debug_line    0x0000000000002a56      0x61e ./Src/RCC_prg.o
 .debug_line    0x0000000000003074      0x61a ./Src/main.o
 .debug_line    0x000000000000368e       0x84 ./Startup/startup_stm32f446retx.o

.debug_str      0x0000000000000000     0xb7d5
 .debug_str     0x0000000000000000     0x97af ./Src/DMA_prg.o
                                       0x9b06 (size before relaxing)
 .debug_str     0x00000000000097af      0x41a ./Src/GPIO_prg.o
                                       0x8a7a (size before relaxing)
 .debug_str     0x0000000000009bc9      0xea7 ./Src/I2C_prg.o
                                       0x9f22 (size before relaxing)
 .debug_str     0x000000000000aa70      0x73d ./Src/NVIC_prg.o
                                       0x8d7a (size before relaxing)
 .debug_str     0x000000000000b1ad      0x585 ./Src/RCC_prg.o
                                       0x8bdc (size before relaxing)
 .debug_str     0x000000000000b732       0x72 ./Src/main.o
                                       0x9b9d (size before relaxing)
 .debug_str     0x000000000000b7a4       0x31 ./Startup/startup_stm32f446retx.o
                                         0x76 (size before relaxing)

.comment        0x0000000000000000       0x50
 .comment       0x0000000000000000       0x50 ./Src/DMA_prg.o
                                         0x51 (size before relaxing)
 .comment       0x0000000000000050       0x51 ./Src/GPIO_prg.o
 .comment       0x0000000000000050       0x51 ./Src/I2C_prg.o
 .comment       0x0000000000000050       0x51 ./Src/NVIC_prg.o
 .comment       0x0000000000000050       0x51 ./Src/RCC_prg.o
 .comment       0x0000000000000050       0x51 ./Src/main.o

.debug_frame    0x0000000000000000      0xf68
 .debug_frame   0x0000000000000000      0x6cc ./Src/DMA_prg.o
 .debug_frame   0x00000000000006cc       0xb0 ./Src/GPIO_prg.o
 .debug_frame   0x000000000000077c      0x568 ./Src/I2C_prg.o
 .debug_frame   0x0000000000000ce4      0x128 ./Src/NVIC_prg.o
 .debug_frame   0x0000000000000e0c      0x100 ./Src/RCC_prg.o
 .debug_frame   0x0000000000000f0c       0x30 ./Src/main.o
 .debug_frame   0x0000000000000f3c       0x2c c:/st/stm32cubeide_1.12.1/stm32cubeide/plugins/com.st.stm32cube.ide.mcu.externaltools.gnu-tools-for-stm32.10.3-2021.10.win32_1.0.200.202301161003/tools/bin/../lib/gcc/arm-none-eabi/10.3.1/../../../../arm-none-eabi/lib/thumb/v7e-m+fp/hard\libc_nano.a(lib_a-init.o)
