Archive member included to satisfy reference by file (symbol)

c:/st/stm32cubeide_1.12.0/stm32cubeide/plugins/com.st.stm32cube.ide.mcu.externaltools.gnu-tools-for-stm32.10.3-2021.10.win32_1.0.200.202301161003/tools/bin/../lib/gcc/arm-none-eabi/10.3.1/../../../../arm-none-eabi/lib/thumb/v7e-m+fp/hard\libc_nano.a(lib_a-errno.o)
                              ./Src/syscalls.o (__errno)
c:/st/stm32cubeide_1.12.0/stm32cubeide/plugins/com.st.stm32cube.ide.mcu.externaltools.gnu-tools-for-stm32.10.3-2021.10.win32_1.0.200.202301161003/tools/bin/../lib/gcc/arm-none-eabi/10.3.1/../../../../arm-none-eabi/lib/thumb/v7e-m+fp/hard\libc_nano.a(lib_a-exit.o)
                              c:/st/stm32cubeide_1.12.0/stm32cubeide/plugins/com.st.stm32cube.ide.mcu.externaltools.gnu-tools-for-stm32.10.3-2021.10.win32_1.0.200.202301161003/tools/bin/../lib/gcc/arm-none-eabi/10.3.1/../../../../arm-none-eabi/lib/thumb/v7e-m+fp/hard/crt0.o (exit)
c:/st/stm32cubeide_1.12.0/stm32cubeide/plugins/com.st.stm32cube.ide.mcu.externaltools.gnu-tools-for-stm32.10.3-2021.10.win32_1.0.200.202301161003/tools/bin/../lib/gcc/arm-none-eabi/10.3.1/../../../../arm-none-eabi/lib/thumb/v7e-m+fp/hard\libc_nano.a(lib_a-impure.o)
                              c:/st/stm32cubeide_1.12.0/stm32cubeide/plugins/com.st.stm32cube.ide.mcu.externaltools.gnu-tools-for-stm32.10.3-2021.10.win32_1.0.200.202301161003/tools/bin/../lib/gcc/arm-none-eabi/10.3.1/../../../../arm-none-eabi/lib/thumb/v7e-m+fp/hard\libc_nano.a(lib_a-exit.o) (_global_impure_ptr)
c:/st/stm32cubeide_1.12.0/stm32cubeide/plugins/com.st.stm32cube.ide.mcu.externaltools.gnu-tools-for-stm32.10.3-2021.10.win32_1.0.200.202301161003/tools/bin/../lib/gcc/arm-none-eabi/10.3.1/../../../../arm-none-eabi/lib/thumb/v7e-m+fp/hard\libc_nano.a(lib_a-init.o)
                              c:/st/stm32cubeide_1.12.0/stm32cubeide/plugins/com.st.stm32cube.ide.mcu.externaltools.gnu-tools-for-stm32.10.3-2021.10.win32_1.0.200.202301161003/tools/bin/../lib/gcc/arm-none-eabi/10.3.1/../../../../arm-none-eabi/lib/thumb/v7e-m+fp/hard/crt0.o (__libc_init_array)
c:/st/stm32cubeide_1.12.0/stm32cubeide/plugins/com.st.stm32cube.ide.mcu.externaltools.gnu-tools-for-stm32.10.3-2021.10.win32_1.0.200.202301161003/tools/bin/../lib/gcc/arm-none-eabi/10.3.1/../../../../arm-none-eabi/lib/thumb/v7e-m+fp/hard\libc_nano.a(lib_a-memset.o)
                              c:/st/stm32cubeide_1.12.0/stm32cubeide/plugins/com.st.stm32cube.ide.mcu.externaltools.gnu-tools-for-stm32.10.3-2021.10.win32_1.0.200.202301161003/tools/bin/../lib/gcc/arm-none-eabi/10.3.1/../../../../arm-none-eabi/lib/thumb/v7e-m+fp/hard/crt0.o (memset)

Discarded input sections

 .text          0x0000000000000000        0x0 c:/st/stm32cubeide_1.12.0/stm32cubeide/plugins/com.st.stm32cube.ide.mcu.externaltools.gnu-tools-for-stm32.10.3-2021.10.win32_1.0.200.202301161003/tools/bin/../lib/gcc/arm-none-eabi/10.3.1/thumb/v7e-m+fp/hard/crti.o
 .data          0x0000000000000000        0x0 c:/st/stm32cubeide_1.12.0/stm32cubeide/plugins/com.st.stm32cube.ide.mcu.externaltools.gnu-tools-for-stm32.10.3-2021.10.win32_1.0.200.202301161003/tools/bin/../lib/gcc/arm-none-eabi/10.3.1/thumb/v7e-m+fp/hard/crti.o
 .bss           0x0000000000000000        0x0 c:/st/stm32cubeide_1.12.0/stm32cubeide/plugins/com.st.stm32cube.ide.mcu.externaltools.gnu-tools-for-stm32.10.3-2021.10.win32_1.0.200.202301161003/tools/bin/../lib/gcc/arm-none-eabi/10.3.1/thumb/v7e-m+fp/hard/crti.o
 .data          0x0000000000000000        0x4 c:/st/stm32cubeide_1.12.0/stm32cubeide/plugins/com.st.stm32cube.ide.mcu.externaltools.gnu-tools-for-stm32.10.3-2021.10.win32_1.0.200.202301161003/tools/bin/../lib/gcc/arm-none-eabi/10.3.1/thumb/v7e-m+fp/hard/crtbegin.o
 .rodata        0x0000000000000000       0x24 c:/st/stm32cubeide_1.12.0/stm32cubeide/plugins/com.st.stm32cube.ide.mcu.externaltools.gnu-tools-for-stm32.10.3-2021.10.win32_1.0.200.202301161003/tools/bin/../lib/gcc/arm-none-eabi/10.3.1/thumb/v7e-m+fp/hard/crtbegin.o
 .text          0x0000000000000000       0x7c c:/st/stm32cubeide_1.12.0/stm32cubeide/plugins/com.st.stm32cube.ide.mcu.externaltools.gnu-tools-for-stm32.10.3-2021.10.win32_1.0.200.202301161003/tools/bin/../lib/gcc/arm-none-eabi/10.3.1/../../../../arm-none-eabi/lib/thumb/v7e-m+fp/hard/crt0.o
 .data          0x0000000000000000        0x0 c:/st/stm32cubeide_1.12.0/stm32cubeide/plugins/com.st.stm32cube.ide.mcu.externaltools.gnu-tools-for-stm32.10.3-2021.10.win32_1.0.200.202301161003/tools/bin/../lib/gcc/arm-none-eabi/10.3.1/../../../../arm-none-eabi/lib/thumb/v7e-m+fp/hard/crt0.o
 .bss           0x0000000000000000        0x0 c:/st/stm32cubeide_1.12.0/stm32cubeide/plugins/com.st.stm32cube.ide.mcu.externaltools.gnu-tools-for-stm32.10.3-2021.10.win32_1.0.200.202301161003/tools/bin/../lib/gcc/arm-none-eabi/10.3.1/../../../../arm-none-eabi/lib/thumb/v7e-m+fp/hard/crt0.o
 .ARM.extab     0x0000000000000000        0x0 c:/st/stm32cubeide_1.12.0/stm32cubeide/plugins/com.st.stm32cube.ide.mcu.externaltools.gnu-tools-for-stm32.10.3-2021.10.win32_1.0.200.202301161003/tools/bin/../lib/gcc/arm-none-eabi/10.3.1/../../../../arm-none-eabi/lib/thumb/v7e-m+fp/hard/crt0.o
 .ARM.exidx     0x0000000000000000       0x10 c:/st/stm32cubeide_1.12.0/stm32cubeide/plugins/com.st.stm32cube.ide.mcu.externaltools.gnu-tools-for-stm32.10.3-2021.10.win32_1.0.200.202301161003/tools/bin/../lib/gcc/arm-none-eabi/10.3.1/../../../../arm-none-eabi/lib/thumb/v7e-m+fp/hard/crt0.o
 .ARM.attributes
                0x0000000000000000       0x1c c:/st/stm32cubeide_1.12.0/stm32cubeide/plugins/com.st.stm32cube.ide.mcu.externaltools.gnu-tools-for-stm32.10.3-2021.10.win32_1.0.200.202301161003/tools/bin/../lib/gcc/arm-none-eabi/10.3.1/../../../../arm-none-eabi/lib/thumb/v7e-m+fp/hard/crt0.o
 .group         0x0000000000000000        0xc ./Src/GPIO_prg.o
 .group         0x0000000000000000        0xc ./Src/GPIO_prg.o
 .group         0x0000000000000000        0xc ./Src/GPIO_prg.o
 .group         0x0000000000000000        0xc ./Src/GPIO_prg.o
 .group         0x0000000000000000        0xc ./Src/GPIO_prg.o
 .group         0x0000000000000000        0xc ./Src/GPIO_prg.o
 .group         0x0000000000000000        0xc ./Src/GPIO_prg.o
 .group         0x0000000000000000        0xc ./Src/GPIO_prg.o
 .group         0x0000000000000000        0xc ./Src/GPIO_prg.o
 .group         0x0000000000000000        0xc ./Src/GPIO_prg.o
 .group         0x0000000000000000        0xc ./Src/GPIO_prg.o
 .group         0x0000000000000000        0xc ./Src/GPIO_prg.o
 .group         0x0000000000000000        0xc ./Src/GPIO_prg.o
 .group         0x0000000000000000        0xc ./Src/GPIO_prg.o
 .group         0x0000000000000000        0xc ./Src/GPIO_prg.o
 .group         0x0000000000000000        0xc ./Src/GPIO_prg.o
 .group         0x0000000000000000        0xc ./Src/GPIO_prg.o
 .group         0x0000000000000000        0xc ./Src/GPIO_prg.o
 .group         0x0000000000000000        0xc ./Src/GPIO_prg.o
 .group         0x0000000000000000        0xc ./Src/GPIO_prg.o
 .group         0x0000000000000000        0xc ./Src/GPIO_prg.o
 .group         0x0000000000000000        0xc ./Src/GPIO_prg.o
 .group         0x0000000000000000        0xc ./Src/GPIO_prg.o
 .group         0x0000000000000000        0xc ./Src/GPIO_prg.o
 .group         0x0000000000000000        0xc ./Src/GPIO_prg.o
 .group         0x0000000000000000        0xc ./Src/GPIO_prg.o
 .group         0x0000000000000000        0xc ./Src/GPIO_prg.o
 .group         0x0000000000000000        0xc ./Src/GPIO_prg.o
 .group         0x0000000000000000        0xc ./Src/GPIO_prg.o
 .group         0x0000000000000000        0xc ./Src/GPIO_prg.o
 .group         0x0000000000000000        0xc ./Src/GPIO_prg.o
 .group         0x0000000000000000        0xc ./Src/GPIO_prg.o
 .group         0x0000000000000000        0xc ./Src/GPIO_prg.o
 .group         0x0000000000000000        0xc ./Src/GPIO_prg.o
 .group         0x0000000000000000        0xc ./Src/GPIO_prg.o
 .group         0x0000000000000000        0xc ./Src/GPIO_prg.o
 .group         0x0000000000000000        0xc ./Src/GPIO_prg.o
 .group         0x0000000000000000        0xc ./Src/GPIO_prg.o
 .group         0x0000000000000000        0xc ./Src/GPIO_prg.o
 .text          0x0000000000000000        0x0 ./Src/GPIO_prg.o
 .data          0x0000000000000000        0x0 ./Src/GPIO_prg.o
 .bss           0x0000000000000000        0x0 ./Src/GPIO_prg.o
 .text.GPIO_vToggleOutputPinValue
                0x0000000000000000       0x58 ./Src/GPIO_prg.o
 .text.MGPIO_vReadInputPinValue
                0x0000000000000000       0x54 ./Src/GPIO_prg.o
 .group         0x0000000000000000        0xc ./Src/RCC_prg.o
 .group         0x0000000000000000        0xc ./Src/RCC_prg.o
 .group         0x0000000000000000        0xc ./Src/RCC_prg.o
 .group         0x0000000000000000        0xc ./Src/RCC_prg.o
 .group         0x0000000000000000        0xc ./Src/RCC_prg.o
 .group         0x0000000000000000        0xc ./Src/RCC_prg.o
 .group         0x0000000000000000        0xc ./Src/RCC_prg.o
 .group         0x0000000000000000        0xc ./Src/RCC_prg.o
 .group         0x0000000000000000        0xc ./Src/RCC_prg.o
 .group         0x0000000000000000        0xc ./Src/RCC_prg.o
 .group         0x0000000000000000        0xc ./Src/RCC_prg.o
 .group         0x0000000000000000        0xc ./Src/RCC_prg.o
 .group         0x0000000000000000        0xc ./Src/RCC_prg.o
 .group         0x0000000000000000        0xc ./Src/RCC_prg.o
 .group         0x0000000000000000        0xc ./Src/RCC_prg.o
 .group         0x0000000000000000        0xc ./Src/RCC_prg.o
 .group         0x0000000000000000        0xc ./Src/RCC_prg.o
 .group         0x0000000000000000        0xc ./Src/RCC_prg.o
 .group         0x0000000000000000        0xc ./Src/RCC_prg.o
 .group         0x0000000000000000        0xc ./Src/RCC_prg.o
 .group         0x0000000000000000        0xc ./Src/RCC_prg.o
 .group         0x0000000000000000        0xc ./Src/RCC_prg.o
 .group         0x0000000000000000        0xc ./Src/RCC_prg.o
 .group         0x0000000000000000        0xc ./Src/RCC_prg.o
 .group         0x0000000000000000        0xc ./Src/RCC_prg.o
 .group         0x0000000000000000        0xc ./Src/RCC_prg.o
 .group         0x0000000000000000        0xc ./Src/RCC_prg.o
 .group         0x0000000000000000        0xc ./Src/RCC_prg.o
 .group         0x0000000000000000        0xc ./Src/RCC_prg.o
 .group         0x0000000000000000        0xc ./Src/RCC_prg.o
 .group         0x0000000000000000        0xc ./Src/RCC_prg.o
 .group         0x0000000000000000        0xc ./Src/RCC_prg.o
 .group         0x0000000000000000        0xc ./Src/RCC_prg.o
 .group         0x0000000000000000        0xc ./Src/RCC_prg.o
 .group         0x0000000000000000        0xc ./Src/RCC_prg.o
 .group         0x0000000000000000        0xc ./Src/RCC_prg.o
 .group         0x0000000000000000        0xc ./Src/RCC_prg.o
 .group         0x0000000000000000        0xc ./Src/RCC_prg.o
 .text          0x0000000000000000        0x0 ./Src/RCC_prg.o
 .data          0x0000000000000000        0x0 ./Src/RCC_prg.o
 .bss           0x0000000000000000        0x0 ./Src/RCC_prg.o
 .text.RCC_AHB1DisableCLK
                0x0000000000000000       0x30 ./Src/RCC_prg.o
 .text.RCC_APB1EnableCLK
                0x0000000000000000       0x30 ./Src/RCC_prg.o
 .text.RCC_APB1DisableCLK
                0x0000000000000000       0x30 ./Src/RCC_prg.o
 .text.RCC_APB2EnableCLK
                0x0000000000000000       0x30 ./Src/RCC_prg.o
 .text.APB2DisableCLK
                0x0000000000000000       0x30 ./Src/RCC_prg.o
 .debug_macro   0x0000000000000000      0xa84 ./Src/RCC_prg.o
 .debug_macro   0x0000000000000000       0x22 ./Src/RCC_prg.o
 .debug_macro   0x0000000000000000       0x8e ./Src/RCC_prg.o
 .debug_macro   0x0000000000000000       0x51 ./Src/RCC_prg.o
 .debug_macro   0x0000000000000000      0x103 ./Src/RCC_prg.o
 .debug_macro   0x0000000000000000       0x6a ./Src/RCC_prg.o
 .debug_macro   0x0000000000000000      0x1df ./Src/RCC_prg.o
 .debug_macro   0x0000000000000000       0x94 ./Src/RCC_prg.o
 .debug_macro   0x0000000000000000       0x1c ./Src/RCC_prg.o
 .debug_macro   0x0000000000000000       0x22 ./Src/RCC_prg.o
 .debug_macro   0x0000000000000000       0x52 ./Src/RCC_prg.o
 .debug_macro   0x0000000000000000       0x1e ./Src/RCC_prg.o
 .debug_macro   0x0000000000000000       0x3c ./Src/RCC_prg.o
 .debug_macro   0x0000000000000000       0x34 ./Src/RCC_prg.o
 .debug_macro   0x0000000000000000       0x16 ./Src/RCC_prg.o
 .debug_macro   0x0000000000000000       0x97 ./Src/RCC_prg.o
 .debug_macro   0x0000000000000000      0x341 ./Src/RCC_prg.o
 .debug_macro   0x0000000000000000       0xfd ./Src/RCC_prg.o
 .debug_macro   0x0000000000000000       0x10 ./Src/RCC_prg.o
 .debug_macro   0x0000000000000000       0x16 ./Src/RCC_prg.o
 .debug_macro   0x0000000000000000       0x43 ./Src/RCC_prg.o
 .debug_macro   0x0000000000000000       0x34 ./Src/RCC_prg.o
 .debug_macro   0x0000000000000000       0x10 ./Src/RCC_prg.o
 .debug_macro   0x0000000000000000       0x58 ./Src/RCC_prg.o
 .debug_macro   0x0000000000000000       0x71 ./Src/RCC_prg.o
 .debug_macro   0x0000000000000000       0x1c ./Src/RCC_prg.o
 .debug_macro   0x0000000000000000      0x12a ./Src/RCC_prg.o
 .debug_macro   0x0000000000000000       0x10 ./Src/RCC_prg.o
 .debug_macro   0x0000000000000000       0x1c ./Src/RCC_prg.o
 .debug_macro   0x0000000000000000       0x52 ./Src/RCC_prg.o
 .debug_macro   0x0000000000000000       0x22 ./Src/RCC_prg.o
 .debug_macro   0x0000000000000000       0x10 ./Src/RCC_prg.o
 .debug_macro   0x0000000000000000       0x52 ./Src/RCC_prg.o
 .debug_macro   0x0000000000000000       0xd5 ./Src/RCC_prg.o
 .debug_macro   0x0000000000000000       0x1c ./Src/RCC_prg.o
 .debug_macro   0x0000000000000000       0x3d ./Src/RCC_prg.o
 .debug_macro   0x0000000000000000       0x16 ./Src/RCC_prg.o
 .debug_macro   0x0000000000000000      0x145 ./Src/RCC_prg.o
 .group         0x0000000000000000        0xc ./Src/SysTick_prg.o
 .group         0x0000000000000000        0xc ./Src/SysTick_prg.o
 .group         0x0000000000000000        0xc ./Src/SysTick_prg.o
 .group         0x0000000000000000        0xc ./Src/SysTick_prg.o
 .group         0x0000000000000000        0xc ./Src/SysTick_prg.o
 .group         0x0000000000000000        0xc ./Src/SysTick_prg.o
 .group         0x0000000000000000        0xc ./Src/SysTick_prg.o
 .group         0x0000000000000000        0xc ./Src/SysTick_prg.o
 .group         0x0000000000000000        0xc ./Src/SysTick_prg.o
 .text          0x0000000000000000        0x0 ./Src/SysTick_prg.o
 .data          0x0000000000000000        0x0 ./Src/SysTick_prg.o
 .bss           0x0000000000000000        0x0 ./Src/SysTick_prg.o
 .text.STK_vStartTimer
                0x0000000000000000       0x30 ./Src/SysTick_prg.o
 .text.STK_vStopTimer
                0x0000000000000000       0x24 ./Src/SysTick_prg.o
 .text.STK_vSetIntervalSingle
                0x0000000000000000       0x48 ./Src/SysTick_prg.o
 .text.STK_vSetIntervalPeriodic
                0x0000000000000000       0x48 ./Src/SysTick_prg.o
 .text.STK_vGetElapsedTime
                0x0000000000000000       0x1c ./Src/SysTick_prg.o
 .text.STK_vGetRemainingTime
                0x0000000000000000       0x18 ./Src/SysTick_prg.o
 .debug_macro   0x0000000000000000      0xa84 ./Src/SysTick_prg.o
 .debug_macro   0x0000000000000000       0x22 ./Src/SysTick_prg.o
 .debug_macro   0x0000000000000000       0x8e ./Src/SysTick_prg.o
 .debug_macro   0x0000000000000000       0x51 ./Src/SysTick_prg.o
 .debug_macro   0x0000000000000000      0x103 ./Src/SysTick_prg.o
 .debug_macro   0x0000000000000000       0x6a ./Src/SysTick_prg.o
 .debug_macro   0x0000000000000000      0x1df ./Src/SysTick_prg.o
 .debug_macro   0x0000000000000000       0x94 ./Src/SysTick_prg.o
 .debug_macro   0x0000000000000000       0x22 ./Src/SysTick_prg.o
 .group         0x0000000000000000        0xc ./Src/main.o
 .group         0x0000000000000000        0xc ./Src/main.o
 .group         0x0000000000000000        0xc ./Src/main.o
 .group         0x0000000000000000        0xc ./Src/main.o
 .group         0x0000000000000000        0xc ./Src/main.o
 .group         0x0000000000000000        0xc ./Src/main.o
 .group         0x0000000000000000        0xc ./Src/main.o
 .group         0x0000000000000000        0xc ./Src/main.o
 .text          0x0000000000000000        0x0 ./Src/main.o
 .data          0x0000000000000000        0x0 ./Src/main.o
 .bss           0x0000000000000000        0x0 ./Src/main.o
 .debug_macro   0x0000000000000000      0xa84 ./Src/main.o
 .debug_macro   0x0000000000000000       0x22 ./Src/main.o
 .debug_macro   0x0000000000000000       0x8e ./Src/main.o
 .debug_macro   0x0000000000000000       0x51 ./Src/main.o
 .debug_macro   0x0000000000000000      0x103 ./Src/main.o
 .debug_macro   0x0000000000000000       0x6a ./Src/main.o
 .debug_macro   0x0000000000000000      0x1df ./Src/main.o
 .debug_macro   0x0000000000000000       0x94 ./Src/main.o
 .group         0x0000000000000000        0xc ./Src/syscalls.o
 .group         0x0000000000000000        0xc ./Src/syscalls.o
 .group         0x0000000000000000        0xc ./Src/syscalls.o
 .group         0x0000000000000000        0xc ./Src/syscalls.o
 .group         0x0000000000000000        0xc ./Src/syscalls.o
 .group         0x0000000000000000        0xc ./Src/syscalls.o
 .group         0x0000000000000000        0xc ./Src/syscalls.o
 .group         0x0000000000000000        0xc ./Src/syscalls.o
 .group         0x0000000000000000        0xc ./Src/syscalls.o
 .group         0x0000000000000000        0xc ./Src/syscalls.o
 .group         0x0000000000000000        0xc ./Src/syscalls.o
 .group         0x0000000000000000        0xc ./Src/syscalls.o
 .group         0x0000000000000000        0xc ./Src/syscalls.o
 .group         0x0000000000000000        0xc ./Src/syscalls.o
 .group         0x0000000000000000        0xc ./Src/syscalls.o
 .group         0x0000000000000000        0xc ./Src/syscalls.o
 .group         0x0000000000000000        0xc ./Src/syscalls.o
 .group         0x0000000000000000        0xc ./Src/syscalls.o
 .group         0x0000000000000000        0xc ./Src/syscalls.o
 .group         0x0000000000000000        0xc ./Src/syscalls.o
 .group         0x0000000000000000        0xc ./Src/syscalls.o
 .group         0x0000000000000000        0xc ./Src/syscalls.o
 .group         0x0000000000000000        0xc ./Src/syscalls.o
 .group         0x0000000000000000        0xc ./Src/syscalls.o
 .group         0x0000000000000000        0xc ./Src/syscalls.o
 .group         0x0000000000000000        0xc ./Src/syscalls.o
 .group         0x0000000000000000        0xc ./Src/syscalls.o
 .group         0x0000000000000000        0xc ./Src/syscalls.o
 .group         0x0000000000000000        0xc ./Src/syscalls.o
 .group         0x0000000000000000        0xc ./Src/syscalls.o
 .group         0x0000000000000000        0xc ./Src/syscalls.o
 .group         0x0000000000000000        0xc ./Src/syscalls.o
 .group         0x0000000000000000        0xc ./Src/syscalls.o
 .group         0x0000000000000000        0xc ./Src/syscalls.o
 .group         0x0000000000000000        0xc ./Src/syscalls.o
 .group         0x0000000000000000        0xc ./Src/syscalls.o
 .group         0x0000000000000000        0xc ./Src/syscalls.o
 .group         0x0000000000000000        0xc ./Src/syscalls.o
 .group         0x0000000000000000        0xc ./Src/syscalls.o
 .group         0x0000000000000000        0xc ./Src/syscalls.o
 .group         0x0000000000000000        0xc ./Src/syscalls.o
 .group         0x0000000000000000        0xc ./Src/syscalls.o
 .group         0x0000000000000000        0xc ./Src/syscalls.o
 .group         0x0000000000000000        0xc ./Src/syscalls.o
 .group         0x0000000000000000        0xc ./Src/syscalls.o
 .group         0x0000000000000000        0xc ./Src/syscalls.o
 .group         0x0000000000000000        0xc ./Src/syscalls.o
 .text          0x0000000000000000        0x0 ./Src/syscalls.o
 .data          0x0000000000000000        0x0 ./Src/syscalls.o
 .bss           0x0000000000000000        0x0 ./Src/syscalls.o
 .bss.__env     0x0000000000000000        0x4 ./Src/syscalls.o
 .data.environ  0x0000000000000000        0x4 ./Src/syscalls.o
 .text.initialise_monitor_handles
                0x0000000000000000        0xe ./Src/syscalls.o
 .text._getpid  0x0000000000000000       0x10 ./Src/syscalls.o
 .text._kill    0x0000000000000000       0x20 ./Src/syscalls.o
 .text._exit    0x0000000000000000       0x14 ./Src/syscalls.o
 .text._read    0x0000000000000000       0x3a ./Src/syscalls.o
 .text._write   0x0000000000000000       0x38 ./Src/syscalls.o
 .text._close   0x0000000000000000       0x18 ./Src/syscalls.o
 .text._fstat   0x0000000000000000       0x20 ./Src/syscalls.o
 .text._isatty  0x0000000000000000       0x16 ./Src/syscalls.o
 .text._lseek   0x0000000000000000       0x1a ./Src/syscalls.o
 .text._open    0x0000000000000000       0x1c ./Src/syscalls.o
 .text._wait    0x0000000000000000       0x1e ./Src/syscalls.o
 .text._unlink  0x0000000000000000       0x1e ./Src/syscalls.o
 .text._times   0x0000000000000000       0x18 ./Src/syscalls.o
 .text._stat    0x0000000000000000       0x20 ./Src/syscalls.o
 .text._link    0x0000000000000000       0x20 ./Src/syscalls.o
 .text._fork    0x0000000000000000       0x16 ./Src/syscalls.o
 .text._execve  0x0000000000000000       0x22 ./Src/syscalls.o
 .debug_info    0x0000000000000000      0x6e0 ./Src/syscalls.o
 .debug_abbrev  0x0000000000000000      0x1b3 ./Src/syscalls.o
 .debug_aranges
                0x0000000000000000       0xa8 ./Src/syscalls.o
 .debug_ranges  0x0000000000000000       0x98 ./Src/syscalls.o
 .debug_macro   0x0000000000000000      0x24c ./Src/syscalls.o
 .debug_macro   0x0000000000000000      0xa84 ./Src/syscalls.o
 .debug_macro   0x0000000000000000       0x22 ./Src/syscalls.o
 .debug_macro   0x0000000000000000       0x4c ./Src/syscalls.o
 .debug_macro   0x0000000000000000       0x1e ./Src/syscalls.o
 .debug_macro   0x0000000000000000       0x94 ./Src/syscalls.o
 .debug_macro   0x0000000000000000       0x3c ./Src/syscalls.o
 .debug_macro   0x0000000000000000       0x34 ./Src/syscalls.o
 .debug_macro   0x0000000000000000       0x57 ./Src/syscalls.o
 .debug_macro   0x0000000000000000      0x174 ./Src/syscalls.o
 .debug_macro   0x0000000000000000      0x341 ./Src/syscalls.o
 .debug_macro   0x0000000000000000       0x16 ./Src/syscalls.o
 .debug_macro   0x0000000000000000       0x43 ./Src/syscalls.o
 .debug_macro   0x0000000000000000       0x34 ./Src/syscalls.o
 .debug_macro   0x0000000000000000       0x10 ./Src/syscalls.o
 .debug_macro   0x0000000000000000       0x58 ./Src/syscalls.o
 .debug_macro   0x0000000000000000       0x71 ./Src/syscalls.o
 .debug_macro   0x0000000000000000       0x1c ./Src/syscalls.o
 .debug_macro   0x0000000000000000      0x12a ./Src/syscalls.o
 .debug_macro   0x0000000000000000       0x10 ./Src/syscalls.o
 .debug_macro   0x0000000000000000       0x35 ./Src/syscalls.o
 .debug_macro   0x0000000000000000       0x10 ./Src/syscalls.o
 .debug_macro   0x0000000000000000       0x10 ./Src/syscalls.o
 .debug_macro   0x0000000000000000       0x10 ./Src/syscalls.o
 .debug_macro   0x0000000000000000       0x6a ./Src/syscalls.o
 .debug_macro   0x0000000000000000       0x1c ./Src/syscalls.o
 .debug_macro   0x0000000000000000       0x52 ./Src/syscalls.o
 .debug_macro   0x0000000000000000       0x22 ./Src/syscalls.o
 .debug_macro   0x0000000000000000       0x10 ./Src/syscalls.o
 .debug_macro   0x0000000000000000       0x52 ./Src/syscalls.o
 .debug_macro   0x0000000000000000       0xd5 ./Src/syscalls.o
 .debug_macro   0x0000000000000000       0x1c ./Src/syscalls.o
 .debug_macro   0x0000000000000000       0x3d ./Src/syscalls.o
 .debug_macro   0x0000000000000000       0x35 ./Src/syscalls.o
 .debug_macro   0x0000000000000000      0x12c ./Src/syscalls.o
 .debug_macro   0x0000000000000000       0x16 ./Src/syscalls.o
 .debug_macro   0x0000000000000000       0x16 ./Src/syscalls.o
 .debug_macro   0x0000000000000000       0x29 ./Src/syscalls.o
 .debug_macro   0x0000000000000000       0x10 ./Src/syscalls.o
 .debug_macro   0x0000000000000000      0x241 ./Src/syscalls.o
 .debug_macro   0x0000000000000000       0x1c ./Src/syscalls.o
 .debug_macro   0x0000000000000000       0x10 ./Src/syscalls.o
 .debug_macro   0x0000000000000000       0x10 ./Src/syscalls.o
 .debug_macro   0x0000000000000000       0x16 ./Src/syscalls.o
 .debug_macro   0x0000000000000000      0x145 ./Src/syscalls.o
 .debug_macro   0x0000000000000000      0x189 ./Src/syscalls.o
 .debug_macro   0x0000000000000000       0x16 ./Src/syscalls.o
 .debug_macro   0x0000000000000000       0xce ./Src/syscalls.o
 .debug_line    0x0000000000000000      0x7f9 ./Src/syscalls.o
 .debug_str     0x0000000000000000     0x8a91 ./Src/syscalls.o
 .comment       0x0000000000000000       0x51 ./Src/syscalls.o
 .debug_frame   0x0000000000000000      0x2ac ./Src/syscalls.o
 .ARM.attributes
                0x0000000000000000       0x34 ./Src/syscalls.o
 .group         0x0000000000000000        0xc ./Src/sysmem.o
 .group         0x0000000000000000        0xc ./Src/sysmem.o
 .group         0x0000000000000000        0xc ./Src/sysmem.o
 .group         0x0000000000000000        0xc ./Src/sysmem.o
 .group         0x0000000000000000        0xc ./Src/sysmem.o
 .group         0x0000000000000000        0xc ./Src/sysmem.o
 .group         0x0000000000000000        0xc ./Src/sysmem.o
 .group         0x0000000000000000        0xc ./Src/sysmem.o
 .group         0x0000000000000000        0xc ./Src/sysmem.o
 .group         0x0000000000000000        0xc ./Src/sysmem.o
 .group         0x0000000000000000        0xc ./Src/sysmem.o
 .group         0x0000000000000000        0xc ./Src/sysmem.o
 .group         0x0000000000000000        0xc ./Src/sysmem.o
 .group         0x0000000000000000        0xc ./Src/sysmem.o
 .group         0x0000000000000000        0xc ./Src/sysmem.o
 .group         0x0000000000000000        0xc ./Src/sysmem.o
 .group         0x0000000000000000        0xc ./Src/sysmem.o
 .group         0x0000000000000000        0xc ./Src/sysmem.o
 .group         0x0000000000000000        0xc ./Src/sysmem.o
 .group         0x0000000000000000        0xc ./Src/sysmem.o
 .group         0x0000000000000000        0xc ./Src/sysmem.o
 .group         0x0000000000000000        0xc ./Src/sysmem.o
 .text          0x0000000000000000        0x0 ./Src/sysmem.o
 .data          0x0000000000000000        0x0 ./Src/sysmem.o
 .bss           0x0000000000000000        0x0 ./Src/sysmem.o
 .bss.__sbrk_heap_end
                0x0000000000000000        0x4 ./Src/sysmem.o
 .text._sbrk    0x0000000000000000       0x6c ./Src/sysmem.o
 .debug_info    0x0000000000000000      0x171 ./Src/sysmem.o
 .debug_abbrev  0x0000000000000000       0xbb ./Src/sysmem.o
 .debug_aranges
                0x0000000000000000       0x20 ./Src/sysmem.o
 .debug_ranges  0x0000000000000000       0x10 ./Src/sysmem.o
 .debug_macro   0x0000000000000000       0xff ./Src/sysmem.o
 .debug_macro   0x0000000000000000      0xa84 ./Src/sysmem.o
 .debug_macro   0x0000000000000000       0x10 ./Src/sysmem.o
 .debug_macro   0x0000000000000000       0x22 ./Src/sysmem.o
 .debug_macro   0x0000000000000000       0x4c ./Src/sysmem.o
 .debug_macro   0x0000000000000000       0x1e ./Src/sysmem.o
 .debug_macro   0x0000000000000000       0x94 ./Src/sysmem.o
 .debug_macro   0x0000000000000000       0x3c ./Src/sysmem.o
 .debug_macro   0x0000000000000000       0x34 ./Src/sysmem.o
 .debug_macro   0x0000000000000000      0x174 ./Src/sysmem.o
 .debug_macro   0x0000000000000000       0x16 ./Src/sysmem.o
 .debug_macro   0x0000000000000000       0x43 ./Src/sysmem.o
 .debug_macro   0x0000000000000000       0x57 ./Src/sysmem.o
 .debug_macro   0x0000000000000000       0x34 ./Src/sysmem.o
 .debug_macro   0x0000000000000000       0x10 ./Src/sysmem.o
 .debug_macro   0x0000000000000000       0x58 ./Src/sysmem.o
 .debug_macro   0x0000000000000000       0x71 ./Src/sysmem.o
 .debug_macro   0x0000000000000000       0x1c ./Src/sysmem.o
 .debug_macro   0x0000000000000000      0x12a ./Src/sysmem.o
 .debug_macro   0x0000000000000000      0x23b ./Src/sysmem.o
 .debug_macro   0x0000000000000000      0x103 ./Src/sysmem.o
 .debug_macro   0x0000000000000000       0x6a ./Src/sysmem.o
 .debug_macro   0x0000000000000000      0x1df ./Src/sysmem.o
 .debug_line    0x0000000000000000      0x4ef ./Src/sysmem.o
 .debug_str     0x0000000000000000     0x5dcd ./Src/sysmem.o
 .comment       0x0000000000000000       0x51 ./Src/sysmem.o
 .debug_frame   0x0000000000000000       0x34 ./Src/sysmem.o
 .ARM.attributes
                0x0000000000000000       0x34 ./Src/sysmem.o
 .text          0x0000000000000000       0x14 ./Startup/startup_stm32f446retx.o
 .data          0x0000000000000000        0x0 ./Startup/startup_stm32f446retx.o
 .bss           0x0000000000000000        0x0 ./Startup/startup_stm32f446retx.o
 .text          0x0000000000000000        0x0 c:/st/stm32cubeide_1.12.0/stm32cubeide/plugins/com.st.stm32cube.ide.mcu.externaltools.gnu-tools-for-stm32.10.3-2021.10.win32_1.0.200.202301161003/tools/bin/../lib/gcc/arm-none-eabi/10.3.1/../../../../arm-none-eabi/lib/thumb/v7e-m+fp/hard\libc_nano.a(lib_a-errno.o)
 .data          0x0000000000000000        0x0 c:/st/stm32cubeide_1.12.0/stm32cubeide/plugins/com.st.stm32cube.ide.mcu.externaltools.gnu-tools-for-stm32.10.3-2021.10.win32_1.0.200.202301161003/tools/bin/../lib/gcc/arm-none-eabi/10.3.1/../../../../arm-none-eabi/lib/thumb/v7e-m+fp/hard\libc_nano.a(lib_a-errno.o)
 .bss           0x0000000000000000        0x0 c:/st/stm32cubeide_1.12.0/stm32cubeide/plugins/com.st.stm32cube.ide.mcu.externaltools.gnu-tools-for-stm32.10.3-2021.10.win32_1.0.200.202301161003/tools/bin/../lib/gcc/arm-none-eabi/10.3.1/../../../../arm-none-eabi/lib/thumb/v7e-m+fp/hard\libc_nano.a(lib_a-errno.o)
 .text.__errno  0x0000000000000000        0xc c:/st/stm32cubeide_1.12.0/stm32cubeide/plugins/com.st.stm32cube.ide.mcu.externaltools.gnu-tools-for-stm32.10.3-2021.10.win32_1.0.200.202301161003/tools/bin/../lib/gcc/arm-none-eabi/10.3.1/../../../../arm-none-eabi/lib/thumb/v7e-m+fp/hard\libc_nano.a(lib_a-errno.o)
 .debug_frame   0x0000000000000000       0x20 c:/st/stm32cubeide_1.12.0/stm32cubeide/plugins/com.st.stm32cube.ide.mcu.externaltools.gnu-tools-for-stm32.10.3-2021.10.win32_1.0.200.202301161003/tools/bin/../lib/gcc/arm-none-eabi/10.3.1/../../../../arm-none-eabi/lib/thumb/v7e-m+fp/hard\libc_nano.a(lib_a-errno.o)
 .ARM.attributes
                0x0000000000000000       0x34 c:/st/stm32cubeide_1.12.0/stm32cubeide/plugins/com.st.stm32cube.ide.mcu.externaltools.gnu-tools-for-stm32.10.3-2021.10.win32_1.0.200.202301161003/tools/bin/../lib/gcc/arm-none-eabi/10.3.1/../../../../arm-none-eabi/lib/thumb/v7e-m+fp/hard\libc_nano.a(lib_a-errno.o)
 .text          0x0000000000000000        0x0 c:/st/stm32cubeide_1.12.0/stm32cubeide/plugins/com.st.stm32cube.ide.mcu.externaltools.gnu-tools-for-stm32.10.3-2021.10.win32_1.0.200.202301161003/tools/bin/../lib/gcc/arm-none-eabi/10.3.1/../../../../arm-none-eabi/lib/thumb/v7e-m+fp/hard\libc_nano.a(lib_a-exit.o)
 .data          0x0000000000000000        0x0 c:/st/stm32cubeide_1.12.0/stm32cubeide/plugins/com.st.stm32cube.ide.mcu.externaltools.gnu-tools-for-stm32.10.3-2021.10.win32_1.0.200.202301161003/tools/bin/../lib/gcc/arm-none-eabi/10.3.1/../../../../arm-none-eabi/lib/thumb/v7e-m+fp/hard\libc_nano.a(lib_a-exit.o)
 .bss           0x0000000000000000        0x0 c:/st/stm32cubeide_1.12.0/stm32cubeide/plugins/com.st.stm32cube.ide.mcu.externaltools.gnu-tools-for-stm32.10.3-2021.10.win32_1.0.200.202301161003/tools/bin/../lib/gcc/arm-none-eabi/10.3.1/../../../../arm-none-eabi/lib/thumb/v7e-m+fp/hard\libc_nano.a(lib_a-exit.o)
 .text.exit     0x0000000000000000       0x28 c:/st/stm32cubeide_1.12.0/stm32cubeide/plugins/com.st.stm32cube.ide.mcu.externaltools.gnu-tools-for-stm32.10.3-2021.10.win32_1.0.200.202301161003/tools/bin/../lib/gcc/arm-none-eabi/10.3.1/../../../../arm-none-eabi/lib/thumb/v7e-m+fp/hard\libc_nano.a(lib_a-exit.o)
 .debug_frame   0x0000000000000000       0x28 c:/st/stm32cubeide_1.12.0/stm32cubeide/plugins/com.st.stm32cube.ide.mcu.externaltools.gnu-tools-for-stm32.10.3-2021.10.win32_1.0.200.202301161003/tools/bin/../lib/gcc/arm-none-eabi/10.3.1/../../../../arm-none-eabi/lib/thumb/v7e-m+fp/hard\libc_nano.a(lib_a-exit.o)
 .ARM.attributes
                0x0000000000000000       0x34 c:/st/stm32cubeide_1.12.0/stm32cubeide/plugins/com.st.stm32cube.ide.mcu.externaltools.gnu-tools-for-stm32.10.3-2021.10.win32_1.0.200.202301161003/tools/bin/../lib/gcc/arm-none-eabi/10.3.1/../../../../arm-none-eabi/lib/thumb/v7e-m+fp/hard\libc_nano.a(lib_a-exit.o)
 .text          0x0000000000000000        0x0 c:/st/stm32cubeide_1.12.0/stm32cubeide/plugins/com.st.stm32cube.ide.mcu.externaltools.gnu-tools-for-stm32.10.3-2021.10.win32_1.0.200.202301161003/tools/bin/../lib/gcc/arm-none-eabi/10.3.1/../../../../arm-none-eabi/lib/thumb/v7e-m+fp/hard\libc_nano.a(lib_a-impure.o)
 .data          0x0000000000000000        0x0 c:/st/stm32cubeide_1.12.0/stm32cubeide/plugins/com.st.stm32cube.ide.mcu.externaltools.gnu-tools-for-stm32.10.3-2021.10.win32_1.0.200.202301161003/tools/bin/../lib/gcc/arm-none-eabi/10.3.1/../../../../arm-none-eabi/lib/thumb/v7e-m+fp/hard\libc_nano.a(lib_a-impure.o)
 .bss           0x0000000000000000        0x0 c:/st/stm32cubeide_1.12.0/stm32cubeide/plugins/com.st.stm32cube.ide.mcu.externaltools.gnu-tools-for-stm32.10.3-2021.10.win32_1.0.200.202301161003/tools/bin/../lib/gcc/arm-none-eabi/10.3.1/../../../../arm-none-eabi/lib/thumb/v7e-m+fp/hard\libc_nano.a(lib_a-impure.o)
 .data._impure_ptr
                0x0000000000000000        0x4 c:/st/stm32cubeide_1.12.0/stm32cubeide/plugins/com.st.stm32cube.ide.mcu.externaltools.gnu-tools-for-stm32.10.3-2021.10.win32_1.0.200.202301161003/tools/bin/../lib/gcc/arm-none-eabi/10.3.1/../../../../arm-none-eabi/lib/thumb/v7e-m+fp/hard\libc_nano.a(lib_a-impure.o)
 .data.impure_data
                0x0000000000000000       0x60 c:/st/stm32cubeide_1.12.0/stm32cubeide/plugins/com.st.stm32cube.ide.mcu.externaltools.gnu-tools-for-stm32.10.3-2021.10.win32_1.0.200.202301161003/tools/bin/../lib/gcc/arm-none-eabi/10.3.1/../../../../arm-none-eabi/lib/thumb/v7e-m+fp/hard\libc_nano.a(lib_a-impure.o)
 .rodata._global_impure_ptr
                0x0000000000000000        0x4 c:/st/stm32cubeide_1.12.0/stm32cubeide/plugins/com.st.stm32cube.ide.mcu.externaltools.gnu-tools-for-stm32.10.3-2021.10.win32_1.0.200.202301161003/tools/bin/../lib/gcc/arm-none-eabi/10.3.1/../../../../arm-none-eabi/lib/thumb/v7e-m+fp/hard\libc_nano.a(lib_a-impure.o)
 .ARM.attributes
                0x0000000000000000       0x34 c:/st/stm32cubeide_1.12.0/stm32cubeide/plugins/com.st.stm32cube.ide.mcu.externaltools.gnu-tools-for-stm32.10.3-2021.10.win32_1.0.200.202301161003/tools/bin/../lib/gcc/arm-none-eabi/10.3.1/../../../../arm-none-eabi/lib/thumb/v7e-m+fp/hard\libc_nano.a(lib_a-impure.o)
 .text          0x0000000000000000        0x0 c:/st/stm32cubeide_1.12.0/stm32cubeide/plugins/com.st.stm32cube.ide.mcu.externaltools.gnu-tools-for-stm32.10.3-2021.10.win32_1.0.200.202301161003/tools/bin/../lib/gcc/arm-none-eabi/10.3.1/../../../../arm-none-eabi/lib/thumb/v7e-m+fp/hard\libc_nano.a(lib_a-init.o)
 .data          0x0000000000000000        0x0 c:/st/stm32cubeide_1.12.0/stm32cubeide/plugins/com.st.stm32cube.ide.mcu.externaltools.gnu-tools-for-stm32.10.3-2021.10.win32_1.0.200.202301161003/tools/bin/../lib/gcc/arm-none-eabi/10.3.1/../../../../arm-none-eabi/lib/thumb/v7e-m+fp/hard\libc_nano.a(lib_a-init.o)
 .bss           0x0000000000000000        0x0 c:/st/stm32cubeide_1.12.0/stm32cubeide/plugins/com.st.stm32cube.ide.mcu.externaltools.gnu-tools-for-stm32.10.3-2021.10.win32_1.0.200.202301161003/tools/bin/../lib/gcc/arm-none-eabi/10.3.1/../../../../arm-none-eabi/lib/thumb/v7e-m+fp/hard\libc_nano.a(lib_a-init.o)
 .text          0x0000000000000000        0x0 c:/st/stm32cubeide_1.12.0/stm32cubeide/plugins/com.st.stm32cube.ide.mcu.externaltools.gnu-tools-for-stm32.10.3-2021.10.win32_1.0.200.202301161003/tools/bin/../lib/gcc/arm-none-eabi/10.3.1/../../../../arm-none-eabi/lib/thumb/v7e-m+fp/hard\libc_nano.a(lib_a-memset.o)
 .data          0x0000000000000000        0x0 c:/st/stm32cubeide_1.12.0/stm32cubeide/plugins/com.st.stm32cube.ide.mcu.externaltools.gnu-tools-for-stm32.10.3-2021.10.win32_1.0.200.202301161003/tools/bin/../lib/gcc/arm-none-eabi/10.3.1/../../../../arm-none-eabi/lib/thumb/v7e-m+fp/hard\libc_nano.a(lib_a-memset.o)
 .bss           0x0000000000000000        0x0 c:/st/stm32cubeide_1.12.0/stm32cubeide/plugins/com.st.stm32cube.ide.mcu.externaltools.gnu-tools-for-stm32.10.3-2021.10.win32_1.0.200.202301161003/tools/bin/../lib/gcc/arm-none-eabi/10.3.1/../../../../arm-none-eabi/lib/thumb/v7e-m+fp/hard\libc_nano.a(lib_a-memset.o)
 .text.memset   0x0000000000000000       0x10 c:/st/stm32cubeide_1.12.0/stm32cubeide/plugins/com.st.stm32cube.ide.mcu.externaltools.gnu-tools-for-stm32.10.3-2021.10.win32_1.0.200.202301161003/tools/bin/../lib/gcc/arm-none-eabi/10.3.1/../../../../arm-none-eabi/lib/thumb/v7e-m+fp/hard\libc_nano.a(lib_a-memset.o)
 .debug_frame   0x0000000000000000       0x20 c:/st/stm32cubeide_1.12.0/stm32cubeide/plugins/com.st.stm32cube.ide.mcu.externaltools.gnu-tools-for-stm32.10.3-2021.10.win32_1.0.200.202301161003/tools/bin/../lib/gcc/arm-none-eabi/10.3.1/../../../../arm-none-eabi/lib/thumb/v7e-m+fp/hard\libc_nano.a(lib_a-memset.o)
 .ARM.attributes
                0x0000000000000000       0x34 c:/st/stm32cubeide_1.12.0/stm32cubeide/plugins/com.st.stm32cube.ide.mcu.externaltools.gnu-tools-for-stm32.10.3-2021.10.win32_1.0.200.202301161003/tools/bin/../lib/gcc/arm-none-eabi/10.3.1/../../../../arm-none-eabi/lib/thumb/v7e-m+fp/hard\libc_nano.a(lib_a-memset.o)
 .text          0x0000000000000000        0x0 c:/st/stm32cubeide_1.12.0/stm32cubeide/plugins/com.st.stm32cube.ide.mcu.externaltools.gnu-tools-for-stm32.10.3-2021.10.win32_1.0.200.202301161003/tools/bin/../lib/gcc/arm-none-eabi/10.3.1/thumb/v7e-m+fp/hard/crtend.o
 .data          0x0000000000000000        0x0 c:/st/stm32cubeide_1.12.0/stm32cubeide/plugins/com.st.stm32cube.ide.mcu.externaltools.gnu-tools-for-stm32.10.3-2021.10.win32_1.0.200.202301161003/tools/bin/../lib/gcc/arm-none-eabi/10.3.1/thumb/v7e-m+fp/hard/crtend.o
 .bss           0x0000000000000000        0x0 c:/st/stm32cubeide_1.12.0/stm32cubeide/plugins/com.st.stm32cube.ide.mcu.externaltools.gnu-tools-for-stm32.10.3-2021.10.win32_1.0.200.202301161003/tools/bin/../lib/gcc/arm-none-eabi/10.3.1/thumb/v7e-m+fp/hard/crtend.o
 .rodata        0x0000000000000000       0x24 c:/st/stm32cubeide_1.12.0/stm32cubeide/plugins/com.st.stm32cube.ide.mcu.externaltools.gnu-tools-for-stm32.10.3-2021.10.win32_1.0.200.202301161003/tools/bin/../lib/gcc/arm-none-eabi/10.3.1/thumb/v7e-m+fp/hard/crtend.o
 .eh_frame      0x0000000000000000        0x4 c:/st/stm32cubeide_1.12.0/stm32cubeide/plugins/com.st.stm32cube.ide.mcu.externaltools.gnu-tools-for-stm32.10.3-2021.10.win32_1.0.200.202301161003/tools/bin/../lib/gcc/arm-none-eabi/10.3.1/thumb/v7e-m+fp/hard/crtend.o
 .ARM.attributes
                0x0000000000000000       0x34 c:/st/stm32cubeide_1.12.0/stm32cubeide/plugins/com.st.stm32cube.ide.mcu.externaltools.gnu-tools-for-stm32.10.3-2021.10.win32_1.0.200.202301161003/tools/bin/../lib/gcc/arm-none-eabi/10.3.1/thumb/v7e-m+fp/hard/crtend.o
 .text          0x0000000000000000        0x0 c:/st/stm32cubeide_1.12.0/stm32cubeide/plugins/com.st.stm32cube.ide.mcu.externaltools.gnu-tools-for-stm32.10.3-2021.10.win32_1.0.200.202301161003/tools/bin/../lib/gcc/arm-none-eabi/10.3.1/thumb/v7e-m+fp/hard/crtn.o
 .data          0x0000000000000000        0x0 c:/st/stm32cubeide_1.12.0/stm32cubeide/plugins/com.st.stm32cube.ide.mcu.externaltools.gnu-tools-for-stm32.10.3-2021.10.win32_1.0.200.202301161003/tools/bin/../lib/gcc/arm-none-eabi/10.3.1/thumb/v7e-m+fp/hard/crtn.o
 .bss           0x0000000000000000        0x0 c:/st/stm32cubeide_1.12.0/stm32cubeide/plugins/com.st.stm32cube.ide.mcu.externaltools.gnu-tools-for-stm32.10.3-2021.10.win32_1.0.200.202301161003/tools/bin/../lib/gcc/arm-none-eabi/10.3.1/thumb/v7e-m+fp/hard/crtn.o

Memory Configuration

Name             Origin             Length             Attributes
RAM              0x0000000020000000 0x0000000000020000 xrw
FLASH            0x0000000008000000 0x0000000000080000 xr
*default*        0x0000000000000000 0xffffffffffffffff

Linker script and memory map

LOAD c:/st/stm32cubeide_1.12.0/stm32cubeide/plugins/com.st.stm32cube.ide.mcu.externaltools.gnu-tools-for-stm32.10.3-2021.10.win32_1.0.200.202301161003/tools/bin/../lib/gcc/arm-none-eabi/10.3.1/thumb/v7e-m+fp/hard/crti.o
LOAD c:/st/stm32cubeide_1.12.0/stm32cubeide/plugins/com.st.stm32cube.ide.mcu.externaltools.gnu-tools-for-stm32.10.3-2021.10.win32_1.0.200.202301161003/tools/bin/../lib/gcc/arm-none-eabi/10.3.1/thumb/v7e-m+fp/hard/crtbegin.o
LOAD c:/st/stm32cubeide_1.12.0/stm32cubeide/plugins/com.st.stm32cube.ide.mcu.externaltools.gnu-tools-for-stm32.10.3-2021.10.win32_1.0.200.202301161003/tools/bin/../lib/gcc/arm-none-eabi/10.3.1/../../../../arm-none-eabi/lib/thumb/v7e-m+fp/hard/crt0.o
LOAD ./Src/GPIO_prg.o
LOAD ./Src/RCC_prg.o
LOAD ./Src/SysTick_prg.o
LOAD ./Src/main.o
LOAD ./Src/syscalls.o
LOAD ./Src/sysmem.o
LOAD ./Startup/startup_stm32f446retx.o
START GROUP
LOAD c:/st/stm32cubeide_1.12.0/stm32cubeide/plugins/com.st.stm32cube.ide.mcu.externaltools.gnu-tools-for-stm32.10.3-2021.10.win32_1.0.200.202301161003/tools/bin/../lib/gcc/arm-none-eabi/10.3.1/../../../../arm-none-eabi/lib/thumb/v7e-m+fp/hard\libc_nano.a
LOAD c:/st/stm32cubeide_1.12.0/stm32cubeide/plugins/com.st.stm32cube.ide.mcu.externaltools.gnu-tools-for-stm32.10.3-2021.10.win32_1.0.200.202301161003/tools/bin/../lib/gcc/arm-none-eabi/10.3.1/../../../../arm-none-eabi/lib/thumb/v7e-m+fp/hard\libm.a
END GROUP
START GROUP
LOAD c:/st/stm32cubeide_1.12.0/stm32cubeide/plugins/com.st.stm32cube.ide.mcu.externaltools.gnu-tools-for-stm32.10.3-2021.10.win32_1.0.200.202301161003/tools/bin/../lib/gcc/arm-none-eabi/10.3.1/thumb/v7e-m+fp/hard\libgcc.a
LOAD c:/st/stm32cubeide_1.12.0/stm32cubeide/plugins/com.st.stm32cube.ide.mcu.externaltools.gnu-tools-for-stm32.10.3-2021.10.win32_1.0.200.202301161003/tools/bin/../lib/gcc/arm-none-eabi/10.3.1/../../../../arm-none-eabi/lib/thumb/v7e-m+fp/hard\libc_nano.a
END GROUP
START GROUP
LOAD c:/st/stm32cubeide_1.12.0/stm32cubeide/plugins/com.st.stm32cube.ide.mcu.externaltools.gnu-tools-for-stm32.10.3-2021.10.win32_1.0.200.202301161003/tools/bin/../lib/gcc/arm-none-eabi/10.3.1/thumb/v7e-m+fp/hard\libgcc.a
LOAD c:/st/stm32cubeide_1.12.0/stm32cubeide/plugins/com.st.stm32cube.ide.mcu.externaltools.gnu-tools-for-stm32.10.3-2021.10.win32_1.0.200.202301161003/tools/bin/../lib/gcc/arm-none-eabi/10.3.1/../../../../arm-none-eabi/lib/thumb/v7e-m+fp/hard\libc_nano.a
LOAD c:/st/stm32cubeide_1.12.0/stm32cubeide/plugins/com.st.stm32cube.ide.mcu.externaltools.gnu-tools-for-stm32.10.3-2021.10.win32_1.0.200.202301161003/tools/bin/../lib/gcc/arm-none-eabi/10.3.1/../../../../arm-none-eabi/lib/thumb/v7e-m+fp/hard\libnosys.a
END GROUP
START GROUP
LOAD c:/st/stm32cubeide_1.12.0/stm32cubeide/plugins/com.st.stm32cube.ide.mcu.externaltools.gnu-tools-for-stm32.10.3-2021.10.win32_1.0.200.202301161003/tools/bin/../lib/gcc/arm-none-eabi/10.3.1/thumb/v7e-m+fp/hard\libgcc.a
LOAD c:/st/stm32cubeide_1.12.0/stm32cubeide/plugins/com.st.stm32cube.ide.mcu.externaltools.gnu-tools-for-stm32.10.3-2021.10.win32_1.0.200.202301161003/tools/bin/../lib/gcc/arm-none-eabi/10.3.1/../../../../arm-none-eabi/lib/thumb/v7e-m+fp/hard\libc_nano.a
LOAD c:/st/stm32cubeide_1.12.0/stm32cubeide/plugins/com.st.stm32cube.ide.mcu.externaltools.gnu-tools-for-stm32.10.3-2021.10.win32_1.0.200.202301161003/tools/bin/../lib/gcc/arm-none-eabi/10.3.1/../../../../arm-none-eabi/lib/thumb/v7e-m+fp/hard\libnosys.a
END GROUP
LOAD c:/st/stm32cubeide_1.12.0/stm32cubeide/plugins/com.st.stm32cube.ide.mcu.externaltools.gnu-tools-for-stm32.10.3-2021.10.win32_1.0.200.202301161003/tools/bin/../lib/gcc/arm-none-eabi/10.3.1/thumb/v7e-m+fp/hard/crtend.o
LOAD c:/st/stm32cubeide_1.12.0/stm32cubeide/plugins/com.st.stm32cube.ide.mcu.externaltools.gnu-tools-for-stm32.10.3-2021.10.win32_1.0.200.202301161003/tools/bin/../lib/gcc/arm-none-eabi/10.3.1/thumb/v7e-m+fp/hard/crtn.o
                0x0000000020020000                _estack = (ORIGIN (RAM) + LENGTH (RAM))
                0x0000000000000200                _Min_Heap_Size = 0x200
                0x0000000000000400                _Min_Stack_Size = 0x400

.isr_vector     0x0000000008000000      0x1c4
                0x0000000008000000                . = ALIGN (0x4)
 *(.isr_vector)
 .isr_vector    0x0000000008000000      0x1c4 ./Startup/startup_stm32f446retx.o
                0x0000000008000000                g_pfnVectors
                0x00000000080001c4                . = ALIGN (0x4)

.text           0x00000000080001c4      0x510
                0x00000000080001c4                . = ALIGN (0x4)
 *(.text)
 .text          0x00000000080001c4       0x40 c:/st/stm32cubeide_1.12.0/stm32cubeide/plugins/com.st.stm32cube.ide.mcu.externaltools.gnu-tools-for-stm32.10.3-2021.10.win32_1.0.200.202301161003/tools/bin/../lib/gcc/arm-none-eabi/10.3.1/thumb/v7e-m+fp/hard/crtbegin.o
 *(.text*)
 .text.GPIO_u8PinInit
                0x0000000008000204      0x25c ./Src/GPIO_prg.o
                0x0000000008000204                GPIO_u8PinInit
 .text.GPIO_vSetOutputPinValue
                0x0000000008000460       0x90 ./Src/GPIO_prg.o
                0x0000000008000460                GPIO_vSetOutputPinValue
 .text.RCC_AHB1EnableCLK
                0x00000000080004f0       0x30 ./Src/RCC_prg.o
                0x00000000080004f0                RCC_AHB1EnableCLK
 .text.SysTick_Handler
                0x0000000008000520       0x38 ./Src/SysTick_prg.o
                0x0000000008000520                SysTick_Handler
 .text.STK_vInit
                0x0000000008000558       0x2c ./Src/SysTick_prg.o
                0x0000000008000558                STK_vInit
 .text.STK_vSetBusyWait
                0x0000000008000584       0x4c ./Src/SysTick_prg.o
                0x0000000008000584                STK_vSetBusyWait
 .text.main     0x00000000080005d0       0x50 ./Src/main.o
                0x00000000080005d0                main
 .text.Reset_Handler
                0x0000000008000620       0x50 ./Startup/startup_stm32f446retx.o
                0x0000000008000620                Reset_Handler
 .text.Default_Handler
                0x0000000008000670        0x2 ./Startup/startup_stm32f446retx.o
                0x0000000008000670                RTC_Alarm_IRQHandler
                0x0000000008000670                EXTI2_IRQHandler
                0x0000000008000670                TIM8_CC_IRQHandler
                0x0000000008000670                SPDIF_Rx_IRQHandler
                0x0000000008000670                DebugMon_Handler
                0x0000000008000670                SPI4_IRQHandler
                0x0000000008000670                TIM1_CC_IRQHandler
                0x0000000008000670                QuadSPI_IRQHandler
                0x0000000008000670                DMA2_Stream5_IRQHandler
                0x0000000008000670                HardFault_Handler
                0x0000000008000670                DMA1_Stream5_IRQHandler
                0x0000000008000670                PVD_IRQHandler
                0x0000000008000670                SDIO_IRQHandler
                0x0000000008000670                TAMP_STAMP_IRQHandler
                0x0000000008000670                PendSV_Handler
                0x0000000008000670                NMI_Handler
                0x0000000008000670                CAN2_RX1_IRQHandler
                0x0000000008000670                EXTI3_IRQHandler
                0x0000000008000670                TIM8_TRG_COM_TIM14_IRQHandler
                0x0000000008000670                TIM1_UP_TIM10_IRQHandler
                0x0000000008000670                FMPI2C1_error_IRQHandler
                0x0000000008000670                TIM8_UP_TIM13_IRQHandler
                0x0000000008000670                I2C3_ER_IRQHandler
                0x0000000008000670                EXTI0_IRQHandler
                0x0000000008000670                I2C2_EV_IRQHandler
                0x0000000008000670                DMA1_Stream2_IRQHandler
                0x0000000008000670                CAN1_RX0_IRQHandler
                0x0000000008000670                OTG_HS_WKUP_IRQHandler
                0x0000000008000670                UsageFault_Handler
                0x0000000008000670                CAN2_SCE_IRQHandler
                0x0000000008000670                DMA2_Stream2_IRQHandler
                0x0000000008000670                SPI1_IRQHandler
                0x0000000008000670                TIM6_DAC_IRQHandler
                0x0000000008000670                TIM1_BRK_TIM9_IRQHandler
                0x0000000008000670                DCMI_IRQHandler
                0x0000000008000670                CAN2_RX0_IRQHandler
                0x0000000008000670                DMA2_Stream3_IRQHandler
                0x0000000008000670                FMPI2C1_IRQHandler
                0x0000000008000670                SAI2_IRQHandler
                0x0000000008000670                USART6_IRQHandler
                0x0000000008000670                USART3_IRQHandler
                0x0000000008000670                CAN1_RX1_IRQHandler
                0x0000000008000670                UART5_IRQHandler
                0x0000000008000670                DMA2_Stream0_IRQHandler
                0x0000000008000670                TIM4_IRQHandler
                0x0000000008000670                I2C1_EV_IRQHandler
                0x0000000008000670                HDMI_CEC_IRQHandler
                0x0000000008000670                DMA1_Stream6_IRQHandler
                0x0000000008000670                DMA1_Stream1_IRQHandler
                0x0000000008000670                UART4_IRQHandler
                0x0000000008000670                TIM3_IRQHandler
                0x0000000008000670                RCC_IRQHandler
                0x0000000008000670                TIM8_BRK_TIM12_IRQHandler
                0x0000000008000670                Default_Handler
                0x0000000008000670                EXTI15_10_IRQHandler
                0x0000000008000670                ADC_IRQHandler
                0x0000000008000670                DMA1_Stream7_IRQHandler
                0x0000000008000670                TIM7_IRQHandler
                0x0000000008000670                CAN2_TX_IRQHandler
                0x0000000008000670                TIM5_IRQHandler
                0x0000000008000670                DMA2_Stream7_IRQHandler
                0x0000000008000670                I2C3_EV_IRQHandler
                0x0000000008000670                EXTI9_5_IRQHandler
                0x0000000008000670                RTC_WKUP_IRQHandler
                0x0000000008000670                SPI2_IRQHandler
                0x0000000008000670                OTG_HS_EP1_IN_IRQHandler
                0x0000000008000670                MemManage_Handler
                0x0000000008000670                DMA1_Stream0_IRQHandler
                0x0000000008000670                CAN1_TX_IRQHandler
                0x0000000008000670                SVC_Handler
                0x0000000008000670                EXTI4_IRQHandler
                0x0000000008000670                OTG_HS_EP1_OUT_IRQHandler
                0x0000000008000670                WWDG_IRQHandler
                0x0000000008000670                TIM2_IRQHandler
                0x0000000008000670                OTG_FS_WKUP_IRQHandler
                0x0000000008000670                TIM1_TRG_COM_TIM11_IRQHandler
                0x0000000008000670                OTG_HS_IRQHandler
                0x0000000008000670                EXTI1_IRQHandler
                0x0000000008000670                USART2_IRQHandler
                0x0000000008000670                I2C2_ER_IRQHandler
                0x0000000008000670                DMA2_Stream1_IRQHandler
                0x0000000008000670                CAN1_SCE_IRQHandler
                0x0000000008000670                FLASH_IRQHandler
                0x0000000008000670                DMA2_Stream4_IRQHandler
                0x0000000008000670                BusFault_Handler
                0x0000000008000670                USART1_IRQHandler
                0x0000000008000670                OTG_FS_IRQHandler
                0x0000000008000670                SPI3_IRQHandler
                0x0000000008000670                DMA1_Stream4_IRQHandler
                0x0000000008000670                I2C1_ER_IRQHandler
                0x0000000008000670                FMC_IRQHandler
                0x0000000008000670                DMA2_Stream6_IRQHandler
                0x0000000008000670                SAI1_IRQHandler
                0x0000000008000670                DMA1_Stream3_IRQHandler
 *fill*         0x0000000008000672        0x2 
 .text.__libc_init_array
                0x0000000008000674       0x48 c:/st/stm32cubeide_1.12.0/stm32cubeide/plugins/com.st.stm32cube.ide.mcu.externaltools.gnu-tools-for-stm32.10.3-2021.10.win32_1.0.200.202301161003/tools/bin/../lib/gcc/arm-none-eabi/10.3.1/../../../../arm-none-eabi/lib/thumb/v7e-m+fp/hard\libc_nano.a(lib_a-init.o)
                0x0000000008000674                __libc_init_array
 *(.glue_7)
 .glue_7        0x00000000080006bc        0x0 linker stubs
 *(.glue_7t)
 .glue_7t       0x00000000080006bc        0x0 linker stubs
 *(.eh_frame)
 .eh_frame      0x00000000080006bc        0x0 c:/st/stm32cubeide_1.12.0/stm32cubeide/plugins/com.st.stm32cube.ide.mcu.externaltools.gnu-tools-for-stm32.10.3-2021.10.win32_1.0.200.202301161003/tools/bin/../lib/gcc/arm-none-eabi/10.3.1/thumb/v7e-m+fp/hard/crtbegin.o
 *(.init)
 .init          0x00000000080006bc        0x4 c:/st/stm32cubeide_1.12.0/stm32cubeide/plugins/com.st.stm32cube.ide.mcu.externaltools.gnu-tools-for-stm32.10.3-2021.10.win32_1.0.200.202301161003/tools/bin/../lib/gcc/arm-none-eabi/10.3.1/thumb/v7e-m+fp/hard/crti.o
                0x00000000080006bc                _init
 .init          0x00000000080006c0        0x8 c:/st/stm32cubeide_1.12.0/stm32cubeide/plugins/com.st.stm32cube.ide.mcu.externaltools.gnu-tools-for-stm32.10.3-2021.10.win32_1.0.200.202301161003/tools/bin/../lib/gcc/arm-none-eabi/10.3.1/thumb/v7e-m+fp/hard/crtn.o
 *(.fini)
 .fini          0x00000000080006c8        0x4 c:/st/stm32cubeide_1.12.0/stm32cubeide/plugins/com.st.stm32cube.ide.mcu.externaltools.gnu-tools-for-stm32.10.3-2021.10.win32_1.0.200.202301161003/tools/bin/../lib/gcc/arm-none-eabi/10.3.1/thumb/v7e-m+fp/hard/crti.o
                0x00000000080006c8                _fini
 .fini          0x00000000080006cc        0x8 c:/st/stm32cubeide_1.12.0/stm32cubeide/plugins/com.st.stm32cube.ide.mcu.externaltools.gnu-tools-for-stm32.10.3-2021.10.win32_1.0.200.202301161003/tools/bin/../lib/gcc/arm-none-eabi/10.3.1/thumb/v7e-m+fp/hard/crtn.o
                0x00000000080006d4                . = ALIGN (0x4)
                0x00000000080006d4                _etext = .

.vfp11_veneer   0x00000000080006d4        0x0
 .vfp11_veneer  0x00000000080006d4        0x0 linker stubs

.v4_bx          0x00000000080006d4        0x0
 .v4_bx         0x00000000080006d4        0x0 linker stubs

.iplt           0x00000000080006d4        0x0
 .iplt          0x00000000080006d4        0x0 c:/st/stm32cubeide_1.12.0/stm32cubeide/plugins/com.st.stm32cube.ide.mcu.externaltools.gnu-tools-for-stm32.10.3-2021.10.win32_1.0.200.202301161003/tools/bin/../lib/gcc/arm-none-eabi/10.3.1/thumb/v7e-m+fp/hard/crtbegin.o

.rel.dyn        0x00000000080006d4        0x0
 .rel.iplt      0x00000000080006d4        0x0 c:/st/stm32cubeide_1.12.0/stm32cubeide/plugins/com.st.stm32cube.ide.mcu.externaltools.gnu-tools-for-stm32.10.3-2021.10.win32_1.0.200.202301161003/tools/bin/../lib/gcc/arm-none-eabi/10.3.1/thumb/v7e-m+fp/hard/crtbegin.o

.rodata         0x00000000080006d4        0x0
                0x00000000080006d4                . = ALIGN (0x4)
 *(.rodata)
 *(.rodata*)
                0x00000000080006d4                . = ALIGN (0x4)

.ARM.extab      0x00000000080006d4        0x0
                0x00000000080006d4                . = ALIGN (0x4)
 *(.ARM.extab* .gnu.linkonce.armextab.*)
                0x00000000080006d4                . = ALIGN (0x4)

.ARM            0x00000000080006d4        0x0
                0x00000000080006d4                . = ALIGN (0x4)
                0x00000000080006d4                __exidx_start = .
 *(.ARM.exidx*)
                0x00000000080006d4                __exidx_end = .
                0x00000000080006d4                . = ALIGN (0x4)

.preinit_array  0x00000000080006d4        0x0
                0x00000000080006d4                . = ALIGN (0x4)
                0x00000000080006d4                PROVIDE (__preinit_array_start = .)
 *(.preinit_array*)
                0x00000000080006d4                PROVIDE (__preinit_array_end = .)
                0x00000000080006d4                . = ALIGN (0x4)

.init_array     0x00000000080006d4        0x4
                0x00000000080006d4                . = ALIGN (0x4)
                0x00000000080006d4                PROVIDE (__init_array_start = .)
 *(SORT_BY_NAME(.init_array.*))
 *(.init_array*)
 .init_array    0x00000000080006d4        0x4 c:/st/stm32cubeide_1.12.0/stm32cubeide/plugins/com.st.stm32cube.ide.mcu.externaltools.gnu-tools-for-stm32.10.3-2021.10.win32_1.0.200.202301161003/tools/bin/../lib/gcc/arm-none-eabi/10.3.1/thumb/v7e-m+fp/hard/crtbegin.o
                0x00000000080006d8                PROVIDE (__init_array_end = .)
                0x00000000080006d8                . = ALIGN (0x4)

.fini_array     0x00000000080006d8        0x4
                0x00000000080006d8                . = ALIGN (0x4)
                [!provide]                        PROVIDE (__fini_array_start = .)
 *(SORT_BY_NAME(.fini_array.*))
 *(.fini_array*)
 .fini_array    0x00000000080006d8        0x4 c:/st/stm32cubeide_1.12.0/stm32cubeide/plugins/com.st.stm32cube.ide.mcu.externaltools.gnu-tools-for-stm32.10.3-2021.10.win32_1.0.200.202301161003/tools/bin/../lib/gcc/arm-none-eabi/10.3.1/thumb/v7e-m+fp/hard/crtbegin.o
                [!provide]                        PROVIDE (__fini_array_end = .)
                0x00000000080006dc                . = ALIGN (0x4)
                0x00000000080006dc                _sidata = LOADADDR (.data)

.data           0x0000000020000000       0x20 load address 0x00000000080006dc
                0x0000000020000000                . = ALIGN (0x4)
                0x0000000020000000                _sdata = .
 *(.data)
 *(.data*)
 .data.GPIO_PORT
                0x0000000020000000       0x20 ./Src/GPIO_prg.o
 *(.RamFunc)
 *(.RamFunc*)
                0x0000000020000020                . = ALIGN (0x4)
                0x0000000020000020                _edata = .

.igot.plt       0x0000000020000020        0x0 load address 0x00000000080006fc
 .igot.plt      0x0000000020000020        0x0 c:/st/stm32cubeide_1.12.0/stm32cubeide/plugins/com.st.stm32cube.ide.mcu.externaltools.gnu-tools-for-stm32.10.3-2021.10.win32_1.0.200.202301161003/tools/bin/../lib/gcc/arm-none-eabi/10.3.1/thumb/v7e-m+fp/hard/crtbegin.o
                0x0000000020000020                . = ALIGN (0x4)

.bss            0x0000000020000020       0x24 load address 0x00000000080006fc
                0x0000000020000020                _sbss = .
                0x0000000020000020                __bss_start__ = _sbss
 *(.bss)
 .bss           0x0000000020000020       0x1c c:/st/stm32cubeide_1.12.0/stm32cubeide/plugins/com.st.stm32cube.ide.mcu.externaltools.gnu-tools-for-stm32.10.3-2021.10.win32_1.0.200.202301161003/tools/bin/../lib/gcc/arm-none-eabi/10.3.1/thumb/v7e-m+fp/hard/crtbegin.o
 *(.bss*)
 .bss.Global_SysTickCallback
                0x000000002000003c        0x4 ./Src/SysTick_prg.o
                0x000000002000003c                Global_SysTickCallback
 .bss.Global_Interval
                0x0000000020000040        0x1 ./Src/SysTick_prg.o
                0x0000000020000040                Global_Interval
 *(COMMON)
                0x0000000020000044                . = ALIGN (0x4)
 *fill*         0x0000000020000041        0x3 
                0x0000000020000044                _ebss = .
                0x0000000020000044                __bss_end__ = _ebss

._user_heap_stack
                0x0000000020000044      0x604 load address 0x00000000080006fc
                0x0000000020000048                . = ALIGN (0x8)
 *fill*         0x0000000020000044        0x4 
                [!provide]                        PROVIDE (end = .)
                0x0000000020000048                PROVIDE (_end = .)
                0x0000000020000248                . = (. + _Min_Heap_Size)
 *fill*         0x0000000020000048      0x200 
                0x0000000020000648                . = (. + _Min_Stack_Size)
 *fill*         0x0000000020000248      0x400 
                0x0000000020000648                . = ALIGN (0x8)

/DISCARD/
 libc.a(*)
 libm.a(*)
 libgcc.a(*)

.ARM.attributes
                0x0000000000000000       0x30
 *(.ARM.attributes)
 .ARM.attributes
                0x0000000000000000       0x1e c:/st/stm32cubeide_1.12.0/stm32cubeide/plugins/com.st.stm32cube.ide.mcu.externaltools.gnu-tools-for-stm32.10.3-2021.10.win32_1.0.200.202301161003/tools/bin/../lib/gcc/arm-none-eabi/10.3.1/thumb/v7e-m+fp/hard/crti.o
 .ARM.attributes
                0x000000000000001e       0x34 c:/st/stm32cubeide_1.12.0/stm32cubeide/plugins/com.st.stm32cube.ide.mcu.externaltools.gnu-tools-for-stm32.10.3-2021.10.win32_1.0.200.202301161003/tools/bin/../lib/gcc/arm-none-eabi/10.3.1/thumb/v7e-m+fp/hard/crtbegin.o
 .ARM.attributes
                0x0000000000000052       0x34 ./Src/GPIO_prg.o
 .ARM.attributes
                0x0000000000000086       0x34 ./Src/RCC_prg.o
 .ARM.attributes
                0x00000000000000ba       0x34 ./Src/SysTick_prg.o
 .ARM.attributes
                0x00000000000000ee       0x34 ./Src/main.o
 .ARM.attributes
                0x0000000000000122       0x21 ./Startup/startup_stm32f446retx.o
 .ARM.attributes
                0x0000000000000143       0x34 c:/st/stm32cubeide_1.12.0/stm32cubeide/plugins/com.st.stm32cube.ide.mcu.externaltools.gnu-tools-for-stm32.10.3-2021.10.win32_1.0.200.202301161003/tools/bin/../lib/gcc/arm-none-eabi/10.3.1/../../../../arm-none-eabi/lib/thumb/v7e-m+fp/hard\libc_nano.a(lib_a-init.o)
 .ARM.attributes
                0x0000000000000177       0x1e c:/st/stm32cubeide_1.12.0/stm32cubeide/plugins/com.st.stm32cube.ide.mcu.externaltools.gnu-tools-for-stm32.10.3-2021.10.win32_1.0.200.202301161003/tools/bin/../lib/gcc/arm-none-eabi/10.3.1/thumb/v7e-m+fp/hard/crtn.o
OUTPUT(A-GPIO.elf elf32-littlearm)
LOAD linker stubs
LOAD c:/st/stm32cubeide_1.12.0/stm32cubeide/plugins/com.st.stm32cube.ide.mcu.externaltools.gnu-tools-for-stm32.10.3-2021.10.win32_1.0.200.202301161003/tools/bin/../lib/gcc/arm-none-eabi/10.3.1/../../../../arm-none-eabi/lib/thumb/v7e-m+fp/hard\libc.a
LOAD c:/st/stm32cubeide_1.12.0/stm32cubeide/plugins/com.st.stm32cube.ide.mcu.externaltools.gnu-tools-for-stm32.10.3-2021.10.win32_1.0.200.202301161003/tools/bin/../lib/gcc/arm-none-eabi/10.3.1/../../../../arm-none-eabi/lib/thumb/v7e-m+fp/hard\libm.a
LOAD c:/st/stm32cubeide_1.12.0/stm32cubeide/plugins/com.st.stm32cube.ide.mcu.externaltools.gnu-tools-for-stm32.10.3-2021.10.win32_1.0.200.202301161003/tools/bin/../lib/gcc/arm-none-eabi/10.3.1/thumb/v7e-m+fp/hard\libgcc.a

.debug_info     0x0000000000000000     0x14e6
 .debug_info    0x0000000000000000      0x5bd ./Src/GPIO_prg.o
 .debug_info    0x00000000000005bd      0x4a3 ./Src/RCC_prg.o
 .debug_info    0x0000000000000a60      0x274 ./Src/SysTick_prg.o
 .debug_info    0x0000000000000cd4      0x7f0 ./Src/main.o
 .debug_info    0x00000000000014c4       0x22 ./Startup/startup_stm32f446retx.o

.debug_abbrev   0x0000000000000000      0x441
 .debug_abbrev  0x0000000000000000      0x104 ./Src/GPIO_prg.o
 .debug_abbrev  0x0000000000000104       0xe9 ./Src/RCC_prg.o
 .debug_abbrev  0x00000000000001ed      0x11b ./Src/SysTick_prg.o
 .debug_abbrev  0x0000000000000308      0x127 ./Src/main.o
 .debug_abbrev  0x000000000000042f       0x12 ./Startup/startup_stm32f446retx.o

.debug_aranges  0x0000000000000000      0x128
 .debug_aranges
                0x0000000000000000       0x38 ./Src/GPIO_prg.o
 .debug_aranges
                0x0000000000000038       0x48 ./Src/RCC_prg.o
 .debug_aranges
                0x0000000000000080       0x60 ./Src/SysTick_prg.o
 .debug_aranges
                0x00000000000000e0       0x20 ./Src/main.o
 .debug_aranges
                0x0000000000000100       0x28 ./Startup/startup_stm32f446retx.o

.debug_ranges   0x0000000000000000       0xe0
 .debug_ranges  0x0000000000000000       0x28 ./Src/GPIO_prg.o
 .debug_ranges  0x0000000000000028       0x38 ./Src/RCC_prg.o
 .debug_ranges  0x0000000000000060       0x50 ./Src/SysTick_prg.o
 .debug_ranges  0x00000000000000b0       0x10 ./Src/main.o
 .debug_ranges  0x00000000000000c0       0x20 ./Startup/startup_stm32f446retx.o

.debug_macro    0x0000000000000000     0x20ff
 .debug_macro   0x0000000000000000      0x1f5 ./Src/GPIO_prg.o
 .debug_macro   0x00000000000001f5      0xa84 ./Src/GPIO_prg.o
 .debug_macro   0x0000000000000c79       0x22 ./Src/GPIO_prg.o
 .debug_macro   0x0000000000000c9b       0x8e ./Src/GPIO_prg.o
 .debug_macro   0x0000000000000d29       0x51 ./Src/GPIO_prg.o
 .debug_macro   0x0000000000000d7a      0x103 ./Src/GPIO_prg.o
 .debug_macro   0x0000000000000e7d       0x6a ./Src/GPIO_prg.o
 .debug_macro   0x0000000000000ee7      0x1df ./Src/GPIO_prg.o
 .debug_macro   0x00000000000010c6       0x94 ./Src/GPIO_prg.o
 .debug_macro   0x000000000000115a       0x1c ./Src/GPIO_prg.o
 .debug_macro   0x0000000000001176       0x22 ./Src/GPIO_prg.o
 .debug_macro   0x0000000000001198       0x52 ./Src/GPIO_prg.o
 .debug_macro   0x00000000000011ea       0x1e ./Src/GPIO_prg.o
 .debug_macro   0x0000000000001208       0x3c ./Src/GPIO_prg.o
 .debug_macro   0x0000000000001244       0x34 ./Src/GPIO_prg.o
 .debug_macro   0x0000000000001278       0x16 ./Src/GPIO_prg.o
 .debug_macro   0x000000000000128e       0x97 ./Src/GPIO_prg.o
 .debug_macro   0x0000000000001325      0x341 ./Src/GPIO_prg.o
 .debug_macro   0x0000000000001666       0xfd ./Src/GPIO_prg.o
 .debug_macro   0x0000000000001763       0x10 ./Src/GPIO_prg.o
 .debug_macro   0x0000000000001773       0x16 ./Src/GPIO_prg.o
 .debug_macro   0x0000000000001789       0x43 ./Src/GPIO_prg.o
 .debug_macro   0x00000000000017cc       0x34 ./Src/GPIO_prg.o
 .debug_macro   0x0000000000001800       0x10 ./Src/GPIO_prg.o
 .debug_macro   0x0000000000001810       0x58 ./Src/GPIO_prg.o
 .debug_macro   0x0000000000001868       0x71 ./Src/GPIO_prg.o
 .debug_macro   0x00000000000018d9       0x1c ./Src/GPIO_prg.o
 .debug_macro   0x00000000000018f5      0x12a ./Src/GPIO_prg.o
 .debug_macro   0x0000000000001a1f       0x10 ./Src/GPIO_prg.o
 .debug_macro   0x0000000000001a2f       0x1c ./Src/GPIO_prg.o
 .debug_macro   0x0000000000001a4b       0x52 ./Src/GPIO_prg.o
 .debug_macro   0x0000000000001a9d       0x22 ./Src/GPIO_prg.o
 .debug_macro   0x0000000000001abf       0x10 ./Src/GPIO_prg.o
 .debug_macro   0x0000000000001acf       0x52 ./Src/GPIO_prg.o
 .debug_macro   0x0000000000001b21       0xd5 ./Src/GPIO_prg.o
 .debug_macro   0x0000000000001bf6       0x1c ./Src/GPIO_prg.o
 .debug_macro   0x0000000000001c12       0x3d ./Src/GPIO_prg.o
 .debug_macro   0x0000000000001c4f       0x16 ./Src/GPIO_prg.o
 .debug_macro   0x0000000000001c65      0x145 ./Src/GPIO_prg.o
 .debug_macro   0x0000000000001daa       0x4c ./Src/GPIO_prg.o
 .debug_macro   0x0000000000001df6      0x1ec ./Src/RCC_prg.o
 .debug_macro   0x0000000000001fe2       0x89 ./Src/SysTick_prg.o
 .debug_macro   0x000000000000206b       0x94 ./Src/main.o

.debug_line     0x0000000000000000     0x1777
 .debug_line    0x0000000000000000      0x7eb ./Src/GPIO_prg.o
 .debug_line    0x00000000000007eb      0x61e ./Src/RCC_prg.o
 .debug_line    0x0000000000000e09      0x4f3 ./Src/SysTick_prg.o
 .debug_line    0x00000000000012fc      0x3f7 ./Src/main.o
 .debug_line    0x00000000000016f3       0x84 ./Startup/startup_stm32f446retx.o

.debug_str      0x0000000000000000     0x8b28
 .debug_str     0x0000000000000000     0x82f8 ./Src/GPIO_prg.o
                                       0x84f2 (size before relaxing)
 .debug_str     0x00000000000082f8      0x581 ./Src/RCC_prg.o
                                       0x8654 (size before relaxing)
 .debug_str     0x0000000000008879      0x1bb ./Src/SysTick_prg.o
                                       0x41bb (size before relaxing)
 .debug_str     0x0000000000008a34       0xc3 ./Src/main.o
                                       0x4808 (size before relaxing)
 .debug_str     0x0000000000008af7       0x31 ./Startup/startup_stm32f446retx.o
                                         0x64 (size before relaxing)

.comment        0x0000000000000000       0x50
 .comment       0x0000000000000000       0x50 ./Src/GPIO_prg.o
                                         0x51 (size before relaxing)
 .comment       0x0000000000000050       0x51 ./Src/RCC_prg.o
 .comment       0x0000000000000050       0x51 ./Src/SysTick_prg.o
 .comment       0x0000000000000050       0x51 ./Src/main.o

.debug_frame    0x0000000000000000      0x358
 .debug_frame   0x0000000000000000       0xb0 ./Src/GPIO_prg.o
 .debug_frame   0x00000000000000b0      0x100 ./Src/RCC_prg.o
 .debug_frame   0x00000000000001b0      0x14c ./Src/SysTick_prg.o
 .debug_frame   0x00000000000002fc       0x30 ./Src/main.o
 .debug_frame   0x000000000000032c       0x2c c:/st/stm32cubeide_1.12.0/stm32cubeide/plugins/com.st.stm32cube.ide.mcu.externaltools.gnu-tools-for-stm32.10.3-2021.10.win32_1.0.200.202301161003/tools/bin/../lib/gcc/arm-none-eabi/10.3.1/../../../../arm-none-eabi/lib/thumb/v7e-m+fp/hard\libc_nano.a(lib_a-init.o)
