../Src/MCAL/SysTick_prg.c:7:6:SysTick_Handler	8	static
../Src/MCAL/SysTick_prg.c:20:6:STK_vInit	4	static
../Src/MCAL/SysTick_prg.c:31:6:STK_vStartTimer	16	static
../Src/MCAL/SysTick_prg.c:40:6:STK_vStopTimer	4	static
../Src/MCAL/SysTick_prg.c:50:6:STK_vSetBusyWait	16	static
../Src/MCAL/SysTick_prg.c:64:6:STK_vSetIntervalSingle	16	static
../Src/MCAL/SysTick_prg.c:78:6:STK_vSetIntervalPeriodic	16	static
../Src/MCAL/SysTick_prg.c:95:10:STK_vGetElapsedTime	4	static
../Src/MCAL/SysTick_prg.c:99:10:STK_vGetRemainingTime	4	static
../Src/MCAL/SysTick_prg.c:103:6:STK_Delay_ms	16	static
../Src/MCAL/SysTick_prg.c:108:6:STK_Delay_s	16	static
