../Src/Services/APP_Services.c:49:6:APP_Services_Init	8	static
../Src/Services/APP_Services.c:93:6:togglell	8	static
../Src/Services/APP_Services.c:100:6:APP_Services_Ping_SPI_Asynch	8	static
../Src/Services/APP_Services.c:115:6:APP_Services_Set_GREEN_LED	8	static
../Src/Services/APP_Services.c:120:6:APP_Services_Clear_GREEN_LED	8	static
../Src/Services/APP_Services.c:126:6:APP_Services_Set_RED_LED	8	static
../Src/Services/APP_Services.c:131:6:APP_Services_Clear_RED_LED	8	static
../Src/Services/APP_Services.c:137:6:APP_Services_Turn_on_Buzzer	8	static
../Src/Services/APP_Services.c:143:6:APP_Services_Turn_off_Buzzer	8	static
../Src/Services/APP_Services.c:149:6:APP_Services_Periodic_Receive_Frame_Check	8	static
../Src/Services/APP_Services.c:159:6:APP_Services_Display_Time_Date	8	static
../Src/Services/APP_Services.c:182:6:APP_Services_Display_Time_Date_BluePill_Time	8	static
../Src/Services/APP_Services.c:202:6:APP_Services_Display_Alarm_Number	8	static
../Src/Services/APP_Services.c:212:6:APP_Services_Periodic_increase_Time	8	static
../Src/Services/APP_Services.c:233:6:APP_Services_Decode_Frame	16	static
../Src/Services/APP_Services.c:272:6:sedas	8	static
